Archive member included to satisfy reference by file (symbol)

/home/pp/altera/15.0/nios2eds/bin/gnu/H-x86_64-pc-linux-gnu/bin/../lib/gcc/nios2-elf/4.9.1/mno-hw-mul/libgcc.a(lib2-divmod.o)
                              obj/default/main.o (__udivsi3)
/home/pp/altera/15.0/nios2eds/bin/gnu/H-x86_64-pc-linux-gnu/bin/../lib/gcc/nios2-elf/4.9.1/../../../../../H-x86_64-pc-linux-gnu/nios2-elf/lib/mno-hw-mul/libsmallc.a(lib_a-memset.o)
                              obj/default/main.o (memset)
/home/pp/altera/15.0/nios2eds/bin/gnu/H-x86_64-pc-linux-gnu/bin/../lib/gcc/nios2-elf/4.9.1/../../../../../H-x86_64-pc-linux-gnu/nios2-elf/lib/mno-hw-mul/libsmallc.a(lib_a-printf.o)
                              obj/default/main.o (printf)
/home/pp/altera/15.0/nios2eds/bin/gnu/H-x86_64-pc-linux-gnu/bin/../lib/gcc/nios2-elf/4.9.1/../../../../../H-x86_64-pc-linux-gnu/nios2-elf/lib/mno-hw-mul/libsmallc.a(lib_a-putchar.o)
                              obj/default/main.o (putchar)
/home/pp/altera/15.0/nios2eds/bin/gnu/H-x86_64-pc-linux-gnu/bin/../lib/gcc/nios2-elf/4.9.1/../../../../../H-x86_64-pc-linux-gnu/nios2-elf/lib/mno-hw-mul/libsmallc.a(lib_a-rand.o)
                              obj/default/main.o (rand)
/home/pp/altera/15.0/nios2eds/bin/gnu/H-x86_64-pc-linux-gnu/bin/../lib/gcc/nios2-elf/4.9.1/../../../../../H-x86_64-pc-linux-gnu/nios2-elf/lib/mno-hw-mul/libsmallc.a(lib_a-vfprintf.o)
                              /home/pp/altera/15.0/nios2eds/bin/gnu/H-x86_64-pc-linux-gnu/bin/../lib/gcc/nios2-elf/4.9.1/../../../../../H-x86_64-pc-linux-gnu/nios2-elf/lib/mno-hw-mul/libsmallc.a(lib_a-printf.o) (___vfprintf_internal_r)
/home/pp/altera/15.0/nios2eds/bin/gnu/H-x86_64-pc-linux-gnu/bin/../lib/gcc/nios2-elf/4.9.1/../../../../../H-x86_64-pc-linux-gnu/nios2-elf/lib/mno-hw-mul/libsmallc.a(lib_a-fvwrite_small_dev.o)
                              /home/pp/altera/15.0/nios2eds/bin/gnu/H-x86_64-pc-linux-gnu/bin/../lib/gcc/nios2-elf/4.9.1/../../../../../H-x86_64-pc-linux-gnu/nios2-elf/lib/mno-hw-mul/libsmallc.a(lib_a-printf.o) (__sfvwrite_small_dev)
/home/pp/altera/15.0/nios2eds/bin/gnu/H-x86_64-pc-linux-gnu/bin/../lib/gcc/nios2-elf/4.9.1/../../../../../H-x86_64-pc-linux-gnu/nios2-elf/lib/mno-hw-mul/libsmallc.a(lib_a-impure.o)
                              /home/pp/altera/15.0/nios2eds/bin/gnu/H-x86_64-pc-linux-gnu/bin/../lib/gcc/nios2-elf/4.9.1/../../../../../H-x86_64-pc-linux-gnu/nios2-elf/lib/mno-hw-mul/libsmallc.a(lib_a-printf.o) (_impure_ptr)
/home/pp/altera/15.0/nios2eds/bin/gnu/H-x86_64-pc-linux-gnu/bin/../lib/gcc/nios2-elf/4.9.1/../../../../../H-x86_64-pc-linux-gnu/nios2-elf/lib/mno-hw-mul/libsmallc.a(lib_a-putc.o)
                              /home/pp/altera/15.0/nios2eds/bin/gnu/H-x86_64-pc-linux-gnu/bin/../lib/gcc/nios2-elf/4.9.1/../../../../../H-x86_64-pc-linux-gnu/nios2-elf/lib/mno-hw-mul/libsmallc.a(lib_a-putchar.o) (_putc_r)
/home/pp/altera/15.0/nios2eds/bin/gnu/H-x86_64-pc-linux-gnu/bin/../lib/gcc/nios2-elf/4.9.1/../../../../../H-x86_64-pc-linux-gnu/nios2-elf/lib/mno-hw-mul/libsmallc.a(lib_a-strlen.o)
                              /home/pp/altera/15.0/nios2eds/bin/gnu/H-x86_64-pc-linux-gnu/bin/../lib/gcc/nios2-elf/4.9.1/../../../../../H-x86_64-pc-linux-gnu/nios2-elf/lib/mno-hw-mul/libsmallc.a(lib_a-vfprintf.o) (strlen)
/home/pp/altera/15.0/nios2eds/bin/gnu/H-x86_64-pc-linux-gnu/bin/../lib/gcc/nios2-elf/4.9.1/../../../../../H-x86_64-pc-linux-gnu/nios2-elf/lib/mno-hw-mul/libsmallc.a(lib_a-writer.o)
                              /home/pp/altera/15.0/nios2eds/bin/gnu/H-x86_64-pc-linux-gnu/bin/../lib/gcc/nios2-elf/4.9.1/../../../../../H-x86_64-pc-linux-gnu/nios2-elf/lib/mno-hw-mul/libsmallc.a(lib_a-fvwrite_small_dev.o) (_write_r)
/home/pp/altera/15.0/nios2eds/bin/gnu/H-x86_64-pc-linux-gnu/bin/../lib/gcc/nios2-elf/4.9.1/../../../../../H-x86_64-pc-linux-gnu/nios2-elf/lib/mno-hw-mul/libsmallc.a(lib_a-int_errno.o)
                              /home/pp/altera/15.0/nios2eds/bin/gnu/H-x86_64-pc-linux-gnu/bin/../lib/gcc/nios2-elf/4.9.1/../../../../../H-x86_64-pc-linux-gnu/nios2-elf/lib/mno-hw-mul/libsmallc.a(lib_a-writer.o) (errno)
/home/pp/altera/15.0/nios2eds/bin/gnu/H-x86_64-pc-linux-gnu/bin/../lib/gcc/nios2-elf/4.9.1/mno-hw-mul/libgcc.a(_muldi3.o)
                              /home/pp/altera/15.0/nios2eds/bin/gnu/H-x86_64-pc-linux-gnu/bin/../lib/gcc/nios2-elf/4.9.1/../../../../../H-x86_64-pc-linux-gnu/nios2-elf/lib/mno-hw-mul/libsmallc.a(lib_a-rand.o) (__muldi3)
/home/pp/altera/15.0/nios2eds/bin/gnu/H-x86_64-pc-linux-gnu/bin/../lib/gcc/nios2-elf/4.9.1/mno-hw-mul/libgcc.a(lib2-mul.o)
                              /home/pp/altera/15.0/nios2eds/bin/gnu/H-x86_64-pc-linux-gnu/bin/../lib/gcc/nios2-elf/4.9.1/../../../../../H-x86_64-pc-linux-gnu/nios2-elf/lib/mno-hw-mul/libsmallc.a(lib_a-vfprintf.o) (__mulsi3)
hal_bsp//libhal_bsp.a(alt_load.o)
                              hal_bsp//obj/HAL/src/crt0.o (alt_load)
hal_bsp//libhal_bsp.a(alt_main.o)
                              hal_bsp//obj/HAL/src/crt0.o (alt_main)
[...]
Memory Configuration

Name             Origin             Length             Attributes
reset            0x0000000000000000 0x0000000000000020
main             0x0000000000000020 0x0000000000004d18
pixelmemory      0x0000000000100000 0x0000000000007fff
*default*        0x0000000000000000 0xffffffffffffffff

Linker script and memory map

LOAD hal_bsp//obj/HAL/src/crt0.o
LOAD obj/default/main.o
LOAD /home/pp/altera/15.0/nios2eds/bin/gnu/H-x86_64-pc-linux-gnu/bin/../lib/gcc/nios2-elf/4.9.1/../../../../../H-x86_64-pc-linux-gnu/nios2-elf/lib/mno-hw-mul/libstdc++.a
LOAD /home/pp/altera/15.0/nios2eds/bin/gnu/H-x86_64-pc-linux-gnu/bin/../lib/gcc/nios2-elf/4.9.1/../../../../../H-x86_64-pc-linux-gnu/nios2-elf/lib/mno-hw-mul/libm.a
LOAD /home/pp/altera/15.0/nios2eds/bin/gnu/H-x86_64-pc-linux-gnu/bin/../lib/gcc/nios2-elf/4.9.1/mno-hw-mul/libgcc.a
START GROUP
LOAD /home/pp/altera/15.0/nios2eds/bin/gnu/H-x86_64-pc-linux-gnu/bin/../lib/gcc/nios2-elf/4.9.1/../../../../../H-x86_64-pc-linux-gnu/nios2-elf/lib/mno-hw-mul/libsmallc.a
LOAD /home/pp/altera/15.0/nios2eds/bin/gnu/H-x86_64-pc-linux-gnu/bin/../lib/gcc/nios2-elf/4.9.1/mno-hw-mul/libgcc.a
LOAD hal_bsp//libhal_bsp.a
LOAD /home/pp/altera/15.0/nios2eds/bin/gnu/H-x86_64-pc-linux-gnu/bin/../lib/gcc/nios2-elf/4.9.1/../../../../../H-x86_64-pc-linux-gnu/nios2-elf/lib/mno-hw-mul/libm.a
END GROUP
LOAD /home/pp/altera/15.0/nios2eds/bin/gnu/H-x86_64-pc-linux-gnu/bin/../lib/gcc/nios2-elf/4.9.1/mno-hw-mul/libgcc.a
                0x0000000000000000                __alt_mem_onchip_memory2_0 = 0x0
                0x0000000000100000                __alt_mem_pixelmemory = 0x100000

.entry          0x0000000000000000       0x20
 *(.entry)
 .entry         0x0000000000000000       0x20 hal_bsp//obj/HAL/src/crt0.o
                0x0000000000000000                __reset

.exceptions     0x0000000000000020        0x0
                0x0000000000000020                PROVIDE (__ram_exceptions_start, ABSOLUTE (.))
                0x0000000000000020                . = ALIGN (0x20)
 *(.irq)
 *(.exceptions.entry.label)
 *(.exceptions.entry.user)
 *(.exceptions.entry.ecc_fatal)
 *(.exceptions.entry)
 *(.exceptions.irqtest.user)
 *(.exceptions.irqtest)
 *(.exceptions.irqhandler.user)
 *(.exceptions.irqhandler)
 *(.exceptions.irqreturn.user)
 *(.exceptions.irqreturn)
 *(.exceptions.notirq.label)
 *(.exceptions.notirq.user)
 *(.exceptions.notirq)
 *(.exceptions.soft.user)
 *(.exceptions.soft)
 *(.exceptions.unknown.user)
 *(.exceptions.unknown)
 *(.exceptions.exit.label)
 *(.exceptions.exit.user)
 *(.exceptions.exit)
 *(.exceptions)
                0x0000000000000020                PROVIDE (__ram_exceptions_end, ABSOLUTE (.))
                0x0000000000000020                PROVIDE (__flash_exceptions_start, LOADADDR (.exceptions))

.text           0x0000000000000020     0x2158
                0x0000000000000020                PROVIDE (stext, ABSOLUTE (.))
 *(.interp)
 *(.hash)
 *(.dynsym)
 *(.dynstr)
 *(.gnu.version)
 *(.gnu.version_d)
 *(.gnu.version_r)
 *(.rel.init)
 *(.rela.init)
 *(.rel.text .rel.text.* .rel.gnu.linkonce.t.*)
 *(.rela.text .rela.text.* .rela.gnu.linkonce.t.*)
 *(.rel.fini)
 *(.rela.fini)
 *(.rel.rodata .rel.rodata.* .rel.gnu.linkonce.r.*)
 *(.rela.rodata .rela.rodata.* .rela.gnu.linkonce.r.*)
 *(.rel.data .rel.data.* .rel.gnu.linkonce.d.*)
 *(.rela.data .rela.data.* .rela.gnu.linkonce.d.*)
 *(.rel.tdata .rel.tdata.* .rel.gnu.linkonce.td.*)
 *(.rela.tdata .rela.tdata.* .rela.gnu.linkonce.td.*)
 *(.rel.tbss .rel.tbss.* .rel.gnu.linkonce.tb.*)
 *(.rela.tbss .rela.tbss.* .rela.gnu.linkonce.tb.*)
 *(.rel.ctors)
 *(.rela.ctors)
 *(.rel.dtors)
 *(.rela.dtors)
 *(.rel.got)
 *(.rela.got)
 *(.rel.sdata .rel.sdata.* .rel.gnu.linkonce.s.*)
 *(.rela.sdata .rela.sdata.* .rela.gnu.linkonce.s.*)
 *(.rel.sbss .rel.sbss.* .rel.gnu.linkonce.sb.*)
 *(.rela.sbss .rela.sbss.* .rela.gnu.linkonce.sb.*)
 *(.rel.sdata2 .rel.sdata2.* .rel.gnu.linkonce.s2.*)
 *(.rela.sdata2 .rela.sdata2.* .rela.gnu.linkonce.s2.*)
 *(.rel.sbss2 .rel.sbss2.* .rel.gnu.linkonce.sb2.*)
 *(.rela.sbss2 .rela.sbss2.* .rela.gnu.linkonce.sb2.*)
 *(.rel.bss .rel.bss.* .rel.gnu.linkonce.b.*)
 *(.rela.bss .rela.bss.* .rela.gnu.linkonce.b.*)
 *(.rel.plt)
 *(.rela.plt)
 *(.rel.dyn)
 *(.init)
 *(.plt)
 *(.text .stub .text.* .gnu.linkonce.t.*)
 .text          0x0000000000000020       0x3c hal_bsp//obj/HAL/src/crt0.o
                0x0000000000000020                _start
 .text          0x000000000000005c      0x5b0 obj/default/main.o
                0x000000000000005c                clearscreen
                0x000000000000006c                checkscreen
                0x0000000000000090                driverdata
                0x0000000000000198                setpixel
                0x00000000000001dc                getpixel
                0x0000000000000228                printscreen
                0x00000000000002e8                plotcircle
                0x0000000000000528                showgreen
                0x0000000000000550                showred
                0x0000000000000574                clearhex
                0x000000000000058c                plotallcircles_ref
 .text.startup  0x000000000000060c      0x11c obj/default/main.o
                0x000000000000060c                main
 .text          0x0000000000000728      0x12c /home/pp/altera/15.0/nios2eds/bin/gnu/H-x86_64-pc-linux-gnu/bin/../lib/gcc/nios2-elf/4.9.1/mno-hw-mul/libgcc.a(lib2-divmod.o)
                0x0000000000000794                __divsi3
                0x00000000000007e8                __modsi3
                0x0000000000000844                __udivsi3
                0x000000000000084c                __umodsi3
 .text          0x0000000000000854       0x20 /home/pp/altera/15.0/nios2eds/bin/gnu/H-x86_64-pc-linux-gnu/bin/../lib/gcc/nios2-elf/4.9.1/../../../../../H-x86_64-pc-linux-gnu/nios2-elf/lib/mno-hw-mul/libsmallc.a(lib_a-memset.o)
                0x0000000000000854                memset
 .text          0x0000000000000874       0x88 /home/pp/altera/15.0/nios2eds/bin/gnu/H-x86_64-pc-linux-gnu/bin/../lib/gcc/nios2-elf/4.9.1/../../../../../H-x86_64-pc-linux-gnu/nios2-elf/lib/mno-hw-mul/libsmallc.a(lib_a-printf.o)
                0x0000000000000874                _printf_r
                0x00000000000008b0                printf
 .text          0x00000000000008fc       0x20 /home/pp/altera/15.0/nios2eds/bin/gnu/H-x86_64-pc-linux-gnu/bin/../lib/gcc/nios2-elf/4.9.1/../../../../../H-x86_64-pc-linux-gnu/nios2-elf/lib/mno-hw-mul/libsmallc.a(lib_a-putchar.o)
                0x00000000000008fc                _putchar_r
                0x0000000000000904                putchar
 .text          0x000000000000091c       0x6c /home/pp/altera/15.0/nios2eds/bin/gnu/H-x86_64-pc-linux-gnu/bin/../lib/gcc/nios2-elf/4.9.1/../../../../../H-x86_64-pc-linux-gnu/nios2-elf/lib/mno-hw-mul/libsmallc.a(lib_a-rand.o)
                0x000000000000091c                srand
                0x000000000000092c                rand
 .text          0x0000000000000988      0x5fc /home/pp/altera/15.0/nios2eds/bin/gnu/H-x86_64-pc-linux-gnu/bin/../lib/gcc/nios2-elf/4.9.1/../../../../../H-x86_64-pc-linux-gnu/nios2-elf/lib/mno-hw-mul/libsmallc.a(lib_a-vfprintf.o)
                0x00000000000009f4                ___vfprintf_internal_r
                0x0000000000000f60                __vfprintf_internal
 .text          0x0000000000000f84       0xac /home/pp/altera/15.0/nios2eds/bin/gnu/H-x86_64-pc-linux-gnu/bin/../lib/gcc/nios2-elf/4.9.1/../../../../../H-x86_64-pc-linux-gnu/nios2-elf/lib/mno-hw-mul/libsmallc.a(lib_a-fvwrite_small_dev.o)
                0x0000000000000f84                __sfvwrite_small_dev
 .text          0x0000000000001030        0x0 /home/pp/altera/15.0/nios2eds/bin/gnu/H-x86_64-pc-linux-gnu/bin/../lib/gcc/nios2-elf/4.9.1/../../../../../H-x86_64-pc-linux-gnu/nios2-elf/lib/mno-hw-mul/libsmallc.a(lib_a-impure.o)
 .text          0x0000000000001030       0xac /home/pp/altera/15.0/nios2eds/bin/gnu/H-x86_64-pc-linux-gnu/bin/../lib/gcc/nios2-elf/4.9.1/../../../../../H-x86_64-pc-linux-gnu/nios2-elf/lib/mno-hw-mul/libsmallc.a(lib_a-putc.o)
                0x0000000000001030                putc
                0x0000000000001084                _putc_r
 .text          0x00000000000010dc       0x1c /home/pp/altera/15.0/nios2eds/bin/gnu/H-x86_64-pc-linux-gnu/bin/../lib/gcc/nios2-elf/4.9.1/../../../../../H-x86_64-pc-linux-gnu/nios2-elf/lib/mno-hw-mul/libsmallc.a(lib_a-strlen.o)
                0x00000000000010dc                strlen
 .text          0x00000000000010f8       0x58 /home/pp/altera/15.0/nios2eds/bin/gnu/H-x86_64-pc-linux-gnu/bin/../lib/gcc/nios2-elf/4.9.1/../../../../../H-x86_64-pc-linux-gnu/nios2-elf/lib/mno-hw-mul/libsmallc.a(lib_a-writer.o)
                0x00000000000010f8                _write_r
 .text          0x0000000000001150        0x0 /home/pp/altera/15.0/nios2eds/bin/gnu/H-x86_64-pc-linux-gnu/bin/../lib/gcc/nios2-elf/4.9.1/../../../../../H-x86_64-pc-linux-gnu/nios2-elf/lib/mno-hw-mul/libsmallc.a(lib_a-int_errno.o)
 .text          0x0000000000001150      0x10c /home/pp/altera/15.0/nios2eds/bin/gnu/H-x86_64-pc-linux-gnu/bin/../lib/gcc/nios2-elf/4.9.1/mno-hw-mul/libgcc.a(_muldi3.o)
                0x0000000000001150                __muldi3
 .text          0x000000000000125c       0x28 /home/pp/altera/15.0/nios2eds/bin/gnu/H-x86_64-pc-linux-gnu/bin/../lib/gcc/nios2-elf/4.9.1/mno-hw-mul/libgcc.a(lib2-mul.o)
                0x000000000000125c                __mulsi3
 .text          0x0000000000001284       0xcc hal_bsp//libhal_bsp.a(alt_load.o)
                0x0000000000001284                alt_load
 .text          0x0000000000001350       0x60 hal_bsp//libhal_bsp.a(alt_main.o)
                0x0000000000001350                alt_main
 .text          0x00000000000013b0      0x130 hal_bsp//libhal_bsp.a(alt_write.o)
                0x00000000000013b0                write
 .text          0x00000000000014e0       0x58 hal_bsp//libhal_bsp.a(alt_sys_init.o)
                0x00000000000014e0                alt_irq_init
                0x0000000000001500                alt_sys_init
 .text          0x0000000000001538       0x20 hal_bsp//libhal_bsp.a(altera_avalon_jtag_uart_fd.o)
                0x0000000000001538                altera_avalon_jtag_uart_read_fd
                0x0000000000001548                altera_avalon_jtag_uart_write_fd
 .text          0x0000000000001558       0x9c hal_bsp//libhal_bsp.a(altera_avalon_jtag_uart_read.o)
                0x0000000000001558                altera_avalon_jtag_uart_read
 .text          0x00000000000015f4       0x34 hal_bsp//libhal_bsp.a(altera_avalon_jtag_uart_write.o)
                0x00000000000015f4                altera_avalon_jtag_uart_write
 .text          0x0000000000001628       0xa0 hal_bsp//libhal_bsp.a(altera_avalon_timer_ts.o)
                0x0000000000001628                alt_timestamp_start
                0x0000000000001674                alt_timestamp
                0x00000000000016b8                alt_timestamp_freq
 .text          0x00000000000016c8        0x0 hal_bsp//libhal_bsp.a(altera_avalon_timer_vars.o)
 .text          0x00000000000016c8       0xd4 hal_bsp//libhal_bsp.a(alt_close.o)
                0x00000000000016c8                close
 .text          0x000000000000179c        0x4 hal_bsp//libhal_bsp.a(alt_dcache_flush_all.o)
                0x000000000000179c                alt_dcache_flush_all
 .text          0x00000000000017a0        0x8 hal_bsp//libhal_bsp.a(alt_dev.o)
 .text          0x00000000000017a8       0x78 hal_bsp//libhal_bsp.a(alt_dev_llist_insert.o)
                0x00000000000017a8                alt_dev_llist_insert
 .text          0x0000000000001820       0x64 hal_bsp//libhal_bsp.a(alt_do_ctors.o)
                0x0000000000001820                _do_ctors
 .text          0x0000000000001884       0x64 hal_bsp//libhal_bsp.a(alt_do_dtors.o)
                0x0000000000001884                _do_dtors
 .text          0x00000000000018e8        0x0 hal_bsp//libhal_bsp.a(alt_errno.o)
 .text          0x00000000000018e8        0x4 hal_bsp//libhal_bsp.a(alt_icache_flush_all.o)
                0x00000000000018e8                alt_icache_flush_all
 .text          0x00000000000018ec      0x140 hal_bsp//libhal_bsp.a(alt_io_redirect.o)
                0x00000000000018ec                alt_io_redirect
 .text          0x0000000000001a2c      0x1b0 hal_bsp//libhal_bsp.a(alt_open.o)
                0x0000000000001a2c                open
 .text          0x0000000000001bdc       0x5c hal_bsp//libhal_bsp.a(alt_release_fd.o)
                0x0000000000001bdc                alt_release_fd
 .text          0x0000000000001c38        0x8 hal_bsp//libhal_bsp.a(altera_nios2_gen2_irq.o)
                0x0000000000001c38                altera_nios2_gen2_irq_init
 .text          0x0000000000001c40       0x78 hal_bsp//libhal_bsp.a(alt_find_dev.o)
                0x0000000000001c40                alt_find_dev
 .text          0x0000000000001cb8       0xb0 hal_bsp//libhal_bsp.a(alt_find_file.o)
                0x0000000000001cb8                alt_find_file
 .text          0x0000000000001d68       0x90 hal_bsp//libhal_bsp.a(alt_get_fd.o)
                0x0000000000001d68                alt_get_fd
 .text          0x0000000000001df8       0x14 /home/pp/altera/15.0/nios2eds/bin/gnu/H-x86_64-pc-linux-gnu/bin/../lib/gcc/nios2-elf/4.9.1/../../../../../H-x86_64-pc-linux-gnu/nios2-elf/lib/mno-hw-mul/libsmallc.a(lib_a-atexit.o)
                0x0000000000001df8                atexit
 .text          0x0000000000001e0c       0x20 /home/pp/altera/15.0/nios2eds/bin/gnu/H-x86_64-pc-linux-gnu/bin/../lib/gcc/nios2-elf/4.9.1/../../../../../H-x86_64-pc-linux-gnu/nios2-elf/lib/mno-hw-mul/libsmallc.a(lib_a-exit.o)
                0x0000000000001e0c                exit
 .text          0x0000000000001e2c       0x30 /home/pp/altera/15.0/nios2eds/bin/gnu/H-x86_64-pc-linux-gnu/bin/../lib/gcc/nios2-elf/4.9.1/../../../../../H-x86_64-pc-linux-gnu/nios2-elf/lib/mno-hw-mul/libsmallc.a(lib_a-memcmp.o)
                0x0000000000001e2c                memcmp
 .text          0x0000000000001e5c       0x28 /home/pp/altera/15.0/nios2eds/bin/gnu/H-x86_64-pc-linux-gnu/bin/../lib/gcc/nios2-elf/4.9.1/../../../../../H-x86_64-pc-linux-gnu/nios2-elf/lib/mno-hw-mul/libsmallc.a(lib_a-memcpy.o)
                0x0000000000001e5c                memcpy
 .text          0x0000000000001e84      0x144 /home/pp/altera/15.0/nios2eds/bin/gnu/H-x86_64-pc-linux-gnu/bin/../lib/gcc/nios2-elf/4.9.1/../../../../../H-x86_64-pc-linux-gnu/nios2-elf/lib/mno-hw-mul/libsmallc.a(lib_a-__atexit.o)
                0x0000000000001e84                __register_exitproc
 .text          0x0000000000001fc8      0x19c /home/pp/altera/15.0/nios2eds/bin/gnu/H-x86_64-pc-linux-gnu/bin/../lib/gcc/nios2-elf/4.9.1/../../../../../H-x86_64-pc-linux-gnu/nios2-elf/lib/mno-hw-mul/libsmallc.a(lib_a-__call_atexit.o)
                0x0000000000001fc8                __call_exitprocs
 .text          0x0000000000002164       0x14 hal_bsp//libhal_bsp.a(alt_exit.o)
                0x0000000000002164                _exit
 *(.gnu.warning.*)
 *(.fini)
                0x0000000000002178                PROVIDE (__etext, ABSOLUTE (.))
                0x0000000000002178                PROVIDE (_etext, ABSOLUTE (.))
                0x0000000000002178                PROVIDE (etext, ABSOLUTE (.))
 *(.eh_frame_hdr)
                0x0000000000002178                . = ALIGN (0x4)
                0x0000000000002178                PROVIDE (__preinit_array_start, ABSOLUTE (.))
 *(.preinit_array)
                0x0000000000002178                PROVIDE (__preinit_array_end, ABSOLUTE (.))
                0x0000000000002178                PROVIDE (__init_array_start, ABSOLUTE (.))
 *(.init_array)
                0x0000000000002178                PROVIDE (__init_array_end, ABSOLUTE (.))
                0x0000000000002178                PROVIDE (__fini_array_start, ABSOLUTE (.))
 *(.fini_array)
                0x0000000000002178                PROVIDE (__fini_array_end, ABSOLUTE (.))
 *(.eh_frame)
 *(.gcc_except_table .gcc_except_table.*)
 *(.dynamic)
                0x0000000000002178                PROVIDE (__CTOR_LIST__, ABSOLUTE (.))
 *(.ctors)
 *(SORT(.ctors.*))
                0x0000000000002178                PROVIDE (__CTOR_END__, ABSOLUTE (.))
                0x0000000000002178                PROVIDE (__DTOR_LIST__, ABSOLUTE (.))
 *(.dtors)
 *(SORT(.dtors.*))
                0x0000000000002178                PROVIDE (__DTOR_END__, ABSOLUTE (.))
 *(.jcr)
                0x0000000000002178                . = ALIGN (0x4)

.rodata         0x0000000000002178       0xb8
                0x0000000000002178                PROVIDE (__ram_rodata_start, ABSOLUTE (.))
                0x0000000000002178                . = ALIGN (0x4)
 *(.rodata .rodata.* .gnu.linkonce.r.*)
 .rodata.str1.4
                0x0000000000002178       0x95 obj/default/main.o
                                         0x98 (size before relaxing)
 *fill*         0x000000000000220d        0x3 
 .rodata.str1.4
                0x0000000000002210       0x11 hal_bsp//libhal_bsp.a(alt_main.o)
                                         0x14 (size before relaxing)
 .rodata.str1.4
                0x0000000000000000       0x14 hal_bsp//libhal_bsp.a(alt_sys_init.o)
 *fill*         0x0000000000002221        0x3 
 .rodata.str1.4
                0x0000000000002224        0xc hal_bsp//libhal_bsp.a(alt_dev.o)
 *(.rodata1)
                0x0000000000002230                . = ALIGN (0x4)
                0x0000000000002230                PROVIDE (__ram_rodata_end, ABSOLUTE (.))
                0x0000000000002178                PROVIDE (__flash_rodata_start, LOADADDR (.rodata))

.rwdata         0x0000000000002230      0x2d8 load address 0x0000000000002508
                0x0000000000002230                PROVIDE (__ram_rwdata_start, ABSOLUTE (.))
                0x0000000000002230                . = ALIGN (0x4)
 *(.got.plt)
 *(.got)
 *(.data1)
 *(.data .data.* .gnu.linkonce.d.*)
 .data          0x0000000000002230        0x0 hal_bsp//obj/HAL/src/crt0.o
 .data          0x0000000000002230        0x0 obj/default/main.o
 .data          0x0000000000002230        0x0 /home/pp/altera/15.0/nios2eds/bin/gnu/H-x86_64-pc-linux-gnu/bin/../lib/gcc/nios2-elf/4.9.1/mno-hw-mul/libgcc.a(lib2-divmod.o)
 .data          0x0000000000002230        0x0 /home/pp/altera/15.0/nios2eds/bin/gnu/H-x86_64-pc-linux-gnu/bin/../lib/gcc/nios2-elf/4.9.1/../../../../../H-x86_64-pc-linux-gnu/nios2-elf/lib/mno-hw-mul/libsmallc.a(lib_a-memset.o)
 .data          0x0000000000002230        0x0 /home/pp/altera/15.0/nios2eds/bin/gnu/H-x86_64-pc-linux-gnu/bin/../lib/gcc/nios2-elf/4.9.1/../../../../../H-x86_64-pc-linux-gnu/nios2-elf/lib/mno-hw-mul/libsmallc.a(lib_a-printf.o)
 .data          0x0000000000002230        0x0 /home/pp/altera/15.0/nios2eds/bin/gnu/H-x86_64-pc-linux-gnu/bin/../lib/gcc/nios2-elf/4.9.1/../../../../../H-x86_64-pc-linux-gnu/nios2-elf/lib/mno-hw-mul/libsmallc.a(lib_a-putchar.o)
 .data          0x0000000000002230        0x0 /home/pp/altera/15.0/nios2eds/bin/gnu/H-x86_64-pc-linux-gnu/bin/../lib/gcc/nios2-elf/4.9.1/../../../../../H-x86_64-pc-linux-gnu/nios2-elf/lib/mno-hw-mul/libsmallc.a(lib_a-rand.o)
 .data          0x0000000000002230        0x0 /home/pp/altera/15.0/nios2eds/bin/gnu/H-x86_64-pc-linux-gnu/bin/../lib/gcc/nios2-elf/4.9.1/../../../../../H-x86_64-pc-linux-gnu/nios2-elf/lib/mno-hw-mul/libsmallc.a(lib_a-vfprintf.o)
 .data          0x0000000000002230        0x0 /home/pp/altera/15.0/nios2eds/bin/gnu/H-x86_64-pc-linux-gnu/bin/../lib/gcc/nios2-elf/4.9.1/../../../../../H-x86_64-pc-linux-gnu/nios2-elf/lib/mno-hw-mul/libsmallc.a(lib_a-fvwrite_small_dev.o)
 .data          0x0000000000002230       0xe0 /home/pp/altera/15.0/nios2eds/bin/gnu/H-x86_64-pc-linux-gnu/bin/../lib/gcc/nios2-elf/4.9.1/../../../../../H-x86_64-pc-linux-gnu/nios2-elf/lib/mno-hw-mul/libsmallc.a(lib_a-impure.o)
 .data          0x0000000000002310        0x0 /home/pp/altera/15.0/nios2eds/bin/gnu/H-x86_64-pc-linux-gnu/bin/../lib/gcc/nios2-elf/4.9.1/../../../../../H-x86_64-pc-linux-gnu/nios2-elf/lib/mno-hw-mul/libsmallc.a(lib_a-putc.o)
 .data          0x0000000000002310        0x0 /home/pp/altera/15.0/nios2eds/bin/gnu/H-x86_64-pc-linux-gnu/bin/../lib/gcc/nios2-elf/4.9.1/../../../../../H-x86_64-pc-linux-gnu/nios2-elf/lib/mno-hw-mul/libsmallc.a(lib_a-strlen.o)
 .data          0x0000000000002310        0x0 /home/pp/altera/15.0/nios2eds/bin/gnu/H-x86_64-pc-linux-gnu/bin/../lib/gcc/nios2-elf/4.9.1/../../../../../H-x86_64-pc-linux-gnu/nios2-elf/lib/mno-hw-mul/libsmallc.a(lib_a-writer.o)
 .data          0x0000000000002310        0x0 /home/pp/altera/15.0/nios2eds/bin/gnu/H-x86_64-pc-linux-gnu/bin/../lib/gcc/nios2-elf/4.9.1/../../../../../H-x86_64-pc-linux-gnu/nios2-elf/lib/mno-hw-mul/libsmallc.a(lib_a-int_errno.o)
 .data          0x0000000000002310        0x0 /home/pp/altera/15.0/nios2eds/bin/gnu/H-x86_64-pc-linux-gnu/bin/../lib/gcc/nios2-elf/4.9.1/mno-hw-mul/libgcc.a(_muldi3.o)
 .data          0x0000000000002310        0x0 /home/pp/altera/15.0/nios2eds/bin/gnu/H-x86_64-pc-linux-gnu/bin/../lib/gcc/nios2-elf/4.9.1/mno-hw-mul/libgcc.a(lib2-mul.o)
 .data          0x0000000000002310        0x0 hal_bsp//libhal_bsp.a(alt_load.o)
 .data          0x0000000000002310        0x0 hal_bsp//libhal_bsp.a(alt_main.o)
 .data          0x0000000000002310        0x0 hal_bsp//libhal_bsp.a(alt_write.o)
 .data          0x0000000000002310       0x2c hal_bsp//libhal_bsp.a(alt_sys_init.o)
 .data          0x000000000000233c        0x0 hal_bsp//libhal_bsp.a(altera_avalon_jtag_uart_fd.o)
 .data          0x000000000000233c        0x0 hal_bsp//libhal_bsp.a(altera_avalon_jtag_uart_read.o)
 .data          0x000000000000233c        0x0 hal_bsp//libhal_bsp.a(altera_avalon_jtag_uart_write.o)
 .data          0x000000000000233c        0x0 hal_bsp//libhal_bsp.a(altera_avalon_timer_ts.o)
 .data          0x000000000000233c        0x0 hal_bsp//libhal_bsp.a(altera_avalon_timer_vars.o)
 .data          0x000000000000233c        0x0 hal_bsp//libhal_bsp.a(alt_close.o)
 .data          0x000000000000233c        0x0 hal_bsp//libhal_bsp.a(alt_dcache_flush_all.o)
 .data          0x000000000000233c      0x1a8 hal_bsp//libhal_bsp.a(alt_dev.o)
                0x000000000000233c                alt_fd_list
                0x00000000000024bc                alt_dev_null
 .data          0x00000000000024e4        0x0 hal_bsp//libhal_bsp.a(alt_dev_llist_insert.o)
 .data          0x00000000000024e4        0x0 hal_bsp//libhal_bsp.a(alt_do_ctors.o)
 .data          0x00000000000024e4        0x0 hal_bsp//libhal_bsp.a(alt_do_dtors.o)
 .data          0x00000000000024e4        0x0 hal_bsp//libhal_bsp.a(alt_errno.o)
 .data          0x00000000000024e4        0x0 hal_bsp//libhal_bsp.a(alt_icache_flush_all.o)
 .data          0x00000000000024e4        0x0 hal_bsp//libhal_bsp.a(alt_io_redirect.o)
 .data          0x00000000000024e4        0x0 hal_bsp//libhal_bsp.a(alt_open.o)
 .data          0x00000000000024e4        0x0 hal_bsp//libhal_bsp.a(alt_release_fd.o)
 .data          0x00000000000024e4        0x0 hal_bsp//libhal_bsp.a(altera_nios2_gen2_irq.o)
 .data          0x00000000000024e4        0x0 hal_bsp//libhal_bsp.a(alt_find_dev.o)
 .data          0x00000000000024e4        0x0 hal_bsp//libhal_bsp.a(alt_find_file.o)
 .data          0x00000000000024e4        0x0 hal_bsp//libhal_bsp.a(alt_get_fd.o)
 .data          0x00000000000024e4        0x0 /home/pp/altera/15.0/nios2eds/bin/gnu/H-x86_64-pc-linux-gnu/bin/../lib/gcc/nios2-elf/4.9.1/../../../../../H-x86_64-pc-linux-gnu/nios2-elf/lib/mno-hw-mul/libsmallc.a(lib_a-atexit.o)
 .data          0x00000000000024e4        0x0 /home/pp/altera/15.0/nios2eds/bin/gnu/H-x86_64-pc-linux-gnu/bin/../lib/gcc/nios2-elf/4.9.1/../../../../../H-x86_64-pc-linux-gnu/nios2-elf/lib/mno-hw-mul/libsmallc.a(lib_a-exit.o)
 .data          0x00000000000024e4        0x0 /home/pp/altera/15.0/nios2eds/bin/gnu/H-x86_64-pc-linux-gnu/bin/../lib/gcc/nios2-elf/4.9.1/../../../../../H-x86_64-pc-linux-gnu/nios2-elf/lib/mno-hw-mul/libsmallc.a(lib_a-memcmp.o)
 .data          0x00000000000024e4        0x0 /home/pp/altera/15.0/nios2eds/bin/gnu/H-x86_64-pc-linux-gnu/bin/../lib/gcc/nios2-elf/4.9.1/../../../../../H-x86_64-pc-linux-gnu/nios2-elf/lib/mno-hw-mul/libsmallc.a(lib_a-memcpy.o)
 .data          0x00000000000024e4        0x0 /home/pp/altera/15.0/nios2eds/bin/gnu/H-x86_64-pc-linux-gnu/bin/../lib/gcc/nios2-elf/4.9.1/../../../../../H-x86_64-pc-linux-gnu/nios2-elf/lib/mno-hw-mul/libsmallc.a(lib_a-__atexit.o)
 .data          0x00000000000024e4        0x0 /home/pp/altera/15.0/nios2eds/bin/gnu/H-x86_64-pc-linux-gnu/bin/../lib/gcc/nios2-elf/4.9.1/../../../../../H-x86_64-pc-linux-gnu/nios2-elf/lib/mno-hw-mul/libsmallc.a(lib_a-__call_atexit.o)
 .data          0x00000000000024e4        0x0 hal_bsp//libhal_bsp.a(alt_exit.o)
                0x000000000000a4e4                _gp = ABSOLUTE ((. + 0x8000))
                0x000000000000a4e4                PROVIDE (gp, _gp)
 *(.rwdata .rwdata.*)
 *(.sdata .sdata.* .gnu.linkonce.s.*)
 .sdata         0x00000000000024e4        0x4 obj/default/main.o
                0x00000000000024e4                screen
 .sdata         0x00000000000024e8        0x8 /home/pp/altera/15.0/nios2eds/bin/gnu/H-x86_64-pc-linux-gnu/bin/../lib/gcc/nios2-elf/4.9.1/../../../../../H-x86_64-pc-linux-gnu/nios2-elf/lib/mno-hw-mul/libsmallc.a(lib_a-impure.o)
                0x00000000000024e8                _global_impure_ptr
                0x00000000000024ec                _impure_ptr
 .sdata         0x00000000000024f0       0x14 hal_bsp//libhal_bsp.a(alt_dev.o)
                0x00000000000024f0                alt_max_fd
                0x00000000000024f4                alt_dev_list
                0x00000000000024fc                alt_fs_list
 .sdata         0x0000000000002504        0x4 hal_bsp//libhal_bsp.a(alt_errno.o)
                0x0000000000002504                alt_errno
 *(.sdata2 .sdata2.* .gnu.linkonce.s2.*)
                0x0000000000002508                . = ALIGN (0x4)
                0x0000000000002508                _edata = ABSOLUTE (.)
                0x0000000000002508                PROVIDE (edata, ABSOLUTE (.))
                0x0000000000002508                PROVIDE (__ram_rwdata_end, ABSOLUTE (.))
                0x0000000000002508                PROVIDE (__flash_rwdata_start, LOADADDR (.rwdata))

.bss            0x00000000000027e0      0x278
                0x00000000000027e0                __bss_start = ABSOLUTE (.)
                0x00000000000027e0                PROVIDE (__sbss_start, ABSOLUTE (.))
                0x00000000000027e0                PROVIDE (___sbss_start, ABSOLUTE (.))
 *(.dynsbss)
 *(.sbss .sbss.* .gnu.linkonce.sb.*)
 .sbss          0x00000000000027e0        0x8 /home/pp/altera/15.0/nios2eds/bin/gnu/H-x86_64-pc-linux-gnu/bin/../lib/gcc/nios2-elf/4.9.1/../../../../../H-x86_64-pc-linux-gnu/nios2-elf/lib/mno-hw-mul/libsmallc.a(lib_a-rand.o)
 .sbss          0x00000000000027e8        0x4 /home/pp/altera/15.0/nios2eds/bin/gnu/H-x86_64-pc-linux-gnu/bin/../lib/gcc/nios2-elf/4.9.1/../../../../../H-x86_64-pc-linux-gnu/nios2-elf/lib/mno-hw-mul/libsmallc.a(lib_a-int_errno.o)
                0x00000000000027e8                errno
 .sbss          0x00000000000027ec        0xc hal_bsp//libhal_bsp.a(alt_main.o)
                0x00000000000027ec                alt_envp
                0x00000000000027f0                alt_argv
                0x00000000000027f4                alt_argc
 .sbss          0x00000000000027f8        0x8 hal_bsp//libhal_bsp.a(altera_avalon_timer_vars.o)
                0x00000000000027f8                altera_avalon_timer_ts_freq
                0x00000000000027fc                altera_avalon_timer_ts_base
 *(.sbss2 .sbss2.* .gnu.linkonce.sb2.*)
 *(.scommon)
                0x0000000000002800                PROVIDE (__sbss_end, ABSOLUTE (.))
                0x0000000000002800                PROVIDE (___sbss_end, ABSOLUTE (.))
 *(.dynbss)
 *(.bss .bss.* .gnu.linkonce.b.*)
 .bss           0x0000000000002800        0x0 hal_bsp//obj/HAL/src/crt0.o
 .bss           0x0000000000002800        0x0 obj/default/main.o
 .bss           0x0000000000002800        0x0 /home/pp/altera/15.0/nios2eds/bin/gnu/H-x86_64-pc-linux-gnu/bin/../lib/gcc/nios2-elf/4.9.1/mno-hw-mul/libgcc.a(lib2-divmod.o)
 .bss           0x0000000000002800        0x0 /home/pp/altera/15.0/nios2eds/bin/gnu/H-x86_64-pc-linux-gnu/bin/../lib/gcc/nios2-elf/4.9.1/../../../../../H-x86_64-pc-linux-gnu/nios2-elf/lib/mno-hw-mul/libsmallc.a(lib_a-memset.o)
 .bss           0x0000000000002800        0x0 /home/pp/altera/15.0/nios2eds/bin/gnu/H-x86_64-pc-linux-gnu/bin/../lib/gcc/nios2-elf/4.9.1/../../../../../H-x86_64-pc-linux-gnu/nios2-elf/lib/mno-hw-mul/libsmallc.a(lib_a-printf.o)
 .bss           0x0000000000002800        0x0 /home/pp/altera/15.0/nios2eds/bin/gnu/H-x86_64-pc-linux-gnu/bin/../lib/gcc/nios2-elf/4.9.1/../../../../../H-x86_64-pc-linux-gnu/nios2-elf/lib/mno-hw-mul/libsmallc.a(lib_a-putchar.o)
 .bss           0x0000000000002800        0x0 /home/pp/altera/15.0/nios2eds/bin/gnu/H-x86_64-pc-linux-gnu/bin/../lib/gcc/nios2-elf/4.9.1/../../../../../H-x86_64-pc-linux-gnu/nios2-elf/lib/mno-hw-mul/libsmallc.a(lib_a-rand.o)
 .bss           0x0000000000002800        0x0 /home/pp/altera/15.0/nios2eds/bin/gnu/H-x86_64-pc-linux-gnu/bin/../lib/gcc/nios2-elf/4.9.1/../../../../../H-x86_64-pc-linux-gnu/nios2-elf/lib/mno-hw-mul/libsmallc.a(lib_a-vfprintf.o)
 .bss           0x0000000000002800        0x0 /home/pp/altera/15.0/nios2eds/bin/gnu/H-x86_64-pc-linux-gnu/bin/../lib/gcc/nios2-elf/4.9.1/../../../../../H-x86_64-pc-linux-gnu/nios2-elf/lib/mno-hw-mul/libsmallc.a(lib_a-fvwrite_small_dev.o)
 .bss           0x0000000000002800        0x0 /home/pp/altera/15.0/nios2eds/bin/gnu/H-x86_64-pc-linux-gnu/bin/../lib/gcc/nios2-elf/4.9.1/../../../../../H-x86_64-pc-linux-gnu/nios2-elf/lib/mno-hw-mul/libsmallc.a(lib_a-impure.o)
 .bss           0x0000000000002800        0x0 /home/pp/altera/15.0/nios2eds/bin/gnu/H-x86_64-pc-linux-gnu/bin/../lib/gcc/nios2-elf/4.9.1/../../../../../H-x86_64-pc-linux-gnu/nios2-elf/lib/mno-hw-mul/libsmallc.a(lib_a-putc.o)
 .bss           0x0000000000002800        0x0 /home/pp/altera/15.0/nios2eds/bin/gnu/H-x86_64-pc-linux-gnu/bin/../lib/gcc/nios2-elf/4.9.1/../../../../../H-x86_64-pc-linux-gnu/nios2-elf/lib/mno-hw-mul/libsmallc.a(lib_a-strlen.o)
 .bss           0x0000000000002800        0x0 /home/pp/altera/15.0/nios2eds/bin/gnu/H-x86_64-pc-linux-gnu/bin/../lib/gcc/nios2-elf/4.9.1/../../../../../H-x86_64-pc-linux-gnu/nios2-elf/lib/mno-hw-mul/libsmallc.a(lib_a-writer.o)
 .bss           0x0000000000002800        0x0 /home/pp/altera/15.0/nios2eds/bin/gnu/H-x86_64-pc-linux-gnu/bin/../lib/gcc/nios2-elf/4.9.1/../../../../../H-x86_64-pc-linux-gnu/nios2-elf/lib/mno-hw-mul/libsmallc.a(lib_a-int_errno.o)
 .bss           0x0000000000002800        0x0 /home/pp/altera/15.0/nios2eds/bin/gnu/H-x86_64-pc-linux-gnu/bin/../lib/gcc/nios2-elf/4.9.1/mno-hw-mul/libgcc.a(_muldi3.o)
 .bss           0x0000000000002800        0x0 /home/pp/altera/15.0/nios2eds/bin/gnu/H-x86_64-pc-linux-gnu/bin/../lib/gcc/nios2-elf/4.9.1/mno-hw-mul/libgcc.a(lib2-mul.o)
 .bss           0x0000000000002800        0x0 hal_bsp//libhal_bsp.a(alt_load.o)
 .bss           0x0000000000002800        0x0 hal_bsp//libhal_bsp.a(alt_main.o)
 .bss           0x0000000000002800        0x0 hal_bsp//libhal_bsp.a(alt_write.o)
 .bss           0x0000000000002800        0x0 hal_bsp//libhal_bsp.a(alt_sys_init.o)
 .bss           0x0000000000002800        0x0 hal_bsp//libhal_bsp.a(altera_avalon_jtag_uart_fd.o)
 .bss           0x0000000000002800        0x0 hal_bsp//libhal_bsp.a(altera_avalon_jtag_uart_read.o)
 .bss           0x0000000000002800        0x0 hal_bsp//libhal_bsp.a(altera_avalon_jtag_uart_write.o)
 .bss           0x0000000000002800        0x0 hal_bsp//libhal_bsp.a(altera_avalon_timer_ts.o)
 .bss           0x0000000000002800        0x0 hal_bsp//libhal_bsp.a(altera_avalon_timer_vars.o)
 .bss           0x0000000000002800        0x0 hal_bsp//libhal_bsp.a(alt_close.o)
 .bss           0x0000000000002800        0x0 hal_bsp//libhal_bsp.a(alt_dcache_flush_all.o)
 .bss           0x0000000000002800        0x0 hal_bsp//libhal_bsp.a(alt_dev.o)
 .bss           0x0000000000002800        0x0 hal_bsp//libhal_bsp.a(alt_dev_llist_insert.o)
 .bss           0x0000000000002800        0x0 hal_bsp//libhal_bsp.a(alt_do_ctors.o)
 .bss           0x0000000000002800        0x0 hal_bsp//libhal_bsp.a(alt_do_dtors.o)
 .bss           0x0000000000002800        0x0 hal_bsp//libhal_bsp.a(alt_errno.o)
 .bss           0x0000000000002800        0x0 hal_bsp//libhal_bsp.a(alt_icache_flush_all.o)
 .bss           0x0000000000002800        0x0 hal_bsp//libhal_bsp.a(alt_io_redirect.o)
 .bss           0x0000000000002800        0x0 hal_bsp//libhal_bsp.a(alt_open.o)
 .bss           0x0000000000002800        0x0 hal_bsp//libhal_bsp.a(alt_release_fd.o)
 .bss           0x0000000000002800        0x0 hal_bsp//libhal_bsp.a(altera_nios2_gen2_irq.o)
 .bss           0x0000000000002800        0x0 hal_bsp//libhal_bsp.a(alt_find_dev.o)
 .bss           0x0000000000002800        0x0 hal_bsp//libhal_bsp.a(alt_find_file.o)
 .bss           0x0000000000002800        0x0 hal_bsp//libhal_bsp.a(alt_get_fd.o)
 .bss           0x0000000000002800        0x0 /home/pp/altera/15.0/nios2eds/bin/gnu/H-x86_64-pc-linux-gnu/bin/../lib/gcc/nios2-elf/4.9.1/../../../../../H-x86_64-pc-linux-gnu/nios2-elf/lib/mno-hw-mul/libsmallc.a(lib_a-atexit.o)
 .bss           0x0000000000002800        0x0 /home/pp/altera/15.0/nios2eds/bin/gnu/H-x86_64-pc-linux-gnu/bin/../lib/gcc/nios2-elf/4.9.1/../../../../../H-x86_64-pc-linux-gnu/nios2-elf/lib/mno-hw-mul/libsmallc.a(lib_a-exit.o)
 .bss           0x0000000000002800        0x0 /home/pp/altera/15.0/nios2eds/bin/gnu/H-x86_64-pc-linux-gnu/bin/../lib/gcc/nios2-elf/4.9.1/../../../../../H-x86_64-pc-linux-gnu/nios2-elf/lib/mno-hw-mul/libsmallc.a(lib_a-memcmp.o)
 .bss           0x0000000000002800        0x0 /home/pp/altera/15.0/nios2eds/bin/gnu/H-x86_64-pc-linux-gnu/bin/../lib/gcc/nios2-elf/4.9.1/../../../../../H-x86_64-pc-linux-gnu/nios2-elf/lib/mno-hw-mul/libsmallc.a(lib_a-memcpy.o)
 .bss           0x0000000000002800        0x0 /home/pp/altera/15.0/nios2eds/bin/gnu/H-x86_64-pc-linux-gnu/bin/../lib/gcc/nios2-elf/4.9.1/../../../../../H-x86_64-pc-linux-gnu/nios2-elf/lib/mno-hw-mul/libsmallc.a(lib_a-__atexit.o)
 .bss           0x0000000000002800        0x0 /home/pp/altera/15.0/nios2eds/bin/gnu/H-x86_64-pc-linux-gnu/bin/../lib/gcc/nios2-elf/4.9.1/../../../../../H-x86_64-pc-linux-gnu/nios2-elf/lib/mno-hw-mul/libsmallc.a(lib_a-__call_atexit.o)
 .bss           0x0000000000002800        0x0 hal_bsp//libhal_bsp.a(alt_exit.o)
 *(COMMON)
 COMMON         0x0000000000002800      0x258 obj/default/main.o
                0x0000000000002800                dx
                0x00000000000028c8                dy
                0x0000000000002990                dr
                0x0000000000002a58                . = ALIGN (0x4)
                0x0000000000002a58                __bss_end = ABSOLUTE (.)

.pixelmemory    0x0000000000100000        0x0 load address 0x0000000000002a58
                0x0000000000100000                PROVIDE (_alt_partition_pixelmemory_start, ABSOLUTE (.))
 *(.pixelmemory .pixelmemory. pixelmemory.*)
                0x0000000000100000                . = ALIGN (0x4)
                0x0000000000100000                PROVIDE (_alt_partition_pixelmemory_end, ABSOLUTE (.))
                0x0000000000002a58                PROVIDE (_alt_partition_pixelmemory_load_addr, LOADADDR (.pixelmemory))
                0x0000000000002a58                PROVIDE (_end, __bss_end)
                0x0000000000002a58                _end = __bss_end
                0x0000000000002a58                PROVIDE (end, __bss_end)
                0x0000000000002a58                end = __bss_end
                0x0000000000100000                PROVIDE (__alt_stack_base, ABSOLUTE (.))
                0x0000000000100000                __alt_stack_base = ABSOLUTE (.)

.stab
 *(.stab)

.stabstr
 *(.stabstr)

.stab.excl
 *(.stab.excl)

.stab.exclstr
 *(.stab.exclstr)

.stab.index
 *(.stab.index)

.stab.indexstr
 *(.stab.indexstr)

.comment        0x0000000000000000       0x23
 *(.comment)
 .comment       0x0000000000000000       0x23 obj/default/main.o
                                         0x24 (size before relaxing)
 .comment       0x0000000000000000       0x24 /home/pp/altera/15.0/nios2eds/bin/gnu/H-x86_64-pc-linux-gnu/bin/../lib/gcc/nios2-elf/4.9.1/mno-hw-mul/libgcc.a(lib2-divmod.o)
 .comment       0x0000000000000000       0x24 /home/pp/altera/15.0/nios2eds/bin/gnu/H-x86_64-pc-linux-gnu/bin/../lib/gcc/nios2-elf/4.9.1/../../../../../H-x86_64-pc-linux-gnu/nios2-elf/lib/mno-hw-mul/libsmallc.a(lib_a-memset.o)
 .comment       0x0000000000000000       0x24 /home/pp/altera/15.0/nios2eds/bin/gnu/H-x86_64-pc-linux-gnu/bin/../lib/gcc/nios2-elf/4.9.1/../../../../../H-x86_64-pc-linux-gnu/nios2-elf/lib/mno-hw-mul/libsmallc.a(lib_a-printf.o)
 .comment       0x0000000000000000       0x24 /home/pp/altera/15.0/nios2eds/bin/gnu/H-x86_64-pc-linux-gnu/bin/../lib/gcc/nios2-elf/4.9.1/../../../../../H-x86_64-pc-linux-gnu/nios2-elf/lib/mno-hw-mul/libsmallc.a(lib_a-putchar.o)
 .comment       0x0000000000000000       0x24 /home/pp/altera/15.0/nios2eds/bin/gnu/H-x86_64-pc-linux-gnu/bin/../lib/gcc/nios2-elf/4.9.1/../../../../../H-x86_64-pc-linux-gnu/nios2-elf/lib/mno-hw-mul/libsmallc.a(lib_a-rand.o)
 .comment       0x0000000000000000       0x24 /home/pp/altera/15.0/nios2eds/bin/gnu/H-x86_64-pc-linux-gnu/bin/../lib/gcc/nios2-elf/4.9.1/../../../../../H-x86_64-pc-linux-gnu/nios2-elf/lib/mno-hw-mul/libsmallc.a(lib_a-vfprintf.o)
 .comment       0x0000000000000000       0x24 /home/pp/altera/15.0/nios2eds/bin/gnu/H-x86_64-pc-linux-gnu/bin/../lib/gcc/nios2-elf/4.9.1/../../../../../H-x86_64-pc-linux-gnu/nios2-elf/lib/mno-hw-mul/libsmallc.a(lib_a-fvwrite_small_dev.o)
 .comment       0x0000000000000000       0x24 /home/pp/altera/15.0/nios2eds/bin/gnu/H-x86_64-pc-linux-gnu/bin/../lib/gcc/nios2-elf/4.9.1/../../../../../H-x86_64-pc-linux-gnu/nios2-elf/lib/mno-hw-mul/libsmallc.a(lib_a-impure.o)
 .comment       0x0000000000000000       0x24 /home/pp/altera/15.0/nios2eds/bin/gnu/H-x86_64-pc-linux-gnu/bin/../lib/gcc/nios2-elf/4.9.1/../../../../../H-x86_64-pc-linux-gnu/nios2-elf/lib/mno-hw-mul/libsmallc.a(lib_a-putc.o)
 .comment       0x0000000000000000       0x24 /home/pp/altera/15.0/nios2eds/bin/gnu/H-x86_64-pc-linux-gnu/bin/../lib/gcc/nios2-elf/4.9.1/../../../../../H-x86_64-pc-linux-gnu/nios2-elf/lib/mno-hw-mul/libsmallc.a(lib_a-strlen.o)
 .comment       0x0000000000000000       0x24 /home/pp/altera/15.0/nios2eds/bin/gnu/H-x86_64-pc-linux-gnu/bin/../lib/gcc/nios2-elf/4.9.1/../../../../../H-x86_64-pc-linux-gnu/nios2-elf/lib/mno-hw-mul/libsmallc.a(lib_a-writer.o)
 .comment       0x0000000000000000       0x24 /home/pp/altera/15.0/nios2eds/bin/gnu/H-x86_64-pc-linux-gnu/bin/../lib/gcc/nios2-elf/4.9.1/../../../../../H-x86_64-pc-linux-gnu/nios2-elf/lib/mno-hw-mul/libsmallc.a(lib_a-int_errno.o)
 .comment       0x0000000000000000       0x24 /home/pp/altera/15.0/nios2eds/bin/gnu/H-x86_64-pc-linux-gnu/bin/../lib/gcc/nios2-elf/4.9.1/mno-hw-mul/libgcc.a(_muldi3.o)
 .comment       0x0000000000000000       0x24 /home/pp/altera/15.0/nios2eds/bin/gnu/H-x86_64-pc-linux-gnu/bin/../lib/gcc/nios2-elf/4.9.1/mno-hw-mul/libgcc.a(lib2-mul.o)
 .comment       0x0000000000000000       0x24 hal_bsp//libhal_bsp.a(alt_load.o)
 .comment       0x0000000000000000       0x24 hal_bsp//libhal_bsp.a(alt_main.o)
 .comment       0x0000000000000000       0x24 hal_bsp//libhal_bsp.a(alt_write.o)
 .comment       0x0000000000000000       0x24 hal_bsp//libhal_bsp.a(alt_sys_init.o)
 .comment       0x0000000000000000       0x24 hal_bsp//libhal_bsp.a(altera_avalon_jtag_uart_fd.o)
 .comment       0x0000000000000000       0x24 hal_bsp//libhal_bsp.a(altera_avalon_jtag_uart_read.o)
 .comment       0x0000000000000000       0x24 hal_bsp//libhal_bsp.a(altera_avalon_jtag_uart_write.o)
 .comment       0x0000000000000000       0x24 hal_bsp//libhal_bsp.a(altera_avalon_timer_ts.o)
 .comment       0x0000000000000000       0x24 hal_bsp//libhal_bsp.a(altera_avalon_timer_vars.o)
 .comment       0x0000000000000000       0x24 hal_bsp//libhal_bsp.a(alt_close.o)
 .comment       0x0000000000000000       0x24 hal_bsp//libhal_bsp.a(alt_dcache_flush_all.o)
 .comment       0x0000000000000000       0x24 hal_bsp//libhal_bsp.a(alt_dev.o)
 .comment       0x0000000000000000       0x24 hal_bsp//libhal_bsp.a(alt_dev_llist_insert.o)
 .comment       0x0000000000000000       0x24 hal_bsp//libhal_bsp.a(alt_do_ctors.o)
 .comment       0x0000000000000000       0x24 hal_bsp//libhal_bsp.a(alt_do_dtors.o)
 .comment       0x0000000000000000       0x24 hal_bsp//libhal_bsp.a(alt_errno.o)
 .comment       0x0000000000000000       0x24 hal_bsp//libhal_bsp.a(alt_icache_flush_all.o)
 .comment       0x0000000000000000       0x24 hal_bsp//libhal_bsp.a(alt_io_redirect.o)
 .comment       0x0000000000000000       0x24 hal_bsp//libhal_bsp.a(alt_open.o)
 .comment       0x0000000000000000       0x24 hal_bsp//libhal_bsp.a(alt_release_fd.o)
 .comment       0x0000000000000000       0x24 hal_bsp//libhal_bsp.a(altera_nios2_gen2_irq.o)
 .comment       0x0000000000000000       0x24 hal_bsp//libhal_bsp.a(alt_find_dev.o)
 .comment       0x0000000000000000       0x24 hal_bsp//libhal_bsp.a(alt_find_file.o)
 .comment       0x0000000000000000       0x24 hal_bsp//libhal_bsp.a(alt_get_fd.o)
 .comment       0x0000000000000000       0x24 /home/pp/altera/15.0/nios2eds/bin/gnu/H-x86_64-pc-linux-gnu/bin/../lib/gcc/nios2-elf/4.9.1/../../../../../H-x86_64-pc-linux-gnu/nios2-elf/lib/mno-hw-mul/libsmallc.a(lib_a-atexit.o)
 .comment       0x0000000000000000       0x24 /home/pp/altera/15.0/nios2eds/bin/gnu/H-x86_64-pc-linux-gnu/bin/../lib/gcc/nios2-elf/4.9.1/../../../../../H-x86_64-pc-linux-gnu/nios2-elf/lib/mno-hw-mul/libsmallc.a(lib_a-exit.o)
 .comment       0x0000000000000000       0x24 /home/pp/altera/15.0/nios2eds/bin/gnu/H-x86_64-pc-linux-gnu/bin/../lib/gcc/nios2-elf/4.9.1/../../../../../H-x86_64-pc-linux-gnu/nios2-elf/lib/mno-hw-mul/libsmallc.a(lib_a-memcmp.o)
 .comment       0x0000000000000000       0x24 /home/pp/altera/15.0/nios2eds/bin/gnu/H-x86_64-pc-linux-gnu/bin/../lib/gcc/nios2-elf/4.9.1/../../../../../H-x86_64-pc-linux-gnu/nios2-elf/lib/mno-hw-mul/libsmallc.a(lib_a-memcpy.o)
 .comment       0x0000000000000000       0x24 /home/pp/altera/15.0/nios2eds/bin/gnu/H-x86_64-pc-linux-gnu/bin/../lib/gcc/nios2-elf/4.9.1/../../../../../H-x86_64-pc-linux-gnu/nios2-elf/lib/mno-hw-mul/libsmallc.a(lib_a-__atexit.o)
 .comment       0x0000000000000000       0x24 /home/pp/altera/15.0/nios2eds/bin/gnu/H-x86_64-pc-linux-gnu/bin/../lib/gcc/nios2-elf/4.9.1/../../../../../H-x86_64-pc-linux-gnu/nios2-elf/lib/mno-hw-mul/libsmallc.a(lib_a-__call_atexit.o)
 .comment       0x0000000000000000       0x24 hal_bsp//libhal_bsp.a(alt_exit.o)

.debug
 *(.debug)

.line
 *(.line)

.debug_srcinfo
 *(.debug_srcinfo)

.debug_sfnames
 *(.debug_sfnames)

.debug_aranges  0x0000000000000000      0x5d0
 *(.debug_aranges)
 .debug_aranges
                0x0000000000000000       0x28 hal_bsp//obj/HAL/src/crt0.o
 .debug_aranges
                0x0000000000000028       0x28 obj/default/main.o
 .debug_aranges
                0x0000000000000050       0x20 /home/pp/altera/15.0/nios2eds/bin/gnu/H-x86_64-pc-linux-gnu/bin/../lib/gcc/nios2-elf/4.9.1/mno-hw-mul/libgcc.a(lib2-divmod.o)
 .debug_aranges
                0x0000000000000070       0x20 /home/pp/altera/15.0/nios2eds/bin/gnu/H-x86_64-pc-linux-gnu/bin/../lib/gcc/nios2-elf/4.9.1/../../../../../H-x86_64-pc-linux-gnu/nios2-elf/lib/mno-hw-mul/libsmallc.a(lib_a-memset.o)
 .debug_aranges
                0x0000000000000090       0x20 /home/pp/altera/15.0/nios2eds/bin/gnu/H-x86_64-pc-linux-gnu/bin/../lib/gcc/nios2-elf/4.9.1/../../../../../H-x86_64-pc-linux-gnu/nios2-elf/lib/mno-hw-mul/libsmallc.a(lib_a-printf.o)
 .debug_aranges
                0x00000000000000b0       0x20 /home/pp/altera/15.0/nios2eds/bin/gnu/H-x86_64-pc-linux-gnu/bin/../lib/gcc/nios2-elf/4.9.1/../../../../../H-x86_64-pc-linux-gnu/nios2-elf/lib/mno-hw-mul/libsmallc.a(lib_a-putchar.o)
 .debug_aranges
                0x00000000000000d0       0x20 /home/pp/altera/15.0/nios2eds/bin/gnu/H-x86_64-pc-linux-gnu/bin/../lib/gcc/nios2-elf/4.9.1/../../../../../H-x86_64-pc-linux-gnu/nios2-elf/lib/mno-hw-mul/libsmallc.a(lib_a-rand.o)
 .debug_aranges
                0x00000000000000f0       0x20 /home/pp/altera/15.0/nios2eds/bin/gnu/H-x86_64-pc-linux-gnu/bin/../lib/gcc/nios2-elf/4.9.1/../../../../../H-x86_64-pc-linux-gnu/nios2-elf/lib/mno-hw-mul/libsmallc.a(lib_a-vfprintf.o)
 .debug_aranges
                0x0000000000000110       0x20 /home/pp/altera/15.0/nios2eds/bin/gnu/H-x86_64-pc-linux-gnu/bin/../lib/gcc/nios2-elf/4.9.1/../../../../../H-x86_64-pc-linux-gnu/nios2-elf/lib/mno-hw-mul/libsmallc.a(lib_a-fvwrite_small_dev.o)
 .debug_aranges
                0x0000000000000130       0x18 /home/pp/altera/15.0/nios2eds/bin/gnu/H-x86_64-pc-linux-gnu/bin/../lib/gcc/nios2-elf/4.9.1/../../../../../H-x86_64-pc-linux-gnu/nios2-elf/lib/mno-hw-mul/libsmallc.a(lib_a-impure.o)
 .debug_aranges
                0x0000000000000148       0x20 /home/pp/altera/15.0/nios2eds/bin/gnu/H-x86_64-pc-linux-gnu/bin/../lib/gcc/nios2-elf/4.9.1/../../../../../H-x86_64-pc-linux-gnu/nios2-elf/lib/mno-hw-mul/libsmallc.a(lib_a-putc.o)
 .debug_aranges
                0x0000000000000168       0x20 /home/pp/altera/15.0/nios2eds/bin/gnu/H-x86_64-pc-linux-gnu/bin/../lib/gcc/nios2-elf/4.9.1/../../../../../H-x86_64-pc-linux-gnu/nios2-elf/lib/mno-hw-mul/libsmallc.a(lib_a-strlen.o)
 .debug_aranges
                0x0000000000000188       0x20 /home/pp/altera/15.0/nios2eds/bin/gnu/H-x86_64-pc-linux-gnu/bin/../lib/gcc/nios2-elf/4.9.1/../../../../../H-x86_64-pc-linux-gnu/nios2-elf/lib/mno-hw-mul/libsmallc.a(lib_a-writer.o)
 .debug_aranges
                0x00000000000001a8       0x18 /home/pp/altera/15.0/nios2eds/bin/gnu/H-x86_64-pc-linux-gnu/bin/../lib/gcc/nios2-elf/4.9.1/../../../../../H-x86_64-pc-linux-gnu/nios2-elf/lib/mno-hw-mul/libsmallc.a(lib_a-int_errno.o)
 .debug_aranges
                0x00000000000001c0       0x20 /home/pp/altera/15.0/nios2eds/bin/gnu/H-x86_64-pc-linux-gnu/bin/../lib/gcc/nios2-elf/4.9.1/mno-hw-mul/libgcc.a(_muldi3.o)
 .debug_aranges
                0x00000000000001e0       0x20 /home/pp/altera/15.0/nios2eds/bin/gnu/H-x86_64-pc-linux-gnu/bin/../lib/gcc/nios2-elf/4.9.1/mno-hw-mul/libgcc.a(lib2-mul.o)
 .debug_aranges
                0x0000000000000200       0x20 hal_bsp//libhal_bsp.a(alt_load.o)
 .debug_aranges
                0x0000000000000220       0x20 hal_bsp//libhal_bsp.a(alt_main.o)
 .debug_aranges
                0x0000000000000240       0x20 hal_bsp//libhal_bsp.a(alt_write.o)
 .debug_aranges
                0x0000000000000260       0x20 hal_bsp//libhal_bsp.a(alt_sys_init.o)
 .debug_aranges
                0x0000000000000280       0x20 hal_bsp//libhal_bsp.a(altera_avalon_jtag_uart_fd.o)
 .debug_aranges
                0x00000000000002a0       0x20 hal_bsp//libhal_bsp.a(altera_avalon_jtag_uart_read.o)
 .debug_aranges
                0x00000000000002c0       0x20 hal_bsp//libhal_bsp.a(altera_avalon_jtag_uart_write.o)
 .debug_aranges
                0x00000000000002e0       0x20 hal_bsp//libhal_bsp.a(altera_avalon_timer_ts.o)
 .debug_aranges
                0x0000000000000300       0x18 hal_bsp//libhal_bsp.a(altera_avalon_timer_vars.o)
 .debug_aranges
                0x0000000000000318       0x20 hal_bsp//libhal_bsp.a(alt_close.o)
 .debug_aranges
                0x0000000000000338       0x20 hal_bsp//libhal_bsp.a(alt_dcache_flush_all.o)
 .debug_aranges
                0x0000000000000358       0x20 hal_bsp//libhal_bsp.a(alt_dev.o)
 .debug_aranges
                0x0000000000000378       0x20 hal_bsp//libhal_bsp.a(alt_dev_llist_insert.o)
 .debug_aranges
                0x0000000000000398       0x20 hal_bsp//libhal_bsp.a(alt_do_ctors.o)
 .debug_aranges
                0x00000000000003b8       0x20 hal_bsp//libhal_bsp.a(alt_do_dtors.o)
 .debug_aranges
                0x00000000000003d8       0x18 hal_bsp//libhal_bsp.a(alt_errno.o)
 .debug_aranges
                0x00000000000003f0       0x20 hal_bsp//libhal_bsp.a(alt_icache_flush_all.o)
 .debug_aranges
                0x0000000000000410       0x20 hal_bsp//libhal_bsp.a(alt_io_redirect.o)
 .debug_aranges
                0x0000000000000430       0x20 hal_bsp//libhal_bsp.a(alt_open.o)
 .debug_aranges
                0x0000000000000450       0x20 hal_bsp//libhal_bsp.a(alt_release_fd.o)
 .debug_aranges
                0x0000000000000470       0x20 hal_bsp//libhal_bsp.a(altera_nios2_gen2_irq.o)
 .debug_aranges
                0x0000000000000490       0x20 hal_bsp//libhal_bsp.a(alt_find_dev.o)
 .debug_aranges
                0x00000000000004b0       0x20 hal_bsp//libhal_bsp.a(alt_find_file.o)
 .debug_aranges
                0x00000000000004d0       0x20 hal_bsp//libhal_bsp.a(alt_get_fd.o)
 .debug_aranges
                0x00000000000004f0       0x20 /home/pp/altera/15.0/nios2eds/bin/gnu/H-x86_64-pc-linux-gnu/bin/../lib/gcc/nios2-elf/4.9.1/../../../../../H-x86_64-pc-linux-gnu/nios2-elf/lib/mno-hw-mul/libsmallc.a(lib_a-atexit.o)
 .debug_aranges
                0x0000000000000510       0x20 /home/pp/altera/15.0/nios2eds/bin/gnu/H-x86_64-pc-linux-gnu/bin/../lib/gcc/nios2-elf/4.9.1/../../../../../H-x86_64-pc-linux-gnu/nios2-elf/lib/mno-hw-mul/libsmallc.a(lib_a-exit.o)
 .debug_aranges
                0x0000000000000530       0x20 /home/pp/altera/15.0/nios2eds/bin/gnu/H-x86_64-pc-linux-gnu/bin/../lib/gcc/nios2-elf/4.9.1/../../../../../H-x86_64-pc-linux-gnu/nios2-elf/lib/mno-hw-mul/libsmallc.a(lib_a-memcmp.o)
 .debug_aranges
                0x0000000000000550       0x20 /home/pp/altera/15.0/nios2eds/bin/gnu/H-x86_64-pc-linux-gnu/bin/../lib/gcc/nios2-elf/4.9.1/../../../../../H-x86_64-pc-linux-gnu/nios2-elf/lib/mno-hw-mul/libsmallc.a(lib_a-memcpy.o)
 .debug_aranges
                0x0000000000000570       0x20 /home/pp/altera/15.0/nios2eds/bin/gnu/H-x86_64-pc-linux-gnu/bin/../lib/gcc/nios2-elf/4.9.1/../../../../../H-x86_64-pc-linux-gnu/nios2-elf/lib/mno-hw-mul/libsmallc.a(lib_a-__atexit.o)
 .debug_aranges
                0x0000000000000590       0x20 /home/pp/altera/15.0/nios2eds/bin/gnu/H-x86_64-pc-linux-gnu/bin/../lib/gcc/nios2-elf/4.9.1/../../../../../H-x86_64-pc-linux-gnu/nios2-elf/lib/mno-hw-mul/libsmallc.a(lib_a-__call_atexit.o)
 .debug_aranges
                0x00000000000005b0       0x20 hal_bsp//libhal_bsp.a(alt_exit.o)

.debug_pubnames
 *(.debug_pubnames)

.debug_info     0x0000000000000000     0x8e37
 *(.debug_info .gnu.linkonce.wi.*)
 .debug_info    0x0000000000000000       0x7f hal_bsp//obj/HAL/src/crt0.o
 .debug_info    0x000000000000007f      0x85f obj/default/main.o
 .debug_info    0x00000000000008de      0x234 /home/pp/altera/15.0/nios2eds/bin/gnu/H-x86_64-pc-linux-gnu/bin/../lib/gcc/nios2-elf/4.9.1/mno-hw-mul/libgcc.a(lib2-divmod.o)
 .debug_info    0x0000000000000b12       0xd5 /home/pp/altera/15.0/nios2eds/bin/gnu/H-x86_64-pc-linux-gnu/bin/../lib/gcc/nios2-elf/4.9.1/../../../../../H-x86_64-pc-linux-gnu/nios2-elf/lib/mno-hw-mul/libsmallc.a(lib_a-memset.o)
 .debug_info    0x0000000000000be7      0x6c7 /home/pp/altera/15.0/nios2eds/bin/gnu/H-x86_64-pc-linux-gnu/bin/../lib/gcc/nios2-elf/4.9.1/../../../../../H-x86_64-pc-linux-gnu/nios2-elf/lib/mno-hw-mul/libsmallc.a(lib_a-printf.o)
 .debug_info    0x00000000000012ae      0x639 /home/pp/altera/15.0/nios2eds/bin/gnu/H-x86_64-pc-linux-gnu/bin/../lib/gcc/nios2-elf/4.9.1/../../../../../H-x86_64-pc-linux-gnu/nios2-elf/lib/mno-hw-mul/libsmallc.a(lib_a-putchar.o)
 .debug_info    0x00000000000018e7       0xc3 /home/pp/altera/15.0/nios2eds/bin/gnu/H-x86_64-pc-linux-gnu/bin/../lib/gcc/nios2-elf/4.9.1/../../../../../H-x86_64-pc-linux-gnu/nios2-elf/lib/mno-hw-mul/libsmallc.a(lib_a-rand.o)
 .debug_info    0x00000000000019aa      0xb49 /home/pp/altera/15.0/nios2eds/bin/gnu/H-x86_64-pc-linux-gnu/bin/../lib/gcc/nios2-elf/4.9.1/../../../../../H-x86_64-pc-linux-gnu/nios2-elf/lib/mno-hw-mul/libsmallc.a(lib_a-vfprintf.o)
 .debug_info    0x00000000000024f3      0x656 /home/pp/altera/15.0/nios2eds/bin/gnu/H-x86_64-pc-linux-gnu/bin/../lib/gcc/nios2-elf/4.9.1/../../../../../H-x86_64-pc-linux-gnu/nios2-elf/lib/mno-hw-mul/libsmallc.a(lib_a-fvwrite_small_dev.o)
 .debug_info    0x0000000000002b49      0x5a7 /home/pp/altera/15.0/nios2eds/bin/gnu/H-x86_64-pc-linux-gnu/bin/../lib/gcc/nios2-elf/4.9.1/../../../../../H-x86_64-pc-linux-gnu/nios2-elf/lib/mno-hw-mul/libsmallc.a(lib_a-impure.o)
 .debug_info    0x00000000000030f0      0x680 /home/pp/altera/15.0/nios2eds/bin/gnu/H-x86_64-pc-linux-gnu/bin/../lib/gcc/nios2-elf/4.9.1/../../../../../H-x86_64-pc-linux-gnu/nios2-elf/lib/mno-hw-mul/libsmallc.a(lib_a-putc.o)
 .debug_info    0x0000000000003770       0xc2 /home/pp/altera/15.0/nios2eds/bin/gnu/H-x86_64-pc-linux-gnu/bin/../lib/gcc/nios2-elf/4.9.1/../../../../../H-x86_64-pc-linux-gnu/nios2-elf/lib/mno-hw-mul/libsmallc.a(lib_a-strlen.o)
 .debug_info    0x0000000000003832      0x639 /home/pp/altera/15.0/nios2eds/bin/gnu/H-x86_64-pc-linux-gnu/bin/../lib/gcc/nios2-elf/4.9.1/../../../../../H-x86_64-pc-linux-gnu/nios2-elf/lib/mno-hw-mul/libsmallc.a(lib_a-writer.o)
 .debug_info    0x0000000000003e6b       0x83 /home/pp/altera/15.0/nios2eds/bin/gnu/H-x86_64-pc-linux-gnu/bin/../lib/gcc/nios2-elf/4.9.1/../../../../../H-x86_64-pc-linux-gnu/nios2-elf/lib/mno-hw-mul/libsmallc.a(lib_a-int_errno.o)
 .debug_info    0x0000000000003eee      0x1e2 /home/pp/altera/15.0/nios2eds/bin/gnu/H-x86_64-pc-linux-gnu/bin/../lib/gcc/nios2-elf/4.9.1/mno-hw-mul/libgcc.a(_muldi3.o)
 .debug_info    0x00000000000040d0       0xb4 /home/pp/altera/15.0/nios2eds/bin/gnu/H-x86_64-pc-linux-gnu/bin/../lib/gcc/nios2-elf/4.9.1/mno-hw-mul/libgcc.a(lib2-mul.o)
 .debug_info    0x0000000000004184      0x1fb hal_bsp//libhal_bsp.a(alt_load.o)
 .debug_info    0x000000000000437f      0x257 hal_bsp//libhal_bsp.a(alt_main.o)
 .debug_info    0x00000000000045d6      0x4f1 hal_bsp//libhal_bsp.a(alt_write.o)
 .debug_info    0x0000000000004ac7      0x43c hal_bsp//libhal_bsp.a(alt_sys_init.o)
 .debug_info    0x0000000000004f03      0x422 hal_bsp//libhal_bsp.a(altera_avalon_jtag_uart_fd.o)
 .debug_info    0x0000000000005325      0x1ad hal_bsp//libhal_bsp.a(altera_avalon_jtag_uart_read.o)
 .debug_info    0x00000000000054d2      0x190 hal_bsp//libhal_bsp.a(altera_avalon_jtag_uart_write.o)
 .debug_info    0x0000000000005662      0x178 hal_bsp//libhal_bsp.a(altera_avalon_timer_ts.o)
 .debug_info    0x00000000000057da       0xe2 hal_bsp//libhal_bsp.a(altera_avalon_timer_vars.o)
 .debug_info    0x00000000000058bc      0x363 hal_bsp//libhal_bsp.a(alt_close.o)
 .debug_info    0x0000000000005c1f       0x8b hal_bsp//libhal_bsp.a(alt_dcache_flush_all.o)
 .debug_info    0x0000000000005caa      0x492 hal_bsp//libhal_bsp.a(alt_dev.o)
 .debug_info    0x000000000000613c      0x1b0 hal_bsp//libhal_bsp.a(alt_dev_llist_insert.o)
 .debug_info    0x00000000000062ec       0x84 hal_bsp//libhal_bsp.a(alt_do_ctors.o)
 .debug_info    0x0000000000006370       0x84 hal_bsp//libhal_bsp.a(alt_do_dtors.o)
 .debug_info    0x00000000000063f4       0x9f hal_bsp//libhal_bsp.a(alt_errno.o)
 .debug_info    0x0000000000006493       0x8b hal_bsp//libhal_bsp.a(alt_icache_flush_all.o)
 .debug_info    0x000000000000651e      0x5f5 hal_bsp//libhal_bsp.a(alt_io_redirect.o)
 .debug_info    0x0000000000006b13      0x4ac hal_bsp//libhal_bsp.a(alt_open.o)
 .debug_info    0x0000000000006fbf      0x2b1 hal_bsp//libhal_bsp.a(alt_release_fd.o)
 .debug_info    0x0000000000007270       0x8b hal_bsp//libhal_bsp.a(altera_nios2_gen2_irq.o)
 .debug_info    0x00000000000072fb      0x356 hal_bsp//libhal_bsp.a(alt_find_dev.o)
 .debug_info    0x0000000000007651      0x33d hal_bsp//libhal_bsp.a(alt_find_file.o)
 .debug_info    0x000000000000798e      0x30c hal_bsp//libhal_bsp.a(alt_get_fd.o)
 .debug_info    0x0000000000007c9a      0x10a /home/pp/altera/15.0/nios2eds/bin/gnu/H-x86_64-pc-linux-gnu/bin/../lib/gcc/nios2-elf/4.9.1/../../../../../H-x86_64-pc-linux-gnu/nios2-elf/lib/mno-hw-mul/libsmallc.a(lib_a-atexit.o)
 .debug_info    0x0000000000007da4       0xed /home/pp/altera/15.0/nios2eds/bin/gnu/H-x86_64-pc-linux-gnu/bin/../lib/gcc/nios2-elf/4.9.1/../../../../../H-x86_64-pc-linux-gnu/nios2-elf/lib/mno-hw-mul/libsmallc.a(lib_a-exit.o)
 .debug_info    0x0000000000007e91       0xed /home/pp/altera/15.0/nios2eds/bin/gnu/H-x86_64-pc-linux-gnu/bin/../lib/gcc/nios2-elf/4.9.1/../../../../../H-x86_64-pc-linux-gnu/nios2-elf/lib/mno-hw-mul/libsmallc.a(lib_a-memcmp.o)
 .debug_info    0x0000000000007f7e      0x106 /home/pp/altera/15.0/nios2eds/bin/gnu/H-x86_64-pc-linux-gnu/bin/../lib/gcc/nios2-elf/4.9.1/../../../../../H-x86_64-pc-linux-gnu/nios2-elf/lib/mno-hw-mul/libsmallc.a(lib_a-memcpy.o)
 .debug_info    0x0000000000008084      0x661 /home/pp/altera/15.0/nios2eds/bin/gnu/H-x86_64-pc-linux-gnu/bin/../lib/gcc/nios2-elf/4.9.1/../../../../../H-x86_64-pc-linux-gnu/nios2-elf/lib/mno-hw-mul/libsmallc.a(lib_a-__atexit.o)
 .debug_info    0x00000000000086e5      0x673 /home/pp/altera/15.0/nios2eds/bin/gnu/H-x86_64-pc-linux-gnu/bin/../lib/gcc/nios2-elf/4.9.1/../../../../../H-x86_64-pc-linux-gnu/nios2-elf/lib/mno-hw-mul/libsmallc.a(lib_a-__call_atexit.o)
 .debug_info    0x0000000000008d58       0xdf hal_bsp//libhal_bsp.a(alt_exit.o)

.debug_abbrev   0x0000000000000000     0x3205
 *(.debug_abbrev)
 .debug_abbrev  0x0000000000000000       0x12 hal_bsp//obj/HAL/src/crt0.o
 .debug_abbrev  0x0000000000000012      0x2ef obj/default/main.o
 .debug_abbrev  0x0000000000000301       0xd9 /home/pp/altera/15.0/nios2eds/bin/gnu/H-x86_64-pc-linux-gnu/bin/../lib/gcc/nios2-elf/4.9.1/mno-hw-mul/libgcc.a(lib2-divmod.o)
 .debug_abbrev  0x00000000000003da       0x8e /home/pp/altera/15.0/nios2eds/bin/gnu/H-x86_64-pc-linux-gnu/bin/../lib/gcc/nios2-elf/4.9.1/../../../../../H-x86_64-pc-linux-gnu/nios2-elf/lib/mno-hw-mul/libsmallc.a(lib_a-memset.o)
 .debug_abbrev  0x0000000000000468      0x1fe /home/pp/altera/15.0/nios2eds/bin/gnu/H-x86_64-pc-linux-gnu/bin/../lib/gcc/nios2-elf/4.9.1/../../../../../H-x86_64-pc-linux-gnu/nios2-elf/lib/mno-hw-mul/libsmallc.a(lib_a-printf.o)
 .debug_abbrev  0x0000000000000666      0x1b5 /home/pp/altera/15.0/nios2eds/bin/gnu/H-x86_64-pc-linux-gnu/bin/../lib/gcc/nios2-elf/4.9.1/../../../../../H-x86_64-pc-linux-gnu/nios2-elf/lib/mno-hw-mul/libsmallc.a(lib_a-putchar.o)
 .debug_abbrev  0x000000000000081b       0x7c /home/pp/altera/15.0/nios2eds/bin/gnu/H-x86_64-pc-linux-gnu/bin/../lib/gcc/nios2-elf/4.9.1/../../../../../H-x86_64-pc-linux-gnu/nios2-elf/lib/mno-hw-mul/libsmallc.a(lib_a-rand.o)
 .debug_abbrev  0x0000000000000897      0x2a1 /home/pp/altera/15.0/nios2eds/bin/gnu/H-x86_64-pc-linux-gnu/bin/../lib/gcc/nios2-elf/4.9.1/../../../../../H-x86_64-pc-linux-gnu/nios2-elf/lib/mno-hw-mul/libsmallc.a(lib_a-vfprintf.o)
 .debug_abbrev  0x0000000000000b38      0x1c3 /home/pp/altera/15.0/nios2eds/bin/gnu/H-x86_64-pc-linux-gnu/bin/../lib/gcc/nios2-elf/4.9.1/../../../../../H-x86_64-pc-linux-gnu/nios2-elf/lib/mno-hw-mul/libsmallc.a(lib_a-fvwrite_small_dev.o)
 .debug_abbrev  0x0000000000000cfb      0x14a /home/pp/altera/15.0/nios2eds/bin/gnu/H-x86_64-pc-linux-gnu/bin/../lib/gcc/nios2-elf/4.9.1/../../../../../H-x86_64-pc-linux-gnu/nios2-elf/lib/mno-hw-mul/libsmallc.a(lib_a-impure.o)
 .debug_abbrev  0x0000000000000e45      0x1bf /home/pp/altera/15.0/nios2eds/bin/gnu/H-x86_64-pc-linux-gnu/bin/../lib/gcc/nios2-elf/4.9.1/../../../../../H-x86_64-pc-linux-gnu/nios2-elf/lib/mno-hw-mul/libsmallc.a(lib_a-putc.o)
 .debug_abbrev  0x0000000000001004       0x7f /home/pp/altera/15.0/nios2eds/bin/gnu/H-x86_64-pc-linux-gnu/bin/../lib/gcc/nios2-elf/4.9.1/../../../../../H-x86_64-pc-linux-gnu/nios2-elf/lib/mno-hw-mul/libsmallc.a(lib_a-strlen.o)
 .debug_abbrev  0x0000000000001083      0x1a8 /home/pp/altera/15.0/nios2eds/bin/gnu/H-x86_64-pc-linux-gnu/bin/../lib/gcc/nios2-elf/4.9.1/../../../../../H-x86_64-pc-linux-gnu/nios2-elf/lib/mno-hw-mul/libsmallc.a(lib_a-writer.o)
 .debug_abbrev  0x000000000000122b       0x37 /home/pp/altera/15.0/nios2eds/bin/gnu/H-x86_64-pc-linux-gnu/bin/../lib/gcc/nios2-elf/4.9.1/../../../../../H-x86_64-pc-linux-gnu/nios2-elf/lib/mno-hw-mul/libsmallc.a(lib_a-int_errno.o)
 .debug_abbrev  0x0000000000001262       0xe0 /home/pp/altera/15.0/nios2eds/bin/gnu/H-x86_64-pc-linux-gnu/bin/../lib/gcc/nios2-elf/4.9.1/mno-hw-mul/libgcc.a(_muldi3.o)
 .debug_abbrev  0x0000000000001342       0x6f /home/pp/altera/15.0/nios2eds/bin/gnu/H-x86_64-pc-linux-gnu/bin/../lib/gcc/nios2-elf/4.9.1/mno-hw-mul/libgcc.a(lib2-mul.o)
 .debug_abbrev  0x00000000000013b1      0x10f hal_bsp//libhal_bsp.a(alt_load.o)
 .debug_abbrev  0x00000000000014c0      0x14d hal_bsp//libhal_bsp.a(alt_main.o)
 .debug_abbrev  0x000000000000160d      0x15f hal_bsp//libhal_bsp.a(alt_write.o)
 .debug_abbrev  0x000000000000176c      0x1a9 hal_bsp//libhal_bsp.a(alt_sys_init.o)
 .debug_abbrev  0x0000000000001915      0x139 hal_bsp//libhal_bsp.a(altera_avalon_jtag_uart_fd.o)
 .debug_abbrev  0x0000000000001a4e      0x102 hal_bsp//libhal_bsp.a(altera_avalon_jtag_uart_read.o)
 .debug_abbrev  0x0000000000001b50       0xd5 hal_bsp//libhal_bsp.a(altera_avalon_jtag_uart_write.o)
 .debug_abbrev  0x0000000000001c25       0xc4 hal_bsp//libhal_bsp.a(altera_avalon_timer_ts.o)
 .debug_abbrev  0x0000000000001ce9       0x83 hal_bsp//libhal_bsp.a(altera_avalon_timer_vars.o)
 .debug_abbrev  0x0000000000001d6c      0x16b hal_bsp//libhal_bsp.a(alt_close.o)
 .debug_abbrev  0x0000000000001ed7       0x42 hal_bsp//libhal_bsp.a(alt_dcache_flush_all.o)
 .debug_abbrev  0x0000000000001f19       0xd9 hal_bsp//libhal_bsp.a(alt_dev.o)
 .debug_abbrev  0x0000000000001ff2      0x11e hal_bsp//libhal_bsp.a(alt_dev_llist_insert.o)
 .debug_abbrev  0x0000000000002110       0x79 hal_bsp//libhal_bsp.a(alt_do_ctors.o)
 .debug_abbrev  0x0000000000002189       0x79 hal_bsp//libhal_bsp.a(alt_do_dtors.o)
 .debug_abbrev  0x0000000000002202       0x5a hal_bsp//libhal_bsp.a(alt_errno.o)
 .debug_abbrev  0x000000000000225c       0x42 hal_bsp//libhal_bsp.a(alt_icache_flush_all.o)
 .debug_abbrev  0x000000000000229e      0x1df hal_bsp//libhal_bsp.a(alt_io_redirect.o)
 .debug_abbrev  0x000000000000247d      0x1e8 hal_bsp//libhal_bsp.a(alt_open.o)
 .debug_abbrev  0x0000000000002665       0xde hal_bsp//libhal_bsp.a(alt_release_fd.o)
 .debug_abbrev  0x0000000000002743       0x42 hal_bsp//libhal_bsp.a(altera_nios2_gen2_irq.o)
 .debug_abbrev  0x0000000000002785      0x12e hal_bsp//libhal_bsp.a(alt_find_dev.o)
 .debug_abbrev  0x00000000000028b3      0x13f hal_bsp//libhal_bsp.a(alt_find_file.o)
 .debug_abbrev  0x00000000000029f2      0x10d hal_bsp//libhal_bsp.a(alt_get_fd.o)
 .debug_abbrev  0x0000000000002aff       0xb8 /home/pp/altera/15.0/nios2eds/bin/gnu/H-x86_64-pc-linux-gnu/bin/../lib/gcc/nios2-elf/4.9.1/../../../../../H-x86_64-pc-linux-gnu/nios2-elf/lib/mno-hw-mul/libsmallc.a(lib_a-atexit.o)
 .debug_abbrev  0x0000000000002bb7       0xa9 /home/pp/altera/15.0/nios2eds/bin/gnu/H-x86_64-pc-linux-gnu/bin/../lib/gcc/nios2-elf/4.9.1/../../../../../H-x86_64-pc-linux-gnu/nios2-elf/lib/mno-hw-mul/libsmallc.a(lib_a-exit.o)
 .debug_abbrev  0x0000000000002c60       0x7f /home/pp/altera/15.0/nios2eds/bin/gnu/H-x86_64-pc-linux-gnu/bin/../lib/gcc/nios2-elf/4.9.1/../../../../../H-x86_64-pc-linux-gnu/nios2-elf/lib/mno-hw-mul/libsmallc.a(lib_a-memcmp.o)
 .debug_abbrev  0x0000000000002cdf       0xa4 /home/pp/altera/15.0/nios2eds/bin/gnu/H-x86_64-pc-linux-gnu/bin/../lib/gcc/nios2-elf/4.9.1/../../../../../H-x86_64-pc-linux-gnu/nios2-elf/lib/mno-hw-mul/libsmallc.a(lib_a-memcpy.o)
 .debug_abbrev  0x0000000000002d83      0x1f5 /home/pp/altera/15.0/nios2eds/bin/gnu/H-x86_64-pc-linux-gnu/bin/../lib/gcc/nios2-elf/4.9.1/../../../../../H-x86_64-pc-linux-gnu/nios2-elf/lib/mno-hw-mul/libsmallc.a(lib_a-__atexit.o)
 .debug_abbrev  0x0000000000002f78      0x1e9 /home/pp/altera/15.0/nios2eds/bin/gnu/H-x86_64-pc-linux-gnu/bin/../lib/gcc/nios2-elf/4.9.1/../../../../../H-x86_64-pc-linux-gnu/nios2-elf/lib/mno-hw-mul/libsmallc.a(lib_a-__call_atexit.o)
 .debug_abbrev  0x0000000000003161       0xa4 hal_bsp//libhal_bsp.a(alt_exit.o)

.debug_line     0x0000000000000000     0x36fd
 *(.debug_line)
 .debug_line    0x0000000000000000       0x66 hal_bsp//obj/HAL/src/crt0.o
 .debug_line    0x0000000000000066      0x247 obj/default/main.o
 .debug_line    0x00000000000002ad       0xc7 /home/pp/altera/15.0/nios2eds/bin/gnu/H-x86_64-pc-linux-gnu/bin/../lib/gcc/nios2-elf/4.9.1/mno-hw-mul/libgcc.a(lib2-divmod.o)
 .debug_line    0x0000000000000374      0x15f /home/pp/altera/15.0/nios2eds/bin/gnu/H-x86_64-pc-linux-gnu/bin/../lib/gcc/nios2-elf/4.9.1/../../../../../H-x86_64-pc-linux-gnu/nios2-elf/lib/mno-hw-mul/libsmallc.a(lib_a-memset.o)
 .debug_line    0x00000000000004d3      0x1fd /home/pp/altera/15.0/nios2eds/bin/gnu/H-x86_64-pc-linux-gnu/bin/../lib/gcc/nios2-elf/4.9.1/../../../../../H-x86_64-pc-linux-gnu/nios2-elf/lib/mno-hw-mul/libsmallc.a(lib_a-printf.o)
 .debug_line    0x00000000000006d0      0x1de /home/pp/altera/15.0/nios2eds/bin/gnu/H-x86_64-pc-linux-gnu/bin/../lib/gcc/nios2-elf/4.9.1/../../../../../H-x86_64-pc-linux-gnu/nios2-elf/lib/mno-hw-mul/libsmallc.a(lib_a-putchar.o)
 .debug_line    0x00000000000008ae       0xe4 /home/pp/altera/15.0/nios2eds/bin/gnu/H-x86_64-pc-linux-gnu/bin/../lib/gcc/nios2-elf/4.9.1/../../../../../H-x86_64-pc-linux-gnu/nios2-elf/lib/mno-hw-mul/libsmallc.a(lib_a-rand.o)
 .debug_line    0x0000000000000992      0x34d /home/pp/altera/15.0/nios2eds/bin/gnu/H-x86_64-pc-linux-gnu/bin/../lib/gcc/nios2-elf/4.9.1/../../../../../H-x86_64-pc-linux-gnu/nios2-elf/lib/mno-hw-mul/libsmallc.a(lib_a-vfprintf.o)
 .debug_line    0x0000000000000cdf      0x1f5 /home/pp/altera/15.0/nios2eds/bin/gnu/H-x86_64-pc-linux-gnu/bin/../lib/gcc/nios2-elf/4.9.1/../../../../../H-x86_64-pc-linux-gnu/nios2-elf/lib/mno-hw-mul/libsmallc.a(lib_a-fvwrite_small_dev.o)
 .debug_line    0x0000000000000ed4      0x158 /home/pp/altera/15.0/nios2eds/bin/gnu/H-x86_64-pc-linux-gnu/bin/../lib/gcc/nios2-elf/4.9.1/../../../../../H-x86_64-pc-linux-gnu/nios2-elf/lib/mno-hw-mul/libsmallc.a(lib_a-impure.o)
 .debug_line    0x000000000000102c      0x1f8 /home/pp/altera/15.0/nios2eds/bin/gnu/H-x86_64-pc-linux-gnu/bin/../lib/gcc/nios2-elf/4.9.1/../../../../../H-x86_64-pc-linux-gnu/nios2-elf/lib/mno-hw-mul/libsmallc.a(lib_a-putc.o)
 .debug_line    0x0000000000001224      0x15e /home/pp/altera/15.0/nios2eds/bin/gnu/H-x86_64-pc-linux-gnu/bin/../lib/gcc/nios2-elf/4.9.1/../../../../../H-x86_64-pc-linux-gnu/nios2-elf/lib/mno-hw-mul/libsmallc.a(lib_a-strlen.o)
 .debug_line    0x0000000000001382      0x1f0 /home/pp/altera/15.0/nios2eds/bin/gnu/H-x86_64-pc-linux-gnu/bin/../lib/gcc/nios2-elf/4.9.1/../../../../../H-x86_64-pc-linux-gnu/nios2-elf/lib/mno-hw-mul/libsmallc.a(lib_a-writer.o)
 .debug_line    0x0000000000001572       0x60 /home/pp/altera/15.0/nios2eds/bin/gnu/H-x86_64-pc-linux-gnu/bin/../lib/gcc/nios2-elf/4.9.1/../../../../../H-x86_64-pc-linux-gnu/nios2-elf/lib/mno-hw-mul/libsmallc.a(lib_a-int_errno.o)
 .debug_line    0x00000000000015d2       0xa1 /home/pp/altera/15.0/nios2eds/bin/gnu/H-x86_64-pc-linux-gnu/bin/../lib/gcc/nios2-elf/4.9.1/mno-hw-mul/libgcc.a(_muldi3.o)
 .debug_line    0x0000000000001673       0x80 /home/pp/altera/15.0/nios2eds/bin/gnu/H-x86_64-pc-linux-gnu/bin/../lib/gcc/nios2-elf/4.9.1/mno-hw-mul/libgcc.a(lib2-mul.o)
 .debug_line    0x00000000000016f3       0xa9 hal_bsp//libhal_bsp.a(alt_load.o)
 .debug_line    0x000000000000179c      0x17f hal_bsp//libhal_bsp.a(alt_main.o)
 .debug_line    0x000000000000191b      0x1df hal_bsp//libhal_bsp.a(alt_write.o)
 .debug_line    0x0000000000001afa      0x168 hal_bsp//libhal_bsp.a(alt_sys_init.o)
 .debug_line    0x0000000000001c62      0x10b hal_bsp//libhal_bsp.a(altera_avalon_jtag_uart_fd.o)
 .debug_line    0x0000000000001d6d      0x110 hal_bsp//libhal_bsp.a(altera_avalon_jtag_uart_read.o)
 .debug_line    0x0000000000001e7d       0xef hal_bsp//libhal_bsp.a(altera_avalon_jtag_uart_write.o)
 .debug_line    0x0000000000001f6c       0xe6 hal_bsp//libhal_bsp.a(altera_avalon_timer_ts.o)
 .debug_line    0x0000000000002052       0x8a hal_bsp//libhal_bsp.a(altera_avalon_timer_vars.o)
 .debug_line    0x00000000000020dc      0x162 hal_bsp//libhal_bsp.a(alt_close.o)
 .debug_line    0x000000000000223e       0x4e hal_bsp//libhal_bsp.a(alt_dcache_flush_all.o)
 .debug_line    0x000000000000228c       0xf9 hal_bsp//libhal_bsp.a(alt_dev.o)
 .debug_line    0x0000000000002385       0xe1 hal_bsp//libhal_bsp.a(alt_dev_llist_insert.o)
 .debug_line    0x0000000000002466       0x5f hal_bsp//libhal_bsp.a(alt_do_ctors.o)
 .debug_line    0x00000000000024c5       0x5f hal_bsp//libhal_bsp.a(alt_do_dtors.o)
 .debug_line    0x0000000000002524       0x51 hal_bsp//libhal_bsp.a(alt_errno.o)
 .debug_line    0x0000000000002575       0x4e hal_bsp//libhal_bsp.a(alt_icache_flush_all.o)
 .debug_line    0x00000000000025c3      0x16a hal_bsp//libhal_bsp.a(alt_io_redirect.o)
 .debug_line    0x000000000000272d      0x118 hal_bsp//libhal_bsp.a(alt_open.o)
 .debug_line    0x0000000000002845       0xb1 hal_bsp//libhal_bsp.a(alt_release_fd.o)
 .debug_line    0x00000000000028f6       0x50 hal_bsp//libhal_bsp.a(altera_nios2_gen2_irq.o)
 .debug_line    0x0000000000002946      0x179 hal_bsp//libhal_bsp.a(alt_find_dev.o)
 .debug_line    0x0000000000002abf      0x192 hal_bsp//libhal_bsp.a(alt_find_file.o)
 .debug_line    0x0000000000002c51       0xcf hal_bsp//libhal_bsp.a(alt_get_fd.o)
 .debug_line    0x0000000000002d20       0xea /home/pp/altera/15.0/nios2eds/bin/gnu/H-x86_64-pc-linux-gnu/bin/../lib/gcc/nios2-elf/4.9.1/../../../../../H-x86_64-pc-linux-gnu/nios2-elf/lib/mno-hw-mul/libsmallc.a(lib_a-atexit.o)
 .debug_line    0x0000000000002e0a      0x15a /home/pp/altera/15.0/nios2eds/bin/gnu/H-x86_64-pc-linux-gnu/bin/../lib/gcc/nios2-elf/4.9.1/../../../../../H-x86_64-pc-linux-gnu/nios2-elf/lib/mno-hw-mul/libsmallc.a(lib_a-exit.o)
 .debug_line    0x0000000000002f64      0x162 /home/pp/altera/15.0/nios2eds/bin/gnu/H-x86_64-pc-linux-gnu/bin/../lib/gcc/nios2-elf/4.9.1/../../../../../H-x86_64-pc-linux-gnu/nios2-elf/lib/mno-hw-mul/libsmallc.a(lib_a-memcmp.o)
 .debug_line    0x00000000000030c6      0x160 /home/pp/altera/15.0/nios2eds/bin/gnu/H-x86_64-pc-linux-gnu/bin/../lib/gcc/nios2-elf/4.9.1/../../../../../H-x86_64-pc-linux-gnu/nios2-elf/lib/mno-hw-mul/libsmallc.a(lib_a-memcpy.o)
 .debug_line    0x0000000000003226      0x214 /home/pp/altera/15.0/nios2eds/bin/gnu/H-x86_64-pc-linux-gnu/bin/../lib/gcc/nios2-elf/4.9.1/../../../../../H-x86_64-pc-linux-gnu/nios2-elf/lib/mno-hw-mul/libsmallc.a(lib_a-__atexit.o)
 .debug_line    0x000000000000343a      0x252 /home/pp/altera/15.0/nios2eds/bin/gnu/H-x86_64-pc-linux-gnu/bin/../lib/gcc/nios2-elf/4.9.1/../../../../../H-x86_64-pc-linux-gnu/nios2-elf/lib/mno-hw-mul/libsmallc.a(lib_a-__call_atexit.o)
 .debug_line    0x000000000000368c       0x71 hal_bsp//libhal_bsp.a(alt_exit.o)

.debug_frame    0x0000000000000000      0xa90
 *(.debug_frame)
 .debug_frame   0x0000000000000000      0x198 obj/default/main.o
 .debug_frame   0x0000000000000198       0x8c /home/pp/altera/15.0/nios2eds/bin/gnu/H-x86_64-pc-linux-gnu/bin/../lib/gcc/nios2-elf/4.9.1/mno-hw-mul/libgcc.a(lib2-divmod.o)
 .debug_frame   0x0000000000000224       0x20 /home/pp/altera/15.0/nios2eds/bin/gnu/H-x86_64-pc-linux-gnu/bin/../lib/gcc/nios2-elf/4.9.1/../../../../../H-x86_64-pc-linux-gnu/nios2-elf/lib/mno-hw-mul/libsmallc.a(lib_a-memset.o)
 .debug_frame   0x0000000000000244       0x48 /home/pp/altera/15.0/nios2eds/bin/gnu/H-x86_64-pc-linux-gnu/bin/../lib/gcc/nios2-elf/4.9.1/../../../../../H-x86_64-pc-linux-gnu/nios2-elf/lib/mno-hw-mul/libsmallc.a(lib_a-printf.o)
 .debug_frame   0x000000000000028c       0x30 /home/pp/altera/15.0/nios2eds/bin/gnu/H-x86_64-pc-linux-gnu/bin/../lib/gcc/nios2-elf/4.9.1/../../../../../H-x86_64-pc-linux-gnu/nios2-elf/lib/mno-hw-mul/libsmallc.a(lib_a-putchar.o)
 .debug_frame   0x00000000000002bc       0x40 /home/pp/altera/15.0/nios2eds/bin/gnu/H-x86_64-pc-linux-gnu/bin/../lib/gcc/nios2-elf/4.9.1/../../../../../H-x86_64-pc-linux-gnu/nios2-elf/lib/mno-hw-mul/libsmallc.a(lib_a-rand.o)
 .debug_frame   0x00000000000002fc       0x8c /home/pp/altera/15.0/nios2eds/bin/gnu/H-x86_64-pc-linux-gnu/bin/../lib/gcc/nios2-elf/4.9.1/../../../../../H-x86_64-pc-linux-gnu/nios2-elf/lib/mno-hw-mul/libsmallc.a(lib_a-vfprintf.o)
 .debug_frame   0x0000000000000388       0x40 /home/pp/altera/15.0/nios2eds/bin/gnu/H-x86_64-pc-linux-gnu/bin/../lib/gcc/nios2-elf/4.9.1/../../../../../H-x86_64-pc-linux-gnu/nios2-elf/lib/mno-hw-mul/libsmallc.a(lib_a-fvwrite_small_dev.o)
 .debug_frame   0x00000000000003c8       0x50 /home/pp/altera/15.0/nios2eds/bin/gnu/H-x86_64-pc-linux-gnu/bin/../lib/gcc/nios2-elf/4.9.1/../../../../../H-x86_64-pc-linux-gnu/nios2-elf/lib/mno-hw-mul/libsmallc.a(lib_a-putc.o)
 .debug_frame   0x0000000000000418       0x20 /home/pp/altera/15.0/nios2eds/bin/gnu/H-x86_64-pc-linux-gnu/bin/../lib/gcc/nios2-elf/4.9.1/../../../../../H-x86_64-pc-linux-gnu/nios2-elf/lib/mno-hw-mul/libsmallc.a(lib_a-strlen.o)
 .debug_frame   0x0000000000000438       0x38 /home/pp/altera/15.0/nios2eds/bin/gnu/H-x86_64-pc-linux-gnu/bin/../lib/gcc/nios2-elf/4.9.1/../../../../../H-x86_64-pc-linux-gnu/nios2-elf/lib/mno-hw-mul/libsmallc.a(lib_a-writer.o)
 .debug_frame   0x0000000000000470       0x54 /home/pp/altera/15.0/nios2eds/bin/gnu/H-x86_64-pc-linux-gnu/bin/../lib/gcc/nios2-elf/4.9.1/mno-hw-mul/libgcc.a(_muldi3.o)
 .debug_frame   0x00000000000004c4       0x20 /home/pp/altera/15.0/nios2eds/bin/gnu/H-x86_64-pc-linux-gnu/bin/../lib/gcc/nios2-elf/4.9.1/mno-hw-mul/libgcc.a(lib2-mul.o)
 .debug_frame   0x00000000000004e4       0x2c hal_bsp//libhal_bsp.a(alt_load.o)
 .debug_frame   0x0000000000000510       0x28 hal_bsp//libhal_bsp.a(alt_main.o)
 .debug_frame   0x0000000000000538       0x44 hal_bsp//libhal_bsp.a(alt_write.o)
 .debug_frame   0x000000000000057c       0x3c hal_bsp//libhal_bsp.a(alt_sys_init.o)
 .debug_frame   0x00000000000005b8       0x30 hal_bsp//libhal_bsp.a(altera_avalon_jtag_uart_fd.o)
 .debug_frame   0x00000000000005e8       0x20 hal_bsp//libhal_bsp.a(altera_avalon_jtag_uart_read.o)
 .debug_frame   0x0000000000000608       0x20 hal_bsp//libhal_bsp.a(altera_avalon_jtag_uart_write.o)
 .debug_frame   0x0000000000000628       0x40 hal_bsp//libhal_bsp.a(altera_avalon_timer_ts.o)
 .debug_frame   0x0000000000000668       0x38 hal_bsp//libhal_bsp.a(alt_close.o)
 .debug_frame   0x00000000000006a0       0x20 hal_bsp//libhal_bsp.a(alt_dcache_flush_all.o)
 .debug_frame   0x00000000000006c0       0x20 hal_bsp//libhal_bsp.a(alt_dev.o)
 .debug_frame   0x00000000000006e0       0x2c hal_bsp//libhal_bsp.a(alt_dev_llist_insert.o)
 .debug_frame   0x000000000000070c       0x38 hal_bsp//libhal_bsp.a(alt_do_ctors.o)
 .debug_frame   0x0000000000000744       0x38 hal_bsp//libhal_bsp.a(alt_do_dtors.o)
 .debug_frame   0x000000000000077c       0x20 hal_bsp//libhal_bsp.a(alt_icache_flush_all.o)
 .debug_frame   0x000000000000079c       0x50 hal_bsp//libhal_bsp.a(alt_io_redirect.o)
 .debug_frame   0x00000000000007ec       0x44 hal_bsp//libhal_bsp.a(alt_open.o)
 .debug_frame   0x0000000000000830       0x34 hal_bsp//libhal_bsp.a(alt_release_fd.o)
 .debug_frame   0x0000000000000864       0x20 hal_bsp//libhal_bsp.a(altera_nios2_gen2_irq.o)
 .debug_frame   0x0000000000000884       0x40 hal_bsp//libhal_bsp.a(alt_find_dev.o)
 .debug_frame   0x00000000000008c4       0x48 hal_bsp//libhal_bsp.a(alt_find_file.o)
 .debug_frame   0x000000000000090c       0x40 hal_bsp//libhal_bsp.a(alt_get_fd.o)
 .debug_frame   0x000000000000094c       0x20 /home/pp/altera/15.0/nios2eds/bin/gnu/H-x86_64-pc-linux-gnu/bin/../lib/gcc/nios2-elf/4.9.1/../../../../../H-x86_64-pc-linux-gnu/nios2-elf/lib/mno-hw-mul/libsmallc.a(lib_a-atexit.o)
 .debug_frame   0x000000000000096c       0x28 /home/pp/altera/15.0/nios2eds/bin/gnu/H-x86_64-pc-linux-gnu/bin/../lib/gcc/nios2-elf/4.9.1/../../../../../H-x86_64-pc-linux-gnu/nios2-elf/lib/mno-hw-mul/libsmallc.a(lib_a-exit.o)
 .debug_frame   0x0000000000000994       0x20 /home/pp/altera/15.0/nios2eds/bin/gnu/H-x86_64-pc-linux-gnu/bin/../lib/gcc/nios2-elf/4.9.1/../../../../../H-x86_64-pc-linux-gnu/nios2-elf/lib/mno-hw-mul/libsmallc.a(lib_a-memcmp.o)
 .debug_frame   0x00000000000009b4       0x20 /home/pp/altera/15.0/nios2eds/bin/gnu/H-x86_64-pc-linux-gnu/bin/../lib/gcc/nios2-elf/4.9.1/../../../../../H-x86_64-pc-linux-gnu/nios2-elf/lib/mno-hw-mul/libsmallc.a(lib_a-memcpy.o)
 .debug_frame   0x00000000000009d4       0x48 /home/pp/altera/15.0/nios2eds/bin/gnu/H-x86_64-pc-linux-gnu/bin/../lib/gcc/nios2-elf/4.9.1/../../../../../H-x86_64-pc-linux-gnu/nios2-elf/lib/mno-hw-mul/libsmallc.a(lib_a-__atexit.o)
 .debug_frame   0x0000000000000a1c       0x54 /home/pp/altera/15.0/nios2eds/bin/gnu/H-x86_64-pc-linux-gnu/bin/../lib/gcc/nios2-elf/4.9.1/../../../../../H-x86_64-pc-linux-gnu/nios2-elf/lib/mno-hw-mul/libsmallc.a(lib_a-__call_atexit.o)
 .debug_frame   0x0000000000000a70       0x20 hal_bsp//libhal_bsp.a(alt_exit.o)

.debug_str      0x0000000000000000     0x196e
 *(.debug_str)
 .debug_str     0x0000000000000000      0x1da obj/default/main.o
                                        0x238 (size before relaxing)
 .debug_str     0x00000000000001da      0x186 /home/pp/altera/15.0/nios2eds/bin/gnu/H-x86_64-pc-linux-gnu/bin/../lib/gcc/nios2-elf/4.9.1/mno-hw-mul/libgcc.a(lib2-divmod.o)
                                        0x1d1 (size before relaxing)
 .debug_str     0x0000000000000360      0x104 /home/pp/altera/15.0/nios2eds/bin/gnu/H-x86_64-pc-linux-gnu/bin/../lib/gcc/nios2-elf/4.9.1/../../../../../H-x86_64-pc-linux-gnu/nios2-elf/lib/mno-hw-mul/libsmallc.a(lib_a-memset.o)
                                        0x1a4 (size before relaxing)
 .debug_str     0x0000000000000464      0x3c3 /home/pp/altera/15.0/nios2eds/bin/gnu/H-x86_64-pc-linux-gnu/bin/../lib/gcc/nios2-elf/4.9.1/../../../../../H-x86_64-pc-linux-gnu/nios2-elf/lib/mno-hw-mul/libsmallc.a(lib_a-printf.o)
                                        0x4ce (size before relaxing)
 .debug_str     0x0000000000000827       0x51 /home/pp/altera/15.0/nios2eds/bin/gnu/H-x86_64-pc-linux-gnu/bin/../lib/gcc/nios2-elf/4.9.1/../../../../../H-x86_64-pc-linux-gnu/nios2-elf/lib/mno-hw-mul/libsmallc.a(lib_a-putchar.o)
                                        0x485 (size before relaxing)
 .debug_str     0x0000000000000878       0xe2 /home/pp/altera/15.0/nios2eds/bin/gnu/H-x86_64-pc-linux-gnu/bin/../lib/gcc/nios2-elf/4.9.1/../../../../../H-x86_64-pc-linux-gnu/nios2-elf/lib/mno-hw-mul/libsmallc.a(lib_a-rand.o)
                                        0x1ae (size before relaxing)
 .debug_str     0x000000000000095a      0x1d5 /home/pp/altera/15.0/nios2eds/bin/gnu/H-x86_64-pc-linux-gnu/bin/../lib/gcc/nios2-elf/4.9.1/../../../../../H-x86_64-pc-linux-gnu/nios2-elf/lib/mno-hw-mul/libsmallc.a(lib_a-vfprintf.o)
                                        0x65c (size before relaxing)
 .debug_str     0x0000000000000b2f       0x82 /home/pp/altera/15.0/nios2eds/bin/gnu/H-x86_64-pc-linux-gnu/bin/../lib/gcc/nios2-elf/4.9.1/../../../../../H-x86_64-pc-linux-gnu/nios2-elf/lib/mno-hw-mul/libsmallc.a(lib_a-fvwrite_small_dev.o)
                                        0x4a9 (size before relaxing)
 .debug_str     0x0000000000000bb1       0xf1 /home/pp/altera/15.0/nios2eds/bin/gnu/H-x86_64-pc-linux-gnu/bin/../lib/gcc/nios2-elf/4.9.1/../../../../../H-x86_64-pc-linux-gnu/nios2-elf/lib/mno-hw-mul/libsmallc.a(lib_a-impure.o)
                                        0x483 (size before relaxing)
 .debug_str     0x0000000000000ca2       0x47 /home/pp/altera/15.0/nios2eds/bin/gnu/H-x86_64-pc-linux-gnu/bin/../lib/gcc/nios2-elf/4.9.1/../../../../../H-x86_64-pc-linux-gnu/nios2-elf/lib/mno-hw-mul/libsmallc.a(lib_a-putc.o)
                                        0x490 (size before relaxing)
 .debug_str     0x0000000000000ce9       0x3e /home/pp/altera/15.0/nios2eds/bin/gnu/H-x86_64-pc-linux-gnu/bin/../lib/gcc/nios2-elf/4.9.1/../../../../../H-x86_64-pc-linux-gnu/nios2-elf/lib/mno-hw-mul/libsmallc.a(lib_a-strlen.o)
                                        0x1aa (size before relaxing)
 .debug_str     0x0000000000000d27       0x3d /home/pp/altera/15.0/nios2eds/bin/gnu/H-x86_64-pc-linux-gnu/bin/../lib/gcc/nios2-elf/4.9.1/../../../../../H-x86_64-pc-linux-gnu/nios2-elf/lib/mno-hw-mul/libsmallc.a(lib_a-writer.o)
                                        0x47d (size before relaxing)
 .debug_str     0x0000000000000d64       0x40 /home/pp/altera/15.0/nios2eds/bin/gnu/H-x86_64-pc-linux-gnu/bin/../lib/gcc/nios2-elf/4.9.1/../../../../../H-x86_64-pc-linux-gnu/nios2-elf/lib/mno-hw-mul/libsmallc.a(lib_a-int_errno.o)
                                        0x19d (size before relaxing)
 .debug_str     0x0000000000000da4       0x94 /home/pp/altera/15.0/nios2eds/bin/gnu/H-x86_64-pc-linux-gnu/bin/../lib/gcc/nios2-elf/4.9.1/mno-hw-mul/libgcc.a(_muldi3.o)
                                        0x218 (size before relaxing)
 .debug_str     0x0000000000000e38       0x40 /home/pp/altera/15.0/nios2eds/bin/gnu/H-x86_64-pc-linux-gnu/bin/../lib/gcc/nios2-elf/4.9.1/mno-hw-mul/libgcc.a(lib2-mul.o)
                                        0x192 (size before relaxing)
 .debug_str     0x0000000000000e78      0x165 hal_bsp//libhal_bsp.a(alt_load.o)
                                        0x237 (size before relaxing)
 .debug_str     0x0000000000000fdd       0x7e hal_bsp//libhal_bsp.a(alt_main.o)
                                        0x1dc (size before relaxing)
 .debug_str     0x000000000000105b      0x159 hal_bsp//libhal_bsp.a(alt_write.o)
                                        0x2ec (size before relaxing)
 .debug_str     0x00000000000011b4      0x14e hal_bsp//libhal_bsp.a(alt_sys_init.o)
                                        0x330 (size before relaxing)
 .debug_str     0x0000000000001302       0xb2 hal_bsp//libhal_bsp.a(altera_avalon_jtag_uart_fd.o)
                                        0x304 (size before relaxing)
 .debug_str     0x00000000000013b4       0x2b hal_bsp//libhal_bsp.a(altera_avalon_jtag_uart_read.o)
                                        0x213 (size before relaxing)
 .debug_str     0x00000000000013df       0x2c hal_bsp//libhal_bsp.a(altera_avalon_jtag_uart_write.o)
                                        0x209 (size before relaxing)
 .debug_str     0x000000000000140b       0x44 hal_bsp//libhal_bsp.a(altera_avalon_timer_ts.o)
                                        0x1f8 (size before relaxing)
 .debug_str     0x000000000000144f       0x27 hal_bsp//libhal_bsp.a(altera_avalon_timer_vars.o)
                                        0x1ad (size before relaxing)
 .debug_str     0x0000000000001476       0x2a hal_bsp//libhal_bsp.a(alt_close.o)
                                        0x20e (size before relaxing)
 .debug_str     0x00000000000014a0       0x1f hal_bsp//libhal_bsp.a(alt_dcache_flush_all.o)
                                        0x149 (size before relaxing)
 .debug_str     0x00000000000014bf       0x50 hal_bsp//libhal_bsp.a(alt_dev.o)
                                        0x2f9 (size before relaxing)
 .debug_str     0x000000000000150f       0x36 hal_bsp//libhal_bsp.a(alt_dev_llist_insert.o)
                                        0x1c0 (size before relaxing)
 .debug_str     0x0000000000001545       0x3e hal_bsp//libhal_bsp.a(alt_do_ctors.o)
                                         0xd0 (size before relaxing)
 .debug_str     0x0000000000001583       0x4c hal_bsp//libhal_bsp.a(alt_do_dtors.o)
                                         0xcf (size before relaxing)
 .debug_str     0x00000000000015cf       0x14 hal_bsp//libhal_bsp.a(alt_errno.o)
                                        0x139 (size before relaxing)
 .debug_str     0x00000000000015e3       0x1f hal_bsp//libhal_bsp.a(alt_icache_flush_all.o)
                                        0x149 (size before relaxing)
 .debug_str     0x0000000000001602       0x46 hal_bsp//libhal_bsp.a(alt_io_redirect.o)
                                        0x319 (size before relaxing)
 .debug_str     0x0000000000001648       0x5c hal_bsp//libhal_bsp.a(alt_open.o)
                                        0x274 (size before relaxing)
 .debug_str     0x00000000000016a4       0x19 hal_bsp//libhal_bsp.a(alt_release_fd.o)
                                        0x1d3 (size before relaxing)
 .debug_str     0x00000000000016bd       0x20 hal_bsp//libhal_bsp.a(altera_nios2_gen2_irq.o)
                                        0x150 (size before relaxing)
 .debug_str     0x00000000000016dd       0x1e hal_bsp//libhal_bsp.a(alt_find_dev.o)
                                        0x1f5 (size before relaxing)
 .debug_str     0x00000000000016fb       0x18 hal_bsp//libhal_bsp.a(alt_find_file.o)
                                        0x203 (size before relaxing)
 .debug_str     0x0000000000001713       0x25 hal_bsp//libhal_bsp.a(alt_get_fd.o)
                                        0x210 (size before relaxing)
 .debug_str     0x0000000000001738       0x82 /home/pp/altera/15.0/nios2eds/bin/gnu/H-x86_64-pc-linux-gnu/bin/../lib/gcc/nios2-elf/4.9.1/../../../../../H-x86_64-pc-linux-gnu/nios2-elf/lib/mno-hw-mul/libsmallc.a(lib_a-atexit.o)
                                        0x1e1 (size before relaxing)
 .debug_str     0x00000000000017ba       0x4d /home/pp/altera/15.0/nios2eds/bin/gnu/H-x86_64-pc-linux-gnu/bin/../lib/gcc/nios2-elf/4.9.1/../../../../../H-x86_64-pc-linux-gnu/nios2-elf/lib/mno-hw-mul/libsmallc.a(lib_a-exit.o)
                                        0x1b5 (size before relaxing)
 .debug_str     0x0000000000001807       0x3e /home/pp/altera/15.0/nios2eds/bin/gnu/H-x86_64-pc-linux-gnu/bin/../lib/gcc/nios2-elf/4.9.1/../../../../../H-x86_64-pc-linux-gnu/nios2-elf/lib/mno-hw-mul/libsmallc.a(lib_a-memcmp.o)
                                        0x1a4 (size before relaxing)
 .debug_str     0x0000000000001845       0x52 /home/pp/altera/15.0/nios2eds/bin/gnu/H-x86_64-pc-linux-gnu/bin/../lib/gcc/nios2-elf/4.9.1/../../../../../H-x86_64-pc-linux-gnu/nios2-elf/lib/mno-hw-mul/libsmallc.a(lib_a-memcpy.o)
                                        0x1b8 (size before relaxing)
 .debug_str     0x0000000000001897       0x55 /home/pp/altera/15.0/nios2eds/bin/gnu/H-x86_64-pc-linux-gnu/bin/../lib/gcc/nios2-elf/4.9.1/../../../../../H-x86_64-pc-linux-gnu/nios2-elf/lib/mno-hw-mul/libsmallc.a(lib_a-__atexit.o)
                                        0x4d9 (size before relaxing)
 .debug_str     0x00000000000018ec       0x58 /home/pp/altera/15.0/nios2eds/bin/gnu/H-x86_64-pc-linux-gnu/bin/../lib/gcc/nios2-elf/4.9.1/../../../../../H-x86_64-pc-linux-gnu/nios2-elf/lib/mno-hw-mul/libsmallc.a(lib_a-__call_atexit.o)
                                        0x4a2 (size before relaxing)
 .debug_str     0x0000000000001944       0x2a hal_bsp//libhal_bsp.a(alt_exit.o)
                                        0x145 (size before relaxing)

.debug_loc      0x0000000000000000     0x30cc
 *(.debug_loc)
 .debug_loc     0x0000000000000000      0xc98 obj/default/main.o
 .debug_loc     0x0000000000000c98      0x273 /home/pp/altera/15.0/nios2eds/bin/gnu/H-x86_64-pc-linux-gnu/bin/../lib/gcc/nios2-elf/4.9.1/mno-hw-mul/libgcc.a(lib2-divmod.o)
 .debug_loc     0x0000000000000f0b       0xa5 /home/pp/altera/15.0/nios2eds/bin/gnu/H-x86_64-pc-linux-gnu/bin/../lib/gcc/nios2-elf/4.9.1/../../../../../H-x86_64-pc-linux-gnu/nios2-elf/lib/mno-hw-mul/libsmallc.a(lib_a-memset.o)
 .debug_loc     0x0000000000000fb0       0xc6 /home/pp/altera/15.0/nios2eds/bin/gnu/H-x86_64-pc-linux-gnu/bin/../lib/gcc/nios2-elf/4.9.1/../../../../../H-x86_64-pc-linux-gnu/nios2-elf/lib/mno-hw-mul/libsmallc.a(lib_a-printf.o)
 .debug_loc     0x0000000000001076       0x6e /home/pp/altera/15.0/nios2eds/bin/gnu/H-x86_64-pc-linux-gnu/bin/../lib/gcc/nios2-elf/4.9.1/../../../../../H-x86_64-pc-linux-gnu/nios2-elf/lib/mno-hw-mul/libsmallc.a(lib_a-putchar.o)
 .debug_loc     0x00000000000010e4      0xa34 /home/pp/altera/15.0/nios2eds/bin/gnu/H-x86_64-pc-linux-gnu/bin/../lib/gcc/nios2-elf/4.9.1/../../../../../H-x86_64-pc-linux-gnu/nios2-elf/lib/mno-hw-mul/libsmallc.a(lib_a-vfprintf.o)
 .debug_loc     0x0000000000001b18       0xbd /home/pp/altera/15.0/nios2eds/bin/gnu/H-x86_64-pc-linux-gnu/bin/../lib/gcc/nios2-elf/4.9.1/../../../../../H-x86_64-pc-linux-gnu/nios2-elf/lib/mno-hw-mul/libsmallc.a(lib_a-fvwrite_small_dev.o)
 .debug_loc     0x0000000000001bd5       0xc6 /home/pp/altera/15.0/nios2eds/bin/gnu/H-x86_64-pc-linux-gnu/bin/../lib/gcc/nios2-elf/4.9.1/../../../../../H-x86_64-pc-linux-gnu/nios2-elf/lib/mno-hw-mul/libsmallc.a(lib_a-putc.o)
 .debug_loc     0x0000000000001c9b       0x1e /home/pp/altera/15.0/nios2eds/bin/gnu/H-x86_64-pc-linux-gnu/bin/../lib/gcc/nios2-elf/4.9.1/../../../../../H-x86_64-pc-linux-gnu/nios2-elf/lib/mno-hw-mul/libsmallc.a(lib_a-strlen.o)
 .debug_loc     0x0000000000001cb9       0xa5 /home/pp/altera/15.0/nios2eds/bin/gnu/H-x86_64-pc-linux-gnu/bin/../lib/gcc/nios2-elf/4.9.1/../../../../../H-x86_64-pc-linux-gnu/nios2-elf/lib/mno-hw-mul/libsmallc.a(lib_a-writer.o)
 .debug_loc     0x0000000000001d5e      0x15d /home/pp/altera/15.0/nios2eds/bin/gnu/H-x86_64-pc-linux-gnu/bin/../lib/gcc/nios2-elf/4.9.1/mno-hw-mul/libgcc.a(_muldi3.o)
 .debug_loc     0x0000000000001ebb       0x93 /home/pp/altera/15.0/nios2eds/bin/gnu/H-x86_64-pc-linux-gnu/bin/../lib/gcc/nios2-elf/4.9.1/mno-hw-mul/libgcc.a(lib2-mul.o)
 .debug_loc     0x0000000000001f4e       0x1e hal_bsp//libhal_bsp.a(alt_main.o)
 .debug_loc     0x0000000000001f6c      0x196 hal_bsp//libhal_bsp.a(alt_write.o)
 .debug_loc     0x0000000000002102       0x21 hal_bsp//libhal_bsp.a(alt_sys_init.o)
 .debug_loc     0x0000000000002123      0x104 hal_bsp//libhal_bsp.a(altera_avalon_jtag_uart_fd.o)
 .debug_loc     0x0000000000002227      0x14c hal_bsp//libhal_bsp.a(altera_avalon_jtag_uart_read.o)
 .debug_loc     0x0000000000002373       0x8b hal_bsp//libhal_bsp.a(altera_avalon_jtag_uart_write.o)
 .debug_loc     0x00000000000023fe       0x6e hal_bsp//libhal_bsp.a(altera_avalon_timer_ts.o)
 .debug_loc     0x000000000000246c       0xe8 hal_bsp//libhal_bsp.a(alt_close.o)
 .debug_loc     0x0000000000002554       0x7e hal_bsp//libhal_bsp.a(alt_dev_llist_insert.o)
 .debug_loc     0x00000000000025d2       0x2b hal_bsp//libhal_bsp.a(alt_do_ctors.o)
 .debug_loc     0x00000000000025fd       0x2b hal_bsp//libhal_bsp.a(alt_do_dtors.o)
 .debug_loc     0x0000000000002628      0x18f hal_bsp//libhal_bsp.a(alt_io_redirect.o)
 .debug_loc     0x00000000000027b7      0x2ca hal_bsp//libhal_bsp.a(alt_open.o)
 .debug_loc     0x0000000000002a81       0x2c hal_bsp//libhal_bsp.a(alt_release_fd.o)
 .debug_loc     0x0000000000002aad       0x7e hal_bsp//libhal_bsp.a(alt_find_dev.o)
 .debug_loc     0x0000000000002b2b       0x94 hal_bsp//libhal_bsp.a(alt_find_file.o)
 .debug_loc     0x0000000000002bbf       0xb3 hal_bsp//libhal_bsp.a(alt_get_fd.o)
 .debug_loc     0x0000000000002c72       0x2c /home/pp/altera/15.0/nios2eds/bin/gnu/H-x86_64-pc-linux-gnu/bin/../lib/gcc/nios2-elf/4.9.1/../../../../../H-x86_64-pc-linux-gnu/nios2-elf/lib/mno-hw-mul/libsmallc.a(lib_a-atexit.o)
 .debug_loc     0x0000000000002c9e       0x1e /home/pp/altera/15.0/nios2eds/bin/gnu/H-x86_64-pc-linux-gnu/bin/../lib/gcc/nios2-elf/4.9.1/../../../../../H-x86_64-pc-linux-gnu/nios2-elf/lib/mno-hw-mul/libsmallc.a(lib_a-exit.o)
 .debug_loc     0x0000000000002cbc       0x94 /home/pp/altera/15.0/nios2eds/bin/gnu/H-x86_64-pc-linux-gnu/bin/../lib/gcc/nios2-elf/4.9.1/../../../../../H-x86_64-pc-linux-gnu/nios2-elf/lib/mno-hw-mul/libsmallc.a(lib_a-memcmp.o)
 .debug_loc     0x0000000000002d50      0x11b /home/pp/altera/15.0/nios2eds/bin/gnu/H-x86_64-pc-linux-gnu/bin/../lib/gcc/nios2-elf/4.9.1/../../../../../H-x86_64-pc-linux-gnu/nios2-elf/lib/mno-hw-mul/libsmallc.a(lib_a-memcpy.o)
 .debug_loc     0x0000000000002e6b      0x15c /home/pp/altera/15.0/nios2eds/bin/gnu/H-x86_64-pc-linux-gnu/bin/../lib/gcc/nios2-elf/4.9.1/../../../../../H-x86_64-pc-linux-gnu/nios2-elf/lib/mno-hw-mul/libsmallc.a(lib_a-__atexit.o)
 .debug_loc     0x0000000000002fc7      0x105 /home/pp/altera/15.0/nios2eds/bin/gnu/H-x86_64-pc-linux-gnu/bin/../lib/gcc/nios2-elf/4.9.1/../../../../../H-x86_64-pc-linux-gnu/nios2-elf/lib/mno-hw-mul/libsmallc.a(lib_a-__call_atexit.o)

.debug_macinfo
 *(.debug_macinfo)

.debug_weaknames
 *(.debug_weaknames)

.debug_funcnames
 *(.debug_funcnames)

.debug_typenames
 *(.debug_typenames)

.debug_varnames
 *(.debug_varnames)

.debug_alt_sim_info
                0x0000000000000000       0x10
 *(.debug_alt_sim_info)
 .debug_alt_sim_info
                0x0000000000000000       0x10 hal_bsp//obj/HAL/src/crt0.o
                0x0000000000004d38                __alt_data_end = 0x4d38
                0x0000000000004d38                PROVIDE (__alt_stack_pointer, __alt_data_end)
                0x0000000000100000                PROVIDE (__alt_stack_limit, __alt_stack_base)
                0x0000000000002a58                PROVIDE (__alt_heap_start, end)
                0x0000000000004d38                PROVIDE (__alt_heap_limit, 0x4d38)
OUTPUT(main.elf elf32-littlenios2)

.debug_ranges   0x0000000000000000      0x2e8
 .debug_ranges  0x0000000000000000       0x20 hal_bsp//obj/HAL/src/crt0.o
 .debug_ranges  0x0000000000000020       0x68 obj/default/main.o
 .debug_ranges  0x0000000000000088       0xb8 /home/pp/altera/15.0/nios2eds/bin/gnu/H-x86_64-pc-linux-gnu/bin/../lib/gcc/nios2-elf/4.9.1/../../../../../H-x86_64-pc-linux-gnu/nios2-elf/lib/mno-hw-mul/libsmallc.a(lib_a-vfprintf.o)
 .debug_ranges  0x0000000000000140       0x18 /home/pp/altera/15.0/nios2eds/bin/gnu/H-x86_64-pc-linux-gnu/bin/../lib/gcc/nios2-elf/4.9.1/../../../../../H-x86_64-pc-linux-gnu/nios2-elf/lib/mno-hw-mul/libsmallc.a(lib_a-fvwrite_small_dev.o)
 .debug_ranges  0x0000000000000158       0x38 /home/pp/altera/15.0/nios2eds/bin/gnu/H-x86_64-pc-linux-gnu/bin/../lib/gcc/nios2-elf/4.9.1/mno-hw-mul/libgcc.a(_muldi3.o)
 .debug_ranges  0x0000000000000190       0x18 hal_bsp//libhal_bsp.a(alt_load.o)
 .debug_ranges  0x00000000000001a8       0x30 hal_bsp//libhal_bsp.a(alt_write.o)
 .debug_ranges  0x00000000000001d8       0x20 hal_bsp//libhal_bsp.a(alt_sys_init.o)
 .debug_ranges  0x00000000000001f8       0x28 hal_bsp//libhal_bsp.a(altera_avalon_jtag_uart_read.o)
 .debug_ranges  0x0000000000000220       0x18 hal_bsp//libhal_bsp.a(alt_close.o)
 .debug_ranges  0x0000000000000238       0x38 hal_bsp//libhal_bsp.a(alt_dev_llist_insert.o)
 .debug_ranges  0x0000000000000270       0x30 hal_bsp//libhal_bsp.a(alt_io_redirect.o)
 .debug_ranges  0x00000000000002a0       0x30 hal_bsp//libhal_bsp.a(alt_open.o)
 .debug_ranges  0x00000000000002d0       0x18 hal_bsp//libhal_bsp.a(alt_exit.o)