Archive member included to satisfy reference by file (symbol)

/home/pp/altera/15.0/nios2eds/bin/gnu/H-x86_64-pc-linux-gnu/bin/../lib/gcc/nios2-elf/4.9.1/mno-hw-mul/libgcc.a(lib2-divmod.o)
                              obj/default/main.o (__umodsi3)
/home/pp/altera/15.0/nios2eds/bin/gnu/H-x86_64-pc-linux-gnu/bin/../lib/gcc/nios2-elf/4.9.1/../../../../../H-x86_64-pc-linux-gnu/nios2-elf/lib/mno-hw-mul/libsmallc.a(lib_a-printf.o)
                              obj/default/main.o (printf)
/home/pp/altera/15.0/nios2eds/bin/gnu/H-x86_64-pc-linux-gnu/bin/../lib/gcc/nios2-elf/4.9.1/../../../../../H-x86_64-pc-linux-gnu/nios2-elf/lib/mno-hw-mul/libsmallc.a(lib_a-putchar.o)
                              obj/default/main.o (putchar)
/home/pp/altera/15.0/nios2eds/bin/gnu/H-x86_64-pc-linux-gnu/bin/../lib/gcc/nios2-elf/4.9.1/../../../../../H-x86_64-pc-linux-gnu/nios2-elf/lib/mno-hw-mul/libsmallc.a(lib_a-puts.o)
                              obj/default/main.o (puts)
/home/pp/altera/15.0/nios2eds/bin/gnu/H-x86_64-pc-linux-gnu/bin/../lib/gcc/nios2-elf/4.9.1/../../../../../H-x86_64-pc-linux-gnu/nios2-elf/lib/mno-hw-mul/libsmallc.a(lib_a-rand.o)
                              obj/default/main.o (rand)
/home/pp/altera/15.0/nios2eds/bin/gnu/H-x86_64-pc-linux-gnu/bin/../lib/gcc/nios2-elf/4.9.1/../../../../../H-x86_64-pc-linux-gnu/nios2-elf/lib/mno-hw-mul/libsmallc.a(lib_a-strlen.o)
                              /home/pp/altera/15.0/nios2eds/bin/gnu/H-x86_64-pc-linux-gnu/bin/../lib/gcc/nios2-elf/4.9.1/../../../../../H-x86_64-pc-linux-gnu/nios2-elf/lib/mno-hw-mul/libsmallc.a(lib_a-puts.o) (strlen)
/home/pp/altera/15.0/nios2eds/bin/gnu/H-x86_64-pc-linux-gnu/bin/../lib/gcc/nios2-elf/4.9.1/../../../../../H-x86_64-pc-linux-gnu/nios2-elf/lib/mno-hw-mul/libsmallc.a(lib_a-vfprintf.o)
                              /home/pp/altera/15.0/nios2eds/bin/gnu/H-x86_64-pc-linux-gnu/bin/../lib/gcc/nios2-elf/4.9.1/../../../../../H-x86_64-pc-linux-gnu/nios2-elf/lib/mno-hw-mul/libsmallc.a(lib_a-printf.o) (___vfprintf_internal_r)
/home/pp/altera/15.0/nios2eds/bin/gnu/H-x86_64-pc-linux-gnu/bin/../lib/gcc/nios2-elf/4.9.1/../../../../../H-x86_64-pc-linux-gnu/nios2-elf/lib/mno-hw-mul/libsmallc.a(lib_a-fvwrite_small_dev.o)
                              /home/pp/altera/15.0/nios2eds/bin/gnu/H-x86_64-pc-linux-gnu/bin/../lib/gcc/nios2-elf/4.9.1/../../../../../H-x86_64-pc-linux-gnu/nios2-elf/lib/mno-hw-mul/libsmallc.a(lib_a-printf.o) (__sfvwrite_small_dev)
/home/pp/altera/15.0/nios2eds/bin/gnu/H-x86_64-pc-linux-gnu/bin/../lib/gcc/nios2-elf/4.9.1/../../../../../H-x86_64-pc-linux-gnu/nios2-elf/lib/mno-hw-mul/libsmallc.a(lib_a-impure.o)
                              /home/pp/altera/15.0/nios2eds/bin/gnu/H-x86_64-pc-linux-gnu/bin/../lib/gcc/nios2-elf/4.9.1/../../../../../H-x86_64-pc-linux-gnu/nios2-elf/lib/mno-hw-mul/libsmallc.a(lib_a-printf.o) (_impure_ptr)
/home/pp/altera/15.0/nios2eds/bin/gnu/H-x86_64-pc-linux-gnu/bin/../lib/gcc/nios2-elf/4.9.1/../../../../../H-x86_64-pc-linux-gnu/nios2-elf/lib/mno-hw-mul/libsmallc.a(lib_a-putc.o)
                              /home/pp/altera/15.0/nios2eds/bin/gnu/H-x86_64-pc-linux-gnu/bin/../lib/gcc/nios2-elf/4.9.1/../../../../../H-x86_64-pc-linux-gnu/nios2-elf/lib/mno-hw-mul/libsmallc.a(lib_a-putchar.o) (_putc_r)
/home/pp/altera/15.0/nios2eds/bin/gnu/H-x86_64-pc-linux-gnu/bin/../lib/gcc/nios2-elf/4.9.1/../../../../../H-x86_64-pc-linux-gnu/nios2-elf/lib/mno-hw-mul/libsmallc.a(lib_a-writer.o)
                              /home/pp/altera/15.0/nios2eds/bin/gnu/H-x86_64-pc-linux-gnu/bin/../lib/gcc/nios2-elf/4.9.1/../../../../../H-x86_64-pc-linux-gnu/nios2-elf/lib/mno-hw-mul/libsmallc.a(lib_a-fvwrite_small_dev.o) (_write_r)
/home/pp/altera/15.0/nios2eds/bin/gnu/H-x86_64-pc-linux-gnu/bin/../lib/gcc/nios2-elf/4.9.1/../../../../../H-x86_64-pc-linux-gnu/nios2-elf/lib/mno-hw-mul/libsmallc.a(lib_a-int_errno.o)
                              /home/pp/altera/15.0/nios2eds/bin/gnu/H-x86_64-pc-linux-gnu/bin/../lib/gcc/nios2-elf/4.9.1/../../../../../H-x86_64-pc-linux-gnu/nios2-elf/lib/mno-hw-mul/libsmallc.a(lib_a-writer.o) (errno)
/home/pp/altera/15.0/nios2eds/bin/gnu/H-x86_64-pc-linux-gnu/bin/../lib/gcc/nios2-elf/4.9.1/mno-hw-mul/libgcc.a(_muldi3.o)
                              /home/pp/altera/15.0/nios2eds/bin/gnu/H-x86_64-pc-linux-gnu/bin/../lib/gcc/nios2-elf/4.9.1/../../../../../H-x86_64-pc-linux-gnu/nios2-elf/lib/mno-hw-mul/libsmallc.a(lib_a-rand.o) (__muldi3)
/home/pp/altera/15.0/nios2eds/bin/gnu/H-x86_64-pc-linux-gnu/bin/../lib/gcc/nios2-elf/4.9.1/mno-hw-mul/libgcc.a(lib2-mul.o)
                              /home/pp/altera/15.0/nios2eds/bin/gnu/H-x86_64-pc-linux-gnu/bin/../lib/gcc/nios2-elf/4.9.1/../../../../../H-x86_64-pc-linux-gnu/nios2-elf/lib/mno-hw-mul/libsmallc.a(lib_a-vfprintf.o) (__mulsi3)
hal_bsp//libhal_bsp.a(alt_load.o)
                              hal_bsp//obj/HAL/src/crt0.o (alt_load)
hal_bsp//libhal_bsp.a(alt_main.o)
                              hal_bsp//obj/HAL/src/crt0.o (alt_main)
hal_bsp//libhal_bsp.a(alt_write.o)
[...]
Memory Configuration

Name             Origin             Length             Attributes
pixelmemory      0x0000000000108000 0x0000000000007fff
reset            0x0000000000110000 0x0000000000000020
onchip_memory2_0 0x0000000000110020 0x0000000000007fdf
*default*        0x0000000000000000 0xffffffffffffffff

Linker script and memory map

LOAD hal_bsp//obj/HAL/src/crt0.o
LOAD obj/default/main.o
LOAD /home/pp/altera/15.0/nios2eds/bin/gnu/H-x86_64-pc-linux-gnu/bin/../lib/gcc/nios2-elf/4.9.1/../../../../../H-x86_64-pc-linux-gnu/nios2-elf/lib/mno-hw-mul/libstdc++.a
LOAD /home/pp/altera/15.0/nios2eds/bin/gnu/H-x86_64-pc-linux-gnu/bin/../lib/gcc/nios2-elf/4.9.1/../../../../../H-x86_64-pc-linux-gnu/nios2-elf/lib/mno-hw-mul/libm.a
LOAD /home/pp/altera/15.0/nios2eds/bin/gnu/H-x86_64-pc-linux-gnu/bin/../lib/gcc/nios2-elf/4.9.1/mno-hw-mul/libgcc.a
START GROUP
LOAD /home/pp/altera/15.0/nios2eds/bin/gnu/H-x86_64-pc-linux-gnu/bin/../lib/gcc/nios2-elf/4.9.1/../../../../../H-x86_64-pc-linux-gnu/nios2-elf/lib/mno-hw-mul/libsmallc.a
LOAD /home/pp/altera/15.0/nios2eds/bin/gnu/H-x86_64-pc-linux-gnu/bin/../lib/gcc/nios2-elf/4.9.1/mno-hw-mul/libgcc.a
LOAD hal_bsp//libhal_bsp.a
LOAD /home/pp/altera/15.0/nios2eds/bin/gnu/H-x86_64-pc-linux-gnu/bin/../lib/gcc/nios2-elf/4.9.1/../../../../../H-x86_64-pc-linux-gnu/nios2-elf/lib/mno-hw-mul/libm.a
END GROUP
LOAD /home/pp/altera/15.0/nios2eds/bin/gnu/H-x86_64-pc-linux-gnu/bin/../lib/gcc/nios2-elf/4.9.1/mno-hw-mul/libgcc.a
                0x0000000000108000                __alt_mem_pixelmemory = 0x108000
                0x0000000000110000                __alt_mem_onchip_memory2_0 = 0x110000

.entry          0x0000000000110000       0x20
 *(.entry)
 .entry         0x0000000000110000       0x20 hal_bsp//obj/HAL/src/crt0.o
                0x0000000000110000                __reset

.exceptions     0x0000000000110020      0x20c
                0x0000000000110020                PROVIDE (__ram_exceptions_start, ABSOLUTE (.))
                0x0000000000110020                . = ALIGN (0x20)
 *(.irq)
 *(.exceptions.entry.label)
 .exceptions.entry.label
                0x0000000000110020        0x0 hal_bsp//libhal_bsp.a(alt_irq_entry.o)
                0x0000000000110020                alt_irq_entry
 .exceptions.entry.label
                0x0000000000110020        0x0 hal_bsp//libhal_bsp.a(alt_exception_entry.o)
                0x0000000000110020                alt_exception
 *(.exceptions.entry.user)
 *(.exceptions.entry.ecc_fatal)
 *(.exceptions.entry)
 .exceptions.entry
                0x0000000000110020       0x54 hal_bsp//libhal_bsp.a(alt_exception_entry.o)
 *(.exceptions.irqtest.user)
 *(.exceptions.irqtest)
 .exceptions.irqtest
                0x0000000000110074       0x10 hal_bsp//libhal_bsp.a(alt_irq_entry.o)
 *(.exceptions.irqhandler.user)
 *(.exceptions.irqhandler)
 .exceptions.irqhandler
                0x0000000000110084        0x4 hal_bsp//libhal_bsp.a(alt_irq_entry.o)
 *(.exceptions.irqreturn.user)
 *(.exceptions.irqreturn)
 .exceptions.irqreturn
                0x0000000000110088        0x4 hal_bsp//libhal_bsp.a(alt_irq_entry.o)
 *(.exceptions.notirq.label)
 .exceptions.notirq.label
                0x000000000011008c        0x0 hal_bsp//libhal_bsp.a(alt_irq_entry.o)
 *(.exceptions.notirq.user)
 *(.exceptions.notirq)
 .exceptions.notirq
                0x000000000011008c        0x8 hal_bsp//libhal_bsp.a(alt_exception_entry.o)
 *(.exceptions.soft.user)
 *(.exceptions.soft)
 *(.exceptions.unknown.user)
 *(.exceptions.unknown)
 .exceptions.unknown
                0x0000000000110094       0x14 hal_bsp//libhal_bsp.a(alt_exception_entry.o)
 *(.exceptions.exit.label)
 .exceptions.exit.label
                0x00000000001100a8        0x0 hal_bsp//libhal_bsp.a(alt_irq_entry.o)
 .exceptions.exit.label
                0x00000000001100a8        0x0 hal_bsp//libhal_bsp.a(alt_exception_entry.o)
 *(.exceptions.exit.user)
 *(.exceptions.exit)
 .exceptions.exit
                0x00000000001100a8       0x54 hal_bsp//libhal_bsp.a(alt_exception_entry.o)
 *(.exceptions)
 .exceptions    0x00000000001100fc       0xd0 hal_bsp//libhal_bsp.a(alt_irq_handler.o)
                0x00000000001100fc                alt_irq_handler
 .exceptions    0x00000000001101cc       0x60 hal_bsp//libhal_bsp.a(alt_instruction_exception_entry.o)
                0x00000000001101cc                alt_instruction_exception_entry
                0x000000000011022c                PROVIDE (__ram_exceptions_end, ABSOLUTE (.))
                0x0000000000110020                PROVIDE (__flash_exceptions_start, LOADADDR (.exceptions))

.text           0x000000000011022c     0x31d8
                0x000000000011022c                PROVIDE (stext, ABSOLUTE (.))
 *(.interp)
 *(.hash)
 *(.dynsym)
 *(.dynstr)
 *(.gnu.version)
 *(.gnu.version_d)
 *(.gnu.version_r)
 *(.rel.init)
 *(.rela.init)
 *(.rel.text .rel.text.* .rel.gnu.linkonce.t.*)
 *(.rela.text .rela.text.* .rela.gnu.linkonce.t.*)
 *(.rel.fini)
 *(.rela.fini)
 *(.rel.rodata .rel.rodata.* .rel.gnu.linkonce.r.*)
 *(.rela.rodata .rela.rodata.* .rela.gnu.linkonce.r.*)
 *(.rel.data .rel.data.* .rel.gnu.linkonce.d.*)
 *(.rela.data .rela.data.* .rela.gnu.linkonce.d.*)
 *(.rel.tdata .rel.tdata.* .rel.gnu.linkonce.td.*)
 *(.rela.tdata .rela.tdata.* .rela.gnu.linkonce.td.*)
 *(.rel.tbss .rel.tbss.* .rel.gnu.linkonce.tb.*)
 *(.rela.tbss .rela.tbss.* .rela.gnu.linkonce.tb.*)
 *(.rel.ctors)
 *(.rela.ctors)
 *(.rel.dtors)
 *(.rela.dtors)
 *(.rel.got)
 *(.rela.got)
 *(.rel.sdata .rel.sdata.* .rel.gnu.linkonce.s.*)
 *(.rela.sdata .rela.sdata.* .rela.gnu.linkonce.s.*)
 *(.rel.sbss .rel.sbss.* .rel.gnu.linkonce.sb.*)
 *(.rela.sbss .rela.sbss.* .rela.gnu.linkonce.sb.*)
 *(.rel.sdata2 .rel.sdata2.* .rel.gnu.linkonce.s2.*)
 *(.rela.sdata2 .rela.sdata2.* .rela.gnu.linkonce.s2.*)
 *(.rel.sbss2 .rel.sbss2.* .rel.gnu.linkonce.sb2.*)
 *(.rela.sbss2 .rela.sbss2.* .rela.gnu.linkonce.sb2.*)
 *(.rel.bss .rel.bss.* .rel.gnu.linkonce.b.*)
 *(.rela.bss .rela.bss.* .rela.gnu.linkonce.b.*)
 *(.rel.plt)
 *(.rela.plt)
 *(.rel.dyn)
 *(.init)
 *(.plt)
 *(.text .stub .text.* .gnu.linkonce.t.*)
 .text          0x000000000011022c       0x3c hal_bsp//obj/HAL/src/crt0.o
                0x000000000011022c                _start
 .text          0x0000000000110268      0xb04 obj/default/main.o
                0x0000000000110268                clearscreen
                0x00000000001102bc                checkscreen
                0x0000000000110324                driverdata
                0x00000000001104a8                setpixel
                0x0000000000110550                getpixel
                0x00000000001105f8                printscreen
                0x0000000000110688                plotcircle
                0x0000000000110840                plotcircle_hw
                0x00000000001109f8                showgreen
                0x0000000000110a5c                showred
                0x0000000000110abc                clearhex
                0x0000000000110af8                plotallcircles_ref
                0x0000000000110b98                plotallcircles_hw
                0x0000000000110c38                main
 .text          0x0000000000110d6c      0x12c /home/pp/altera/15.0/nios2eds/bin/gnu/H-x86_64-pc-linux-gnu/bin/../lib/gcc/nios2-elf/4.9.1/mno-hw-mul/libgcc.a(lib2-divmod.o)
                0x0000000000110dd8                __divsi3
                0x0000000000110e2c                __modsi3
                0x0000000000110e88                __udivsi3
                0x0000000000110e90                __umodsi3
 .text          0x0000000000110e98       0x88 /home/pp/altera/15.0/nios2eds/bin/gnu/H-x86_64-pc-linux-gnu/bin/../lib/gcc/nios2-elf/4.9.1/../../../../../H-x86_64-pc-linux-gnu/nios2-elf/lib/mno-hw-mul/libsmallc.a(lib_a-printf.o)
                0x0000000000110e98                _printf_r
                0x0000000000110ed4                printf
 .text          0x0000000000110f20       0x20 /home/pp/altera/15.0/nios2eds/bin/gnu/H-x86_64-pc-linux-gnu/bin/../lib/gcc/nios2-elf/4.9.1/../../../../../H-x86_64-pc-linux-gnu/nios2-elf/lib/mno-hw-mul/libsmallc.a(lib_a-putchar.o)
                0x0000000000110f20                _putchar_r
                0x0000000000110f28                putchar
 .text          0x0000000000110f40       0x94 /home/pp/altera/15.0/nios2eds/bin/gnu/H-x86_64-pc-linux-gnu/bin/../lib/gcc/nios2-elf/4.9.1/../../../../../H-x86_64-pc-linux-gnu/nios2-elf/lib/mno-hw-mul/libsmallc.a(lib_a-puts.o)
                0x0000000000110f40                _puts_r
                0x0000000000110fc0                puts
 .text          0x0000000000110fd4       0x6c /home/pp/altera/15.0/nios2eds/bin/gnu/H-x86_64-pc-linux-gnu/bin/../lib/gcc/nios2-elf/4.9.1/../../../../../H-x86_64-pc-linux-gnu/nios2-elf/lib/mno-hw-mul/libsmallc.a(lib_a-rand.o)
                0x0000000000110fd4                srand
                0x0000000000110fe4                rand
 .text          0x0000000000111040       0x1c /home/pp/altera/15.0/nios2eds/bin/gnu/H-x86_64-pc-linux-gnu/bin/../lib/gcc/nios2-elf/4.9.1/../../../../../H-x86_64-pc-linux-gnu/nios2-elf/lib/mno-hw-mul/libsmallc.a(lib_a-strlen.o)
                0x0000000000111040                strlen
 .text          0x000000000011105c      0x5fc /home/pp/altera/15.0/nios2eds/bin/gnu/H-x86_64-pc-linux-gnu/bin/../lib/gcc/nios2-elf/4.9.1/../../../../../H-x86_64-pc-linux-gnu/nios2-elf/lib/mno-hw-mul/libsmallc.a(lib_a-vfprintf.o)
                0x00000000001110c8                ___vfprintf_internal_r
                0x0000000000111634                __vfprintf_internal
 .text          0x0000000000111658       0xac /home/pp/altera/15.0/nios2eds/bin/gnu/H-x86_64-pc-linux-gnu/bin/../lib/gcc/nios2-elf/4.9.1/../../../../../H-x86_64-pc-linux-gnu/nios2-elf/lib/mno-hw-mul/libsmallc.a(lib_a-fvwrite_small_dev.o)
                0x0000000000111658                __sfvwrite_small_dev
 .text          0x0000000000111704        0x0 /home/pp/altera/15.0/nios2eds/bin/gnu/H-x86_64-pc-linux-gnu/bin/../lib/gcc/nios2-elf/4.9.1/../../../../../H-x86_64-pc-linux-gnu/nios2-elf/lib/mno-hw-mul/libsmallc.a(lib_a-impure.o)
 .text          0x0000000000111704       0xac /home/pp/altera/15.0/nios2eds/bin/gnu/H-x86_64-pc-linux-gnu/bin/../lib/gcc/nios2-elf/4.9.1/../../../../../H-x86_64-pc-linux-gnu/nios2-elf/lib/mno-hw-mul/libsmallc.a(lib_a-putc.o)
                0x0000000000111704                putc
                0x0000000000111758                _putc_r
 .text          0x00000000001117b0       0x58 /home/pp/altera/15.0/nios2eds/bin/gnu/H-x86_64-pc-linux-gnu/bin/../lib/gcc/nios2-elf/4.9.1/../../../../../H-x86_64-pc-linux-gnu/nios2-elf/lib/mno-hw-mul/libsmallc.a(lib_a-writer.o)
                0x00000000001117b0                _write_r
 .text          0x0000000000111808        0x0 /home/pp/altera/15.0/nios2eds/bin/gnu/H-x86_64-pc-linux-gnu/bin/../lib/gcc/nios2-elf/4.9.1/../../../../../H-x86_64-pc-linux-gnu/nios2-elf/lib/mno-hw-mul/libsmallc.a(lib_a-int_errno.o)
 .text          0x0000000000111808      0x10c /home/pp/altera/15.0/nios2eds/bin/gnu/H-x86_64-pc-linux-gnu/bin/../lib/gcc/nios2-elf/4.9.1/mno-hw-mul/libgcc.a(_muldi3.o)
                0x0000000000111808                __muldi3
 .text          0x0000000000111914       0x28 /home/pp/altera/15.0/nios2eds/bin/gnu/H-x86_64-pc-linux-gnu/bin/../lib/gcc/nios2-elf/4.9.1/mno-hw-mul/libgcc.a(lib2-mul.o)
                0x0000000000111914                __mulsi3
 .text          0x000000000011193c       0xe4 hal_bsp//libhal_bsp.a(alt_load.o)
                0x00000000001119a0                alt_load
 .text          0x0000000000111a20       0x78 hal_bsp//libhal_bsp.a(alt_main.o)
                0x0000000000111a20                alt_main
 .text          0x0000000000111a98      0x150 hal_bsp//libhal_bsp.a(alt_write.o)
                0x0000000000111ae8                write
 .text          0x0000000000111be8       0xdc hal_bsp//libhal_bsp.a(alt_sys_init.o)
                0x0000000000111c20                alt_irq_init
                0x0000000000111c54                alt_sys_init
 .text          0x0000000000111cc4       0xc0 hal_bsp//libhal_bsp.a(altera_avalon_jtag_uart_fd.o)
                0x0000000000111cc4                altera_avalon_jtag_uart_read_fd
                0x0000000000111d24                altera_avalon_jtag_uart_write_fd
 .text          0x0000000000111d84       0xe4 hal_bsp//libhal_bsp.a(altera_avalon_jtag_uart_read.o)
                0x0000000000111d84                altera_avalon_jtag_uart_read
 .text          0x0000000000111e68       0x94 hal_bsp//libhal_bsp.a(altera_avalon_jtag_uart_write.o)
                0x0000000000111e68                altera_avalon_jtag_uart_write
 .text          0x0000000000111efc       0xfc hal_bsp//libhal_bsp.a(altera_avalon_timer_sc.o)
                0x0000000000111f70                alt_avalon_timer_sc_init
 .text          0x0000000000111ff8      0x140 hal_bsp//libhal_bsp.a(altera_avalon_timer_ts.o)
                0x0000000000111ff8                alt_timestamp_start
                0x0000000000112080                alt_timestamp
                0x0000000000112110                alt_timestamp_freq
 .text          0x0000000000112138        0x0 hal_bsp//libhal_bsp.a(altera_avalon_timer_vars.o)
 .text          0x0000000000112138      0x128 hal_bsp//libhal_bsp.a(alt_close.o)
                0x0000000000112188                close
 .text          0x0000000000112260       0x1c hal_bsp//libhal_bsp.a(alt_dcache_flush_all.o)
                0x0000000000112260                alt_dcache_flush_all
 .text          0x000000000011227c       0x2c hal_bsp//libhal_bsp.a(alt_dev.o)
 .text          0x00000000001122a8       0xf4 hal_bsp//libhal_bsp.a(alt_dev_llist_insert.o)
                0x00000000001122f8                alt_dev_llist_insert
 .text          0x000000000011239c       0x5c hal_bsp//libhal_bsp.a(alt_do_ctors.o)
                0x000000000011239c                _do_ctors
 .text          0x00000000001123f8       0x5c hal_bsp//libhal_bsp.a(alt_do_dtors.o)
                0x00000000001123f8                _do_dtors
 .text          0x0000000000112454        0x0 hal_bsp//libhal_bsp.a(alt_errno.o)
 .text          0x0000000000112454       0x1c hal_bsp//libhal_bsp.a(alt_icache_flush_all.o)
                0x0000000000112454                alt_icache_flush_all
 .text          0x0000000000112470      0x1e0 hal_bsp//libhal_bsp.a(alt_iic.o)
                0x0000000000112470                alt_ic_isr_register
                0x00000000001124c0                alt_ic_irq_enable
                0x0000000000112560                alt_ic_irq_disable
                0x0000000000112604                alt_ic_irq_enabled
 .text          0x0000000000112650       0xf0 hal_bsp//libhal_bsp.a(alt_iic_isr_register.o)
                0x0000000000112650                alt_iic_isr_register
 .text          0x0000000000112740      0x158 hal_bsp//libhal_bsp.a(alt_io_redirect.o)
                0x0000000000112820                alt_io_redirect
 .text          0x0000000000112898        0x0 hal_bsp//libhal_bsp.a(alt_irq_entry.o)
 .text          0x0000000000112898        0x0 hal_bsp//libhal_bsp.a(alt_irq_handler.o)
 .text          0x0000000000112898        0x0 hal_bsp//libhal_bsp.a(alt_irq_vars.o)
 .text          0x0000000000112898      0x2a4 hal_bsp//libhal_bsp.a(alt_open.o)
                0x00000000001129dc                open
 .text          0x0000000000112b3c       0x80 hal_bsp//libhal_bsp.a(alt_release_fd.o)
                0x0000000000112b3c                alt_release_fd
 .text          0x0000000000112bbc      0x19c hal_bsp//libhal_bsp.a(alt_tick.o)
                0x0000000000112bbc                alt_alarm_stop
                0x0000000000112c54                alt_tick
 .text          0x0000000000112d58       0x20 hal_bsp//libhal_bsp.a(altera_nios2_gen2_irq.o)
                0x0000000000112d58                altera_nios2_gen2_irq_init
 .text          0x0000000000112d78        0x0 hal_bsp//libhal_bsp.a(alt_exception_entry.o)
 .text          0x0000000000112d78       0x90 hal_bsp//libhal_bsp.a(alt_find_dev.o)
                0x0000000000112d78                alt_find_dev
 .text          0x0000000000112e08      0x114 hal_bsp//libhal_bsp.a(alt_find_file.o)
                0x0000000000112e08                alt_find_file
 .text          0x0000000000112f1c       0xd4 hal_bsp//libhal_bsp.a(alt_get_fd.o)
                0x0000000000112f1c                alt_get_fd
 .text          0x0000000000112ff0       0x9c hal_bsp//libhal_bsp.a(alt_instruction_exception_entry.o)
                0x0000000000112ff0                alt_exception_cause_generated_bad_addr
 .text          0x000000000011308c       0x14 /home/pp/altera/15.0/nios2eds/bin/gnu/H-x86_64-pc-linux-gnu/bin/../lib/gcc/nios2-elf/4.9.1/../../../../../H-x86_64-pc-linux-gnu/nios2-elf/lib/mno-hw-mul/libsmallc.a(lib_a-atexit.o)
                0x000000000011308c                atexit
 .text          0x00000000001130a0       0x20 /home/pp/altera/15.0/nios2eds/bin/gnu/H-x86_64-pc-linux-gnu/bin/../lib/gcc/nios2-elf/4.9.1/../../../../../H-x86_64-pc-linux-gnu/nios2-elf/lib/mno-hw-mul/libsmallc.a(lib_a-exit.o)
                0x00000000001130a0                exit
 .text          0x00000000001130c0       0x30 /home/pp/altera/15.0/nios2eds/bin/gnu/H-x86_64-pc-linux-gnu/bin/../lib/gcc/nios2-elf/4.9.1/../../../../../H-x86_64-pc-linux-gnu/nios2-elf/lib/mno-hw-mul/libsmallc.a(lib_a-memcmp.o)
                0x00000000001130c0                memcmp
 .text          0x00000000001130f0      0x144 /home/pp/altera/15.0/nios2eds/bin/gnu/H-x86_64-pc-linux-gnu/bin/../lib/gcc/nios2-elf/4.9.1/../../../../../H-x86_64-pc-linux-gnu/nios2-elf/lib/mno-hw-mul/libsmallc.a(lib_a-__atexit.o)
                0x00000000001130f0                __register_exitproc
 .text          0x0000000000113234      0x19c /home/pp/altera/15.0/nios2eds/bin/gnu/H-x86_64-pc-linux-gnu/bin/../lib/gcc/nios2-elf/4.9.1/../../../../../H-x86_64-pc-linux-gnu/nios2-elf/lib/mno-hw-mul/libsmallc.a(lib_a-__call_atexit.o)
                0x0000000000113234                __call_exitprocs
 .text          0x00000000001133d0       0x34 hal_bsp//libhal_bsp.a(alt_exit.o)
                0x00000000001133d0                _exit
 *(.gnu.warning.*)
 *(.fini)
                0x0000000000113404                PROVIDE (__etext, ABSOLUTE (.))
                0x0000000000113404                PROVIDE (_etext, ABSOLUTE (.))
                0x0000000000113404                PROVIDE (etext, ABSOLUTE (.))
 *(.eh_frame_hdr)
                0x0000000000113404                . = ALIGN (0x4)
                0x0000000000113404                PROVIDE (__preinit_array_start, ABSOLUTE (.))
 *(.preinit_array)
                0x0000000000113404                PROVIDE (__preinit_array_end, ABSOLUTE (.))
                0x0000000000113404                PROVIDE (__init_array_start, ABSOLUTE (.))
 *(.init_array)
                0x0000000000113404                PROVIDE (__init_array_end, ABSOLUTE (.))
                0x0000000000113404                PROVIDE (__fini_array_start, ABSOLUTE (.))
 *(.fini_array)
                0x0000000000113404                PROVIDE (__fini_array_end, ABSOLUTE (.))
 *(.eh_frame)
 *(.gcc_except_table .gcc_except_table.*)
 *(.dynamic)
                0x0000000000113404                PROVIDE (__CTOR_LIST__, ABSOLUTE (.))
 *(.ctors)
 *(SORT(.ctors.*))
                0x0000000000113404                PROVIDE (__CTOR_END__, ABSOLUTE (.))
                0x0000000000113404                PROVIDE (__DTOR_LIST__, ABSOLUTE (.))
 *(.dtors)
 *(SORT(.dtors.*))
                0x0000000000113404                PROVIDE (__DTOR_END__, ABSOLUTE (.))
 *(.jcr)
                0x0000000000113404                . = ALIGN (0x4)

.rodata         0x0000000000113404      0x104
                0x0000000000113404                PROVIDE (__ram_rodata_start, ABSOLUTE (.))
                0x0000000000113404                . = ALIGN (0x4)
 *(.rodata .rodata.* .gnu.linkonce.r.*)
 .rodata        0x0000000000113404       0xcc obj/default/main.o
 .rodata.str1.4
                0x00000000001134d0        0x4 /home/pp/altera/15.0/nios2eds/bin/gnu/H-x86_64-pc-linux-gnu/bin/../lib/gcc/nios2-elf/4.9.1/../../../../../H-x86_64-pc-linux-gnu/nios2-elf/lib/mno-hw-mul/libsmallc.a(lib_a-puts.o)
 .rodata        0x00000000001134d4       0x14 hal_bsp//libhal_bsp.a(alt_main.o)
 .rodata        0x00000000001134e8       0x14 hal_bsp//libhal_bsp.a(alt_sys_init.o)
 .rodata        0x00000000001134fc        0xc hal_bsp//libhal_bsp.a(alt_dev.o)
 *(.rodata1)
                0x0000000000113508                . = ALIGN (0x4)
                0x0000000000113508                PROVIDE (__ram_rodata_end, ABSOLUTE (.))
                0x0000000000113404                PROVIDE (__flash_rodata_start, LOADADDR (.rodata))

.rwdata         0x0000000000113508      0x2e0 load address 0x00000000001137e8
                0x0000000000113508                PROVIDE (__ram_rwdata_start, ABSOLUTE (.))
                0x0000000000113508                . = ALIGN (0x4)
 *(.got.plt)
 *(.got)
 *(.data1)
 *(.data .data.* .gnu.linkonce.d.*)
 .data          0x0000000000113508        0x0 hal_bsp//obj/HAL/src/crt0.o
 .data          0x0000000000113508        0x0 obj/default/main.o
 .data          0x0000000000113508        0x0 /home/pp/altera/15.0/nios2eds/bin/gnu/H-x86_64-pc-linux-gnu/bin/../lib/gcc/nios2-elf/4.9.1/mno-hw-mul/libgcc.a(lib2-divmod.o)
 .data          0x0000000000113508        0x0 /home/pp/altera/15.0/nios2eds/bin/gnu/H-x86_64-pc-linux-gnu/bin/../lib/gcc/nios2-elf/4.9.1/../../../../../H-x86_64-pc-linux-gnu/nios2-elf/lib/mno-hw-mul/libsmallc.a(lib_a-printf.o)
 .data          0x0000000000113508        0x0 /home/pp/altera/15.0/nios2eds/bin/gnu/H-x86_64-pc-linux-gnu/bin/../lib/gcc/nios2-elf/4.9.1/../../../../../H-x86_64-pc-linux-gnu/nios2-elf/lib/mno-hw-mul/libsmallc.a(lib_a-putchar.o)
 .data          0x0000000000113508        0x0 /home/pp/altera/15.0/nios2eds/bin/gnu/H-x86_64-pc-linux-gnu/bin/../lib/gcc/nios2-elf/4.9.1/../../../../../H-x86_64-pc-linux-gnu/nios2-elf/lib/mno-hw-mul/libsmallc.a(lib_a-puts.o)
 .data          0x0000000000113508        0x0 /home/pp/altera/15.0/nios2eds/bin/gnu/H-x86_64-pc-linux-gnu/bin/../lib/gcc/nios2-elf/4.9.1/../../../../../H-x86_64-pc-linux-gnu/nios2-elf/lib/mno-hw-mul/libsmallc.a(lib_a-rand.o)
 .data          0x0000000000113508        0x0 /home/pp/altera/15.0/nios2eds/bin/gnu/H-x86_64-pc-linux-gnu/bin/../lib/gcc/nios2-elf/4.9.1/../../../../../H-x86_64-pc-linux-gnu/nios2-elf/lib/mno-hw-mul/libsmallc.a(lib_a-strlen.o)
 .data          0x0000000000113508        0x0 /home/pp/altera/15.0/nios2eds/bin/gnu/H-x86_64-pc-linux-gnu/bin/../lib/gcc/nios2-elf/4.9.1/../../../../../H-x86_64-pc-linux-gnu/nios2-elf/lib/mno-hw-mul/libsmallc.a(lib_a-vfprintf.o)
 .data          0x0000000000113508        0x0 /home/pp/altera/15.0/nios2eds/bin/gnu/H-x86_64-pc-linux-gnu/bin/../lib/gcc/nios2-elf/4.9.1/../../../../../H-x86_64-pc-linux-gnu/nios2-elf/lib/mno-hw-mul/libsmallc.a(lib_a-fvwrite_small_dev.o)
 .data          0x0000000000113508       0xe0 /home/pp/altera/15.0/nios2eds/bin/gnu/H-x86_64-pc-linux-gnu/bin/../lib/gcc/nios2-elf/4.9.1/../../../../../H-x86_64-pc-linux-gnu/nios2-elf/lib/mno-hw-mul/libsmallc.a(lib_a-impure.o)
 .data          0x00000000001135e8        0x0 /home/pp/altera/15.0/nios2eds/bin/gnu/H-x86_64-pc-linux-gnu/bin/../lib/gcc/nios2-elf/4.9.1/../../../../../H-x86_64-pc-linux-gnu/nios2-elf/lib/mno-hw-mul/libsmallc.a(lib_a-putc.o)
 .data          0x00000000001135e8        0x0 /home/pp/altera/15.0/nios2eds/bin/gnu/H-x86_64-pc-linux-gnu/bin/../lib/gcc/nios2-elf/4.9.1/../../../../../H-x86_64-pc-linux-gnu/nios2-elf/lib/mno-hw-mul/libsmallc.a(lib_a-writer.o)
 .data          0x00000000001135e8        0x0 /home/pp/altera/15.0/nios2eds/bin/gnu/H-x86_64-pc-linux-gnu/bin/../lib/gcc/nios2-elf/4.9.1/../../../../../H-x86_64-pc-linux-gnu/nios2-elf/lib/mno-hw-mul/libsmallc.a(lib_a-int_errno.o)
 .data          0x00000000001135e8        0x0 /home/pp/altera/15.0/nios2eds/bin/gnu/H-x86_64-pc-linux-gnu/bin/../lib/gcc/nios2-elf/4.9.1/mno-hw-mul/libgcc.a(_muldi3.o)
 .data          0x00000000001135e8        0x0 /home/pp/altera/15.0/nios2eds/bin/gnu/H-x86_64-pc-linux-gnu/bin/../lib/gcc/nios2-elf/4.9.1/mno-hw-mul/libgcc.a(lib2-mul.o)
 .data          0x00000000001135e8        0x0 hal_bsp//libhal_bsp.a(alt_load.o)
 .data          0x00000000001135e8        0x0 hal_bsp//libhal_bsp.a(alt_main.o)
 .data          0x00000000001135e8        0x0 hal_bsp//libhal_bsp.a(alt_write.o)
 .data          0x00000000001135e8       0x2c hal_bsp//libhal_bsp.a(alt_sys_init.o)
 .data          0x0000000000113614        0x0 hal_bsp//libhal_bsp.a(altera_avalon_jtag_uart_fd.o)
 .data          0x0000000000113614        0x0 hal_bsp//libhal_bsp.a(altera_avalon_jtag_uart_read.o)
 .data          0x0000000000113614        0x0 hal_bsp//libhal_bsp.a(altera_avalon_jtag_uart_write.o)
 .data          0x0000000000113614        0x0 hal_bsp//libhal_bsp.a(altera_avalon_timer_sc.o)
 .data          0x0000000000113614        0x0 hal_bsp//libhal_bsp.a(altera_avalon_timer_ts.o)
 .data          0x0000000000113614        0x0 hal_bsp//libhal_bsp.a(altera_avalon_timer_vars.o)
 .data          0x0000000000113614        0x0 hal_bsp//libhal_bsp.a(alt_close.o)
 .data          0x0000000000113614        0x0 hal_bsp//libhal_bsp.a(alt_dcache_flush_all.o)
 .data          0x0000000000113614      0x1a8 hal_bsp//libhal_bsp.a(alt_dev.o)
                0x0000000000113614                alt_dev_null
                0x000000000011363c                alt_fd_list
 .data          0x00000000001137bc        0x0 hal_bsp//libhal_bsp.a(alt_dev_llist_insert.o)
 .data          0x00000000001137bc        0x0 hal_bsp//libhal_bsp.a(alt_do_ctors.o)
 .data          0x00000000001137bc        0x0 hal_bsp//libhal_bsp.a(alt_do_dtors.o)
 .data          0x00000000001137bc        0x0 hal_bsp//libhal_bsp.a(alt_errno.o)
 .data          0x00000000001137bc        0x0 hal_bsp//libhal_bsp.a(alt_icache_flush_all.o)
 .data          0x00000000001137bc        0x0 hal_bsp//libhal_bsp.a(alt_iic.o)
 .data          0x00000000001137bc        0x0 hal_bsp//libhal_bsp.a(alt_iic_isr_register.o)
 .data          0x00000000001137bc        0x0 hal_bsp//libhal_bsp.a(alt_io_redirect.o)
 .data          0x00000000001137bc        0x0 hal_bsp//libhal_bsp.a(alt_irq_entry.o)
 .data          0x00000000001137bc        0x0 hal_bsp//libhal_bsp.a(alt_irq_handler.o)
 .data          0x00000000001137bc        0x0 hal_bsp//libhal_bsp.a(alt_irq_vars.o)
 .data          0x00000000001137bc        0x0 hal_bsp//libhal_bsp.a(alt_open.o)
 .data          0x00000000001137bc        0x0 hal_bsp//libhal_bsp.a(alt_release_fd.o)
 .data          0x00000000001137bc        0x0 hal_bsp//libhal_bsp.a(alt_tick.o)
 .data          0x00000000001137bc        0x0 hal_bsp//libhal_bsp.a(altera_nios2_gen2_irq.o)
 .data          0x00000000001137bc        0x0 hal_bsp//libhal_bsp.a(alt_exception_entry.o)
 .data          0x00000000001137bc        0x0 hal_bsp//libhal_bsp.a(alt_find_dev.o)
 .data          0x00000000001137bc        0x0 hal_bsp//libhal_bsp.a(alt_find_file.o)
 .data          0x00000000001137bc        0x0 hal_bsp//libhal_bsp.a(alt_get_fd.o)
 .data          0x00000000001137bc        0x0 hal_bsp//libhal_bsp.a(alt_instruction_exception_entry.o)
 .data          0x00000000001137bc        0x0 /home/pp/altera/15.0/nios2eds/bin/gnu/H-x86_64-pc-linux-gnu/bin/../lib/gcc/nios2-elf/4.9.1/../../../../../H-x86_64-pc-linux-gnu/nios2-elf/lib/mno-hw-mul/libsmallc.a(lib_a-atexit.o)
 .data          0x00000000001137bc        0x0 /home/pp/altera/15.0/nios2eds/bin/gnu/H-x86_64-pc-linux-gnu/bin/../lib/gcc/nios2-elf/4.9.1/../../../../../H-x86_64-pc-linux-gnu/nios2-elf/lib/mno-hw-mul/libsmallc.a(lib_a-exit.o)
 .data          0x00000000001137bc        0x0 /home/pp/altera/15.0/nios2eds/bin/gnu/H-x86_64-pc-linux-gnu/bin/../lib/gcc/nios2-elf/4.9.1/../../../../../H-x86_64-pc-linux-gnu/nios2-elf/lib/mno-hw-mul/libsmallc.a(lib_a-memcmp.o)
 .data          0x00000000001137bc        0x0 /home/pp/altera/15.0/nios2eds/bin/gnu/H-x86_64-pc-linux-gnu/bin/../lib/gcc/nios2-elf/4.9.1/../../../../../H-x86_64-pc-linux-gnu/nios2-elf/lib/mno-hw-mul/libsmallc.a(lib_a-__atexit.o)
 .data          0x00000000001137bc        0x0 /home/pp/altera/15.0/nios2eds/bin/gnu/H-x86_64-pc-linux-gnu/bin/../lib/gcc/nios2-elf/4.9.1/../../../../../H-x86_64-pc-linux-gnu/nios2-elf/lib/mno-hw-mul/libsmallc.a(lib_a-__call_atexit.o)
 .data          0x00000000001137bc        0x0 hal_bsp//libhal_bsp.a(alt_exit.o)
                0x000000000011b7bc                _gp = ABSOLUTE ((. + 0x8000))
                0x000000000011b7bc                PROVIDE (gp, _gp)
 *(.rwdata .rwdata.*)
 *(.sdata .sdata.* .gnu.linkonce.s.*)
 .sdata         0x00000000001137bc        0x8 /home/pp/altera/15.0/nios2eds/bin/gnu/H-x86_64-pc-linux-gnu/bin/../lib/gcc/nios2-elf/4.9.1/../../../../../H-x86_64-pc-linux-gnu/nios2-elf/lib/mno-hw-mul/libsmallc.a(lib_a-impure.o)
                0x00000000001137bc                _global_impure_ptr
                0x00000000001137c0                _impure_ptr
 .sdata         0x00000000001137c4       0x14 hal_bsp//libhal_bsp.a(alt_dev.o)
                0x00000000001137c4                alt_fs_list
                0x00000000001137cc                alt_dev_list
                0x00000000001137d4                alt_max_fd
 .sdata         0x00000000001137d8        0x4 hal_bsp//libhal_bsp.a(alt_errno.o)
                0x00000000001137d8                alt_errno
 .sdata         0x00000000001137dc        0x4 hal_bsp//libhal_bsp.a(alt_irq_vars.o)
                0x00000000001137dc                alt_priority_mask
 .sdata         0x00000000001137e0        0x8 hal_bsp//libhal_bsp.a(alt_tick.o)
                0x00000000001137e0                alt_alarm_list
 *(.sdata2 .sdata2.* .gnu.linkonce.s2.*)
                0x00000000001137e8                . = ALIGN (0x4)
                0x00000000001137e8                _edata = ABSOLUTE (.)
                0x00000000001137e8                PROVIDE (edata, ABSOLUTE (.))
                0x00000000001137e8                PROVIDE (__ram_rwdata_end, ABSOLUTE (.))
                0x00000000001137e8                PROVIDE (__flash_rwdata_start, LOADADDR (.rwdata))

.bss            0x0000000000113ac8      0x38c
                0x0000000000113ac8                __bss_start = ABSOLUTE (.)
                0x0000000000113ac8                PROVIDE (__sbss_start, ABSOLUTE (.))
                0x0000000000113ac8                PROVIDE (___sbss_start, ABSOLUTE (.))
 *(.dynsbss)
 *(.sbss .sbss.* .gnu.linkonce.sb.*)
 .sbss          0x0000000000113ac8        0x4 obj/default/main.o
                0x0000000000113ac8                screen
 .sbss          0x0000000000113acc        0x8 /home/pp/altera/15.0/nios2eds/bin/gnu/H-x86_64-pc-linux-gnu/bin/../lib/gcc/nios2-elf/4.9.1/../../../../../H-x86_64-pc-linux-gnu/nios2-elf/lib/mno-hw-mul/libsmallc.a(lib_a-rand.o)
 .sbss          0x0000000000113ad4        0x4 /home/pp/altera/15.0/nios2eds/bin/gnu/H-x86_64-pc-linux-gnu/bin/../lib/gcc/nios2-elf/4.9.1/../../../../../H-x86_64-pc-linux-gnu/nios2-elf/lib/mno-hw-mul/libsmallc.a(lib_a-int_errno.o)
                0x0000000000113ad4                errno
 .sbss          0x0000000000113ad8        0xc hal_bsp//libhal_bsp.a(alt_main.o)
                0x0000000000113ad8                alt_argc
                0x0000000000113adc                alt_argv
                0x0000000000113ae0                alt_envp
 .sbss          0x0000000000113ae4        0x8 hal_bsp//libhal_bsp.a(altera_avalon_timer_vars.o)
                0x0000000000113ae4                altera_avalon_timer_ts_base
                0x0000000000113ae8                altera_avalon_timer_ts_freq
 .sbss          0x0000000000113aec        0x4 hal_bsp//libhal_bsp.a(alt_irq_vars.o)
                0x0000000000113aec                alt_irq_active
 .sbss          0x0000000000113af0        0x8 hal_bsp//libhal_bsp.a(alt_tick.o)
                0x0000000000113af0                _alt_tick_rate
                0x0000000000113af4                _alt_nticks
 .sbss          0x0000000000113af8        0x4 hal_bsp//libhal_bsp.a(alt_instruction_exception_entry.o)
                0x0000000000113af8                alt_instruction_exception_handler
 *(.sbss2 .sbss2.* .gnu.linkonce.sb2.*)
 *(.scommon)
                0x0000000000113afc                PROVIDE (__sbss_end, ABSOLUTE (.))
                0x0000000000113afc                PROVIDE (___sbss_end, ABSOLUTE (.))
 *(.dynbss)
 *(.bss .bss.* .gnu.linkonce.b.*)
 .bss           0x0000000000113afc        0x0 hal_bsp//obj/HAL/src/crt0.o
 .bss           0x0000000000113afc        0x0 obj/default/main.o
 .bss           0x0000000000113afc        0x0 /home/pp/altera/15.0/nios2eds/bin/gnu/H-x86_64-pc-linux-gnu/bin/../lib/gcc/nios2-elf/4.9.1/mno-hw-mul/libgcc.a(lib2-divmod.o)
 .bss           0x0000000000113afc        0x0 /home/pp/altera/15.0/nios2eds/bin/gnu/H-x86_64-pc-linux-gnu/bin/../lib/gcc/nios2-elf/4.9.1/../../../../../H-x86_64-pc-linux-gnu/nios2-elf/lib/mno-hw-mul/libsmallc.a(lib_a-printf.o)
 .bss           0x0000000000113afc        0x0 /home/pp/altera/15.0/nios2eds/bin/gnu/H-x86_64-pc-linux-gnu/bin/../lib/gcc/nios2-elf/4.9.1/../../../../../H-x86_64-pc-linux-gnu/nios2-elf/lib/mno-hw-mul/libsmallc.a(lib_a-putchar.o)
 .bss           0x0000000000113afc        0x0 /home/pp/altera/15.0/nios2eds/bin/gnu/H-x86_64-pc-linux-gnu/bin/../lib/gcc/nios2-elf/4.9.1/../../../../../H-x86_64-pc-linux-gnu/nios2-elf/lib/mno-hw-mul/libsmallc.a(lib_a-puts.o)
 .bss           0x0000000000113afc        0x0 /home/pp/altera/15.0/nios2eds/bin/gnu/H-x86_64-pc-linux-gnu/bin/../lib/gcc/nios2-elf/4.9.1/../../../../../H-x86_64-pc-linux-gnu/nios2-elf/lib/mno-hw-mul/libsmallc.a(lib_a-rand.o)
 .bss           0x0000000000113afc        0x0 /home/pp/altera/15.0/nios2eds/bin/gnu/H-x86_64-pc-linux-gnu/bin/../lib/gcc/nios2-elf/4.9.1/../../../../../H-x86_64-pc-linux-gnu/nios2-elf/lib/mno-hw-mul/libsmallc.a(lib_a-strlen.o)
 .bss           0x0000000000113afc        0x0 /home/pp/altera/15.0/nios2eds/bin/gnu/H-x86_64-pc-linux-gnu/bin/../lib/gcc/nios2-elf/4.9.1/../../../../../H-x86_64-pc-linux-gnu/nios2-elf/lib/mno-hw-mul/libsmallc.a(lib_a-vfprintf.o)
 .bss           0x0000000000113afc        0x0 /home/pp/altera/15.0/nios2eds/bin/gnu/H-x86_64-pc-linux-gnu/bin/../lib/gcc/nios2-elf/4.9.1/../../../../../H-x86_64-pc-linux-gnu/nios2-elf/lib/mno-hw-mul/libsmallc.a(lib_a-fvwrite_small_dev.o)
 .bss           0x0000000000113afc        0x0 /home/pp/altera/15.0/nios2eds/bin/gnu/H-x86_64-pc-linux-gnu/bin/../lib/gcc/nios2-elf/4.9.1/../../../../../H-x86_64-pc-linux-gnu/nios2-elf/lib/mno-hw-mul/libsmallc.a(lib_a-impure.o)
 .bss           0x0000000000113afc        0x0 /home/pp/altera/15.0/nios2eds/bin/gnu/H-x86_64-pc-linux-gnu/bin/../lib/gcc/nios2-elf/4.9.1/../../../../../H-x86_64-pc-linux-gnu/nios2-elf/lib/mno-hw-mul/libsmallc.a(lib_a-putc.o)
 .bss           0x0000000000113afc        0x0 /home/pp/altera/15.0/nios2eds/bin/gnu/H-x86_64-pc-linux-gnu/bin/../lib/gcc/nios2-elf/4.9.1/../../../../../H-x86_64-pc-linux-gnu/nios2-elf/lib/mno-hw-mul/libsmallc.a(lib_a-writer.o)
 .bss           0x0000000000113afc        0x0 /home/pp/altera/15.0/nios2eds/bin/gnu/H-x86_64-pc-linux-gnu/bin/../lib/gcc/nios2-elf/4.9.1/../../../../../H-x86_64-pc-linux-gnu/nios2-elf/lib/mno-hw-mul/libsmallc.a(lib_a-int_errno.o)
 .bss           0x0000000000113afc        0x0 /home/pp/altera/15.0/nios2eds/bin/gnu/H-x86_64-pc-linux-gnu/bin/../lib/gcc/nios2-elf/4.9.1/mno-hw-mul/libgcc.a(_muldi3.o)
 .bss           0x0000000000113afc        0x0 /home/pp/altera/15.0/nios2eds/bin/gnu/H-x86_64-pc-linux-gnu/bin/../lib/gcc/nios2-elf/4.9.1/mno-hw-mul/libgcc.a(lib2-mul.o)
 .bss           0x0000000000113afc        0x0 hal_bsp//libhal_bsp.a(alt_load.o)
 .bss           0x0000000000113afc        0x0 hal_bsp//libhal_bsp.a(alt_main.o)
 .bss           0x0000000000113afc        0x0 hal_bsp//libhal_bsp.a(alt_write.o)
 .bss           0x0000000000113afc        0x0 hal_bsp//libhal_bsp.a(alt_sys_init.o)
 .bss           0x0000000000113afc        0x0 hal_bsp//libhal_bsp.a(altera_avalon_jtag_uart_fd.o)
 .bss           0x0000000000113afc        0x0 hal_bsp//libhal_bsp.a(altera_avalon_jtag_uart_read.o)
 .bss           0x0000000000113afc        0x0 hal_bsp//libhal_bsp.a(altera_avalon_jtag_uart_write.o)
 .bss           0x0000000000113afc        0x0 hal_bsp//libhal_bsp.a(altera_avalon_timer_sc.o)
 .bss           0x0000000000113afc        0x0 hal_bsp//libhal_bsp.a(altera_avalon_timer_ts.o)
 .bss           0x0000000000113afc        0x0 hal_bsp//libhal_bsp.a(altera_avalon_timer_vars.o)
 .bss           0x0000000000113afc        0x0 hal_bsp//libhal_bsp.a(alt_close.o)
 .bss           0x0000000000113afc        0x0 hal_bsp//libhal_bsp.a(alt_dcache_flush_all.o)
 .bss           0x0000000000113afc        0x0 hal_bsp//libhal_bsp.a(alt_dev.o)
 .bss           0x0000000000113afc        0x0 hal_bsp//libhal_bsp.a(alt_dev_llist_insert.o)
 .bss           0x0000000000113afc        0x0 hal_bsp//libhal_bsp.a(alt_do_ctors.o)
 .bss           0x0000000000113afc        0x0 hal_bsp//libhal_bsp.a(alt_do_dtors.o)
 .bss           0x0000000000113afc        0x0 hal_bsp//libhal_bsp.a(alt_errno.o)
 .bss           0x0000000000113afc        0x0 hal_bsp//libhal_bsp.a(alt_icache_flush_all.o)
 .bss           0x0000000000113afc        0x0 hal_bsp//libhal_bsp.a(alt_iic.o)
 .bss           0x0000000000113afc        0x0 hal_bsp//libhal_bsp.a(alt_iic_isr_register.o)
 .bss           0x0000000000113afc        0x0 hal_bsp//libhal_bsp.a(alt_io_redirect.o)
 .bss           0x0000000000113afc        0x0 hal_bsp//libhal_bsp.a(alt_irq_entry.o)
 .bss           0x0000000000113afc        0x0 hal_bsp//libhal_bsp.a(alt_irq_handler.o)
 .bss           0x0000000000113afc        0x0 hal_bsp//libhal_bsp.a(alt_irq_vars.o)
 .bss           0x0000000000113afc        0x0 hal_bsp//libhal_bsp.a(alt_open.o)
 .bss           0x0000000000113afc        0x0 hal_bsp//libhal_bsp.a(alt_release_fd.o)
 .bss           0x0000000000113afc        0x0 hal_bsp//libhal_bsp.a(alt_tick.o)
 .bss           0x0000000000113afc        0x0 hal_bsp//libhal_bsp.a(altera_nios2_gen2_irq.o)
 .bss           0x0000000000113afc        0x0 hal_bsp//libhal_bsp.a(alt_exception_entry.o)
 .bss           0x0000000000113afc        0x0 hal_bsp//libhal_bsp.a(alt_find_dev.o)
 .bss           0x0000000000113afc        0x0 hal_bsp//libhal_bsp.a(alt_find_file.o)
 .bss           0x0000000000113afc        0x0 hal_bsp//libhal_bsp.a(alt_get_fd.o)
 .bss           0x0000000000113afc        0x0 hal_bsp//libhal_bsp.a(alt_instruction_exception_entry.o)
 .bss           0x0000000000113afc        0x0 /home/pp/altera/15.0/nios2eds/bin/gnu/H-x86_64-pc-linux-gnu/bin/../lib/gcc/nios2-elf/4.9.1/../../../../../H-x86_64-pc-linux-gnu/nios2-elf/lib/mno-hw-mul/libsmallc.a(lib_a-atexit.o)
 .bss           0x0000000000113afc        0x0 /home/pp/altera/15.0/nios2eds/bin/gnu/H-x86_64-pc-linux-gnu/bin/../lib/gcc/nios2-elf/4.9.1/../../../../../H-x86_64-pc-linux-gnu/nios2-elf/lib/mno-hw-mul/libsmallc.a(lib_a-exit.o)
 .bss           0x0000000000113afc        0x0 /home/pp/altera/15.0/nios2eds/bin/gnu/H-x86_64-pc-linux-gnu/bin/../lib/gcc/nios2-elf/4.9.1/../../../../../H-x86_64-pc-linux-gnu/nios2-elf/lib/mno-hw-mul/libsmallc.a(lib_a-memcmp.o)
 .bss           0x0000000000113afc        0x0 /home/pp/altera/15.0/nios2eds/bin/gnu/H-x86_64-pc-linux-gnu/bin/../lib/gcc/nios2-elf/4.9.1/../../../../../H-x86_64-pc-linux-gnu/nios2-elf/lib/mno-hw-mul/libsmallc.a(lib_a-__atexit.o)
 .bss           0x0000000000113afc        0x0 /home/pp/altera/15.0/nios2eds/bin/gnu/H-x86_64-pc-linux-gnu/bin/../lib/gcc/nios2-elf/4.9.1/../../../../../H-x86_64-pc-linux-gnu/nios2-elf/lib/mno-hw-mul/libsmallc.a(lib_a-__call_atexit.o)
 .bss           0x0000000000113afc        0x0 hal_bsp//libhal_bsp.a(alt_exit.o)
 *(COMMON)
 COMMON         0x0000000000113afc      0x258 obj/default/main.o
                0x0000000000113afc                dx
                0x0000000000113bc4                dy
                0x0000000000113c8c                dr
 COMMON         0x0000000000113d54      0x100 hal_bsp//libhal_bsp.a(alt_irq_handler.o)
                0x0000000000113d54                alt_irq
                0x0000000000113e54                . = ALIGN (0x4)
                0x0000000000113e54                __bss_end = ABSOLUTE (.)

.pixelmemory    0x0000000000108000        0x0 load address 0x0000000000113e54
                0x0000000000108000                PROVIDE (_alt_partition_pixelmemory_start, ABSOLUTE (.))
 *(.pixelmemory .pixelmemory. pixelmemory.*)
                0x0000000000108000                . = ALIGN (0x4)
                0x0000000000108000                PROVIDE (_alt_partition_pixelmemory_end, ABSOLUTE (.))
                0x0000000000113e54                PROVIDE (_alt_partition_pixelmemory_load_addr, LOADADDR (.pixelmemory))

.onchip_memory2_0
                0x0000000000113e54        0x0
                0x0000000000113e54                PROVIDE (_alt_partition_onchip_memory2_0_start, ABSOLUTE (.))
 *(.onchip_memory2_0 .onchip_memory2_0. onchip_memory2_0.*)
                0x0000000000113e54                . = ALIGN (0x4)
                0x0000000000113e54                PROVIDE (_alt_partition_onchip_memory2_0_end, ABSOLUTE (.))
                0x0000000000113e54                _end = ABSOLUTE (.)
                0x0000000000113e54                end = ABSOLUTE (.)
                0x0000000000113e54                __alt_stack_base = ABSOLUTE (.)
                0x0000000000113e54                PROVIDE (_alt_partition_onchip_memory2_0_load_addr, LOADADDR (.onchip_memory2_0))

.stab
 *(.stab)

.stabstr
 *(.stabstr)

.stab.excl
 *(.stab.excl)

.stab.exclstr
 *(.stab.exclstr)

.stab.index
 *(.stab.index)

.stab.indexstr
 *(.stab.indexstr)

.comment        0x0000000000000000       0x23
 *(.comment)
 .comment       0x0000000000000000       0x23 obj/default/main.o
                                         0x24 (size before relaxing)
 .comment       0x0000000000000000       0x24 /home/pp/altera/15.0/nios2eds/bin/gnu/H-x86_64-pc-linux-gnu/bin/../lib/gcc/nios2-elf/4.9.1/mno-hw-mul/libgcc.a(lib2-divmod.o)
 .comment       0x0000000000000000       0x24 /home/pp/altera/15.0/nios2eds/bin/gnu/H-x86_64-pc-linux-gnu/bin/../lib/gcc/nios2-elf/4.9.1/../../../../../H-x86_64-pc-linux-gnu/nios2-elf/lib/mno-hw-mul/libsmallc.a(lib_a-printf.o)
 .comment       0x0000000000000000       0x24 /home/pp/altera/15.0/nios2eds/bin/gnu/H-x86_64-pc-linux-gnu/bin/../lib/gcc/nios2-elf/4.9.1/../../../../../H-x86_64-pc-linux-gnu/nios2-elf/lib/mno-hw-mul/libsmallc.a(lib_a-putchar.o)
 .comment       0x0000000000000000       0x24 /home/pp/altera/15.0/nios2eds/bin/gnu/H-x86_64-pc-linux-gnu/bin/../lib/gcc/nios2-elf/4.9.1/../../../../../H-x86_64-pc-linux-gnu/nios2-elf/lib/mno-hw-mul/libsmallc.a(lib_a-puts.o)
 .comment       0x0000000000000000       0x24 /home/pp/altera/15.0/nios2eds/bin/gnu/H-x86_64-pc-linux-gnu/bin/../lib/gcc/nios2-elf/4.9.1/../../../../../H-x86_64-pc-linux-gnu/nios2-elf/lib/mno-hw-mul/libsmallc.a(lib_a-rand.o)
 .comment       0x0000000000000000       0x24 /home/pp/altera/15.0/nios2eds/bin/gnu/H-x86_64-pc-linux-gnu/bin/../lib/gcc/nios2-elf/4.9.1/../../../../../H-x86_64-pc-linux-gnu/nios2-elf/lib/mno-hw-mul/libsmallc.a(lib_a-strlen.o)
 .comment       0x0000000000000000       0x24 /home/pp/altera/15.0/nios2eds/bin/gnu/H-x86_64-pc-linux-gnu/bin/../lib/gcc/nios2-elf/4.9.1/../../../../../H-x86_64-pc-linux-gnu/nios2-elf/lib/mno-hw-mul/libsmallc.a(lib_a-vfprintf.o)
 .comment       0x0000000000000000       0x24 /home/pp/altera/15.0/nios2eds/bin/gnu/H-x86_64-pc-linux-gnu/bin/../lib/gcc/nios2-elf/4.9.1/../../../../../H-x86_64-pc-linux-gnu/nios2-elf/lib/mno-hw-mul/libsmallc.a(lib_a-fvwrite_small_dev.o)
 .comment       0x0000000000000000       0x24 /home/pp/altera/15.0/nios2eds/bin/gnu/H-x86_64-pc-linux-gnu/bin/../lib/gcc/nios2-elf/4.9.1/../../../../../H-x86_64-pc-linux-gnu/nios2-elf/lib/mno-hw-mul/libsmallc.a(lib_a-impure.o)
 .comment       0x0000000000000000       0x24 /home/pp/altera/15.0/nios2eds/bin/gnu/H-x86_64-pc-linux-gnu/bin/../lib/gcc/nios2-elf/4.9.1/../../../../../H-x86_64-pc-linux-gnu/nios2-elf/lib/mno-hw-mul/libsmallc.a(lib_a-putc.o)
 .comment       0x0000000000000000       0x24 /home/pp/altera/15.0/nios2eds/bin/gnu/H-x86_64-pc-linux-gnu/bin/../lib/gcc/nios2-elf/4.9.1/../../../../../H-x86_64-pc-linux-gnu/nios2-elf/lib/mno-hw-mul/libsmallc.a(lib_a-writer.o)
 .comment       0x0000000000000000       0x24 /home/pp/altera/15.0/nios2eds/bin/gnu/H-x86_64-pc-linux-gnu/bin/../lib/gcc/nios2-elf/4.9.1/../../../../../H-x86_64-pc-linux-gnu/nios2-elf/lib/mno-hw-mul/libsmallc.a(lib_a-int_errno.o)
 .comment       0x0000000000000000       0x24 /home/pp/altera/15.0/nios2eds/bin/gnu/H-x86_64-pc-linux-gnu/bin/../lib/gcc/nios2-elf/4.9.1/mno-hw-mul/libgcc.a(_muldi3.o)
 .comment       0x0000000000000000       0x24 /home/pp/altera/15.0/nios2eds/bin/gnu/H-x86_64-pc-linux-gnu/bin/../lib/gcc/nios2-elf/4.9.1/mno-hw-mul/libgcc.a(lib2-mul.o)
 .comment       0x0000000000000000       0x24 hal_bsp//libhal_bsp.a(alt_load.o)
 .comment       0x0000000000000000       0x24 hal_bsp//libhal_bsp.a(alt_main.o)
 .comment       0x0000000000000000       0x24 hal_bsp//libhal_bsp.a(alt_write.o)
 .comment       0x0000000000000000       0x24 hal_bsp//libhal_bsp.a(alt_sys_init.o)
 .comment       0x0000000000000000       0x24 hal_bsp//libhal_bsp.a(altera_avalon_jtag_uart_fd.o)
 .comment       0x0000000000000000       0x24 hal_bsp//libhal_bsp.a(altera_avalon_jtag_uart_read.o)
 .comment       0x0000000000000000       0x24 hal_bsp//libhal_bsp.a(altera_avalon_jtag_uart_write.o)
 .comment       0x0000000000000000       0x24 hal_bsp//libhal_bsp.a(altera_avalon_timer_sc.o)
 .comment       0x0000000000000000       0x24 hal_bsp//libhal_bsp.a(altera_avalon_timer_ts.o)
 .comment       0x0000000000000000       0x24 hal_bsp//libhal_bsp.a(altera_avalon_timer_vars.o)
 .comment       0x0000000000000000       0x24 hal_bsp//libhal_bsp.a(alt_close.o)
 .comment       0x0000000000000000       0x24 hal_bsp//libhal_bsp.a(alt_dcache_flush_all.o)
 .comment       0x0000000000000000       0x24 hal_bsp//libhal_bsp.a(alt_dev.o)
 .comment       0x0000000000000000       0x24 hal_bsp//libhal_bsp.a(alt_dev_llist_insert.o)
 .comment       0x0000000000000000       0x24 hal_bsp//libhal_bsp.a(alt_do_ctors.o)
 .comment       0x0000000000000000       0x24 hal_bsp//libhal_bsp.a(alt_do_dtors.o)
 .comment       0x0000000000000000       0x24 hal_bsp//libhal_bsp.a(alt_errno.o)
 .comment       0x0000000000000000       0x24 hal_bsp//libhal_bsp.a(alt_icache_flush_all.o)
 .comment       0x0000000000000000       0x24 hal_bsp//libhal_bsp.a(alt_iic.o)
 .comment       0x0000000000000000       0x24 hal_bsp//libhal_bsp.a(alt_iic_isr_register.o)
 .comment       0x0000000000000000       0x24 hal_bsp//libhal_bsp.a(alt_io_redirect.o)
 .comment       0x0000000000000000       0x24 hal_bsp//libhal_bsp.a(alt_irq_handler.o)
 .comment       0x0000000000000000       0x24 hal_bsp//libhal_bsp.a(alt_irq_vars.o)
 .comment       0x0000000000000000       0x24 hal_bsp//libhal_bsp.a(alt_open.o)
 .comment       0x0000000000000000       0x24 hal_bsp//libhal_bsp.a(alt_release_fd.o)
 .comment       0x0000000000000000       0x24 hal_bsp//libhal_bsp.a(alt_tick.o)
 .comment       0x0000000000000000       0x24 hal_bsp//libhal_bsp.a(altera_nios2_gen2_irq.o)
 .comment       0x0000000000000000       0x24 hal_bsp//libhal_bsp.a(alt_find_dev.o)
 .comment       0x0000000000000000       0x24 hal_bsp//libhal_bsp.a(alt_find_file.o)
 .comment       0x0000000000000000       0x24 hal_bsp//libhal_bsp.a(alt_get_fd.o)
 .comment       0x0000000000000000       0x24 hal_bsp//libhal_bsp.a(alt_instruction_exception_entry.o)
 .comment       0x0000000000000000       0x24 /home/pp/altera/15.0/nios2eds/bin/gnu/H-x86_64-pc-linux-gnu/bin/../lib/gcc/nios2-elf/4.9.1/../../../../../H-x86_64-pc-linux-gnu/nios2-elf/lib/mno-hw-mul/libsmallc.a(lib_a-atexit.o)
 .comment       0x0000000000000000       0x24 /home/pp/altera/15.0/nios2eds/bin/gnu/H-x86_64-pc-linux-gnu/bin/../lib/gcc/nios2-elf/4.9.1/../../../../../H-x86_64-pc-linux-gnu/nios2-elf/lib/mno-hw-mul/libsmallc.a(lib_a-exit.o)
 .comment       0x0000000000000000       0x24 /home/pp/altera/15.0/nios2eds/bin/gnu/H-x86_64-pc-linux-gnu/bin/../lib/gcc/nios2-elf/4.9.1/../../../../../H-x86_64-pc-linux-gnu/nios2-elf/lib/mno-hw-mul/libsmallc.a(lib_a-memcmp.o)
 .comment       0x0000000000000000       0x24 /home/pp/altera/15.0/nios2eds/bin/gnu/H-x86_64-pc-linux-gnu/bin/../lib/gcc/nios2-elf/4.9.1/../../../../../H-x86_64-pc-linux-gnu/nios2-elf/lib/mno-hw-mul/libsmallc.a(lib_a-__atexit.o)
 .comment       0x0000000000000000       0x24 /home/pp/altera/15.0/nios2eds/bin/gnu/H-x86_64-pc-linux-gnu/bin/../lib/gcc/nios2-elf/4.9.1/../../../../../H-x86_64-pc-linux-gnu/nios2-elf/lib/mno-hw-mul/libsmallc.a(lib_a-__call_atexit.o)
 .comment       0x0000000000000000       0x24 hal_bsp//libhal_bsp.a(alt_exit.o)

.debug
 *(.debug)

.line
 *(.line)

.debug_srcinfo
 *(.debug_srcinfo)

.debug_sfnames
 *(.debug_sfnames)

.debug_aranges  0x0000000000000000      0x6f0
 *(.debug_aranges)
 .debug_aranges
                0x0000000000000000       0x28 hal_bsp//obj/HAL/src/crt0.o
 .debug_aranges
                0x0000000000000028       0x20 obj/default/main.o
 .debug_aranges
                0x0000000000000048       0x20 /home/pp/altera/15.0/nios2eds/bin/gnu/H-x86_64-pc-linux-gnu/bin/../lib/gcc/nios2-elf/4.9.1/mno-hw-mul/libgcc.a(lib2-divmod.o)
 .debug_aranges
                0x0000000000000068       0x20 /home/pp/altera/15.0/nios2eds/bin/gnu/H-x86_64-pc-linux-gnu/bin/../lib/gcc/nios2-elf/4.9.1/../../../../../H-x86_64-pc-linux-gnu/nios2-elf/lib/mno-hw-mul/libsmallc.a(lib_a-printf.o)
 .debug_aranges
                0x0000000000000088       0x20 /home/pp/altera/15.0/nios2eds/bin/gnu/H-x86_64-pc-linux-gnu/bin/../lib/gcc/nios2-elf/4.9.1/../../../../../H-x86_64-pc-linux-gnu/nios2-elf/lib/mno-hw-mul/libsmallc.a(lib_a-putchar.o)
 .debug_aranges
                0x00000000000000a8       0x20 /home/pp/altera/15.0/nios2eds/bin/gnu/H-x86_64-pc-linux-gnu/bin/../lib/gcc/nios2-elf/4.9.1/../../../../../H-x86_64-pc-linux-gnu/nios2-elf/lib/mno-hw-mul/libsmallc.a(lib_a-puts.o)
 .debug_aranges
                0x00000000000000c8       0x20 /home/pp/altera/15.0/nios2eds/bin/gnu/H-x86_64-pc-linux-gnu/bin/../lib/gcc/nios2-elf/4.9.1/../../../../../H-x86_64-pc-linux-gnu/nios2-elf/lib/mno-hw-mul/libsmallc.a(lib_a-rand.o)
 .debug_aranges
                0x00000000000000e8       0x20 /home/pp/altera/15.0/nios2eds/bin/gnu/H-x86_64-pc-linux-gnu/bin/../lib/gcc/nios2-elf/4.9.1/../../../../../H-x86_64-pc-linux-gnu/nios2-elf/lib/mno-hw-mul/libsmallc.a(lib_a-strlen.o)
 .debug_aranges
                0x0000000000000108       0x20 /home/pp/altera/15.0/nios2eds/bin/gnu/H-x86_64-pc-linux-gnu/bin/../lib/gcc/nios2-elf/4.9.1/../../../../../H-x86_64-pc-linux-gnu/nios2-elf/lib/mno-hw-mul/libsmallc.a(lib_a-vfprintf.o)
 .debug_aranges
                0x0000000000000128       0x20 /home/pp/altera/15.0/nios2eds/bin/gnu/H-x86_64-pc-linux-gnu/bin/../lib/gcc/nios2-elf/4.9.1/../../../../../H-x86_64-pc-linux-gnu/nios2-elf/lib/mno-hw-mul/libsmallc.a(lib_a-fvwrite_small_dev.o)
 .debug_aranges
                0x0000000000000148       0x18 /home/pp/altera/15.0/nios2eds/bin/gnu/H-x86_64-pc-linux-gnu/bin/../lib/gcc/nios2-elf/4.9.1/../../../../../H-x86_64-pc-linux-gnu/nios2-elf/lib/mno-hw-mul/libsmallc.a(lib_a-impure.o)
 .debug_aranges
                0x0000000000000160       0x20 /home/pp/altera/15.0/nios2eds/bin/gnu/H-x86_64-pc-linux-gnu/bin/../lib/gcc/nios2-elf/4.9.1/../../../../../H-x86_64-pc-linux-gnu/nios2-elf/lib/mno-hw-mul/libsmallc.a(lib_a-putc.o)
 .debug_aranges
                0x0000000000000180       0x20 /home/pp/altera/15.0/nios2eds/bin/gnu/H-x86_64-pc-linux-gnu/bin/../lib/gcc/nios2-elf/4.9.1/../../../../../H-x86_64-pc-linux-gnu/nios2-elf/lib/mno-hw-mul/libsmallc.a(lib_a-writer.o)
 .debug_aranges
                0x00000000000001a0       0x18 /home/pp/altera/15.0/nios2eds/bin/gnu/H-x86_64-pc-linux-gnu/bin/../lib/gcc/nios2-elf/4.9.1/../../../../../H-x86_64-pc-linux-gnu/nios2-elf/lib/mno-hw-mul/libsmallc.a(lib_a-int_errno.o)
 .debug_aranges
                0x00000000000001b8       0x20 /home/pp/altera/15.0/nios2eds/bin/gnu/H-x86_64-pc-linux-gnu/bin/../lib/gcc/nios2-elf/4.9.1/mno-hw-mul/libgcc.a(_muldi3.o)
 .debug_aranges
                0x00000000000001d8       0x20 /home/pp/altera/15.0/nios2eds/bin/gnu/H-x86_64-pc-linux-gnu/bin/../lib/gcc/nios2-elf/4.9.1/mno-hw-mul/libgcc.a(lib2-mul.o)
 .debug_aranges
                0x00000000000001f8       0x20 hal_bsp//libhal_bsp.a(alt_load.o)
 .debug_aranges
                0x0000000000000218       0x20 hal_bsp//libhal_bsp.a(alt_main.o)
 .debug_aranges
                0x0000000000000238       0x20 hal_bsp//libhal_bsp.a(alt_write.o)
 .debug_aranges
                0x0000000000000258       0x20 hal_bsp//libhal_bsp.a(alt_sys_init.o)
 .debug_aranges
                0x0000000000000278       0x20 hal_bsp//libhal_bsp.a(altera_avalon_jtag_uart_fd.o)
 .debug_aranges
                0x0000000000000298       0x20 hal_bsp//libhal_bsp.a(altera_avalon_jtag_uart_read.o)
 .debug_aranges
                0x00000000000002b8       0x20 hal_bsp//libhal_bsp.a(altera_avalon_jtag_uart_write.o)
 .debug_aranges
                0x00000000000002d8       0x20 hal_bsp//libhal_bsp.a(altera_avalon_timer_sc.o)
 .debug_aranges
                0x00000000000002f8       0x20 hal_bsp//libhal_bsp.a(altera_avalon_timer_ts.o)
 .debug_aranges
                0x0000000000000318       0x18 hal_bsp//libhal_bsp.a(altera_avalon_timer_vars.o)
 .debug_aranges
                0x0000000000000330       0x20 hal_bsp//libhal_bsp.a(alt_close.o)
 .debug_aranges
                0x0000000000000350       0x20 hal_bsp//libhal_bsp.a(alt_dcache_flush_all.o)
 .debug_aranges
                0x0000000000000370       0x20 hal_bsp//libhal_bsp.a(alt_dev.o)
 .debug_aranges
                0x0000000000000390       0x20 hal_bsp//libhal_bsp.a(alt_dev_llist_insert.o)
 .debug_aranges
                0x00000000000003b0       0x20 hal_bsp//libhal_bsp.a(alt_do_ctors.o)
 .debug_aranges
                0x00000000000003d0       0x20 hal_bsp//libhal_bsp.a(alt_do_dtors.o)
 .debug_aranges
                0x00000000000003f0       0x18 hal_bsp//libhal_bsp.a(alt_errno.o)
 .debug_aranges
                0x0000000000000408       0x20 hal_bsp//libhal_bsp.a(alt_icache_flush_all.o)
 .debug_aranges
                0x0000000000000428       0x20 hal_bsp//libhal_bsp.a(alt_iic.o)
 .debug_aranges
                0x0000000000000448       0x20 hal_bsp//libhal_bsp.a(alt_iic_isr_register.o)
 .debug_aranges
                0x0000000000000468       0x20 hal_bsp//libhal_bsp.a(alt_io_redirect.o)
 .debug_aranges
                0x0000000000000488       0x30 hal_bsp//libhal_bsp.a(alt_irq_entry.o)
 .debug_aranges
                0x00000000000004b8       0x20 hal_bsp//libhal_bsp.a(alt_irq_handler.o)
 .debug_aranges
                0x00000000000004d8       0x18 hal_bsp//libhal_bsp.a(alt_irq_vars.o)
 .debug_aranges
                0x00000000000004f0       0x20 hal_bsp//libhal_bsp.a(alt_open.o)
 .debug_aranges
                0x0000000000000510       0x20 hal_bsp//libhal_bsp.a(alt_release_fd.o)
 .debug_aranges
                0x0000000000000530       0x20 hal_bsp//libhal_bsp.a(alt_tick.o)
 .debug_aranges
                0x0000000000000550       0x20 hal_bsp//libhal_bsp.a(altera_nios2_gen2_irq.o)
 .debug_aranges
                0x0000000000000570       0x38 hal_bsp//libhal_bsp.a(alt_exception_entry.o)
 .debug_aranges
                0x00000000000005a8       0x20 hal_bsp//libhal_bsp.a(alt_find_dev.o)
 .debug_aranges
                0x00000000000005c8       0x20 hal_bsp//libhal_bsp.a(alt_find_file.o)
 .debug_aranges
                0x00000000000005e8       0x20 hal_bsp//libhal_bsp.a(alt_get_fd.o)
 .debug_aranges
                0x0000000000000608       0x28 hal_bsp//libhal_bsp.a(alt_instruction_exception_entry.o)
 .debug_aranges
                0x0000000000000630       0x20 /home/pp/altera/15.0/nios2eds/bin/gnu/H-x86_64-pc-linux-gnu/bin/../lib/gcc/nios2-elf/4.9.1/../../../../../H-x86_64-pc-linux-gnu/nios2-elf/lib/mno-hw-mul/libsmallc.a(lib_a-atexit.o)
 .debug_aranges
                0x0000000000000650       0x20 /home/pp/altera/15.0/nios2eds/bin/gnu/H-x86_64-pc-linux-gnu/bin/../lib/gcc/nios2-elf/4.9.1/../../../../../H-x86_64-pc-linux-gnu/nios2-elf/lib/mno-hw-mul/libsmallc.a(lib_a-exit.o)
 .debug_aranges
                0x0000000000000670       0x20 /home/pp/altera/15.0/nios2eds/bin/gnu/H-x86_64-pc-linux-gnu/bin/../lib/gcc/nios2-elf/4.9.1/../../../../../H-x86_64-pc-linux-gnu/nios2-elf/lib/mno-hw-mul/libsmallc.a(lib_a-memcmp.o)
 .debug_aranges
                0x0000000000000690       0x20 /home/pp/altera/15.0/nios2eds/bin/gnu/H-x86_64-pc-linux-gnu/bin/../lib/gcc/nios2-elf/4.9.1/../../../../../H-x86_64-pc-linux-gnu/nios2-elf/lib/mno-hw-mul/libsmallc.a(lib_a-__atexit.o)
 .debug_aranges
                0x00000000000006b0       0x20 /home/pp/altera/15.0/nios2eds/bin/gnu/H-x86_64-pc-linux-gnu/bin/../lib/gcc/nios2-elf/4.9.1/../../../../../H-x86_64-pc-linux-gnu/nios2-elf/lib/mno-hw-mul/libsmallc.a(lib_a-__call_atexit.o)
 .debug_aranges
                0x00000000000006d0       0x20 hal_bsp//libhal_bsp.a(alt_exit.o)

.debug_pubnames
 *(.debug_pubnames)

.debug_info     0x0000000000000000     0x96dd
 *(.debug_info .gnu.linkonce.wi.*)
 .debug_info    0x0000000000000000       0x7f hal_bsp//obj/HAL/src/crt0.o
 .debug_info    0x000000000000007f      0x40d obj/default/main.o
 .debug_info    0x000000000000048c      0x234 /home/pp/altera/15.0/nios2eds/bin/gnu/H-x86_64-pc-linux-gnu/bin/../lib/gcc/nios2-elf/4.9.1/mno-hw-mul/libgcc.a(lib2-divmod.o)
 .debug_info    0x00000000000006c0      0x6c7 /home/pp/altera/15.0/nios2eds/bin/gnu/H-x86_64-pc-linux-gnu/bin/../lib/gcc/nios2-elf/4.9.1/../../../../../H-x86_64-pc-linux-gnu/nios2-elf/lib/mno-hw-mul/libsmallc.a(lib_a-printf.o)
 .debug_info    0x0000000000000d87      0x639 /home/pp/altera/15.0/nios2eds/bin/gnu/H-x86_64-pc-linux-gnu/bin/../lib/gcc/nios2-elf/4.9.1/../../../../../H-x86_64-pc-linux-gnu/nios2-elf/lib/mno-hw-mul/libsmallc.a(lib_a-putchar.o)
 .debug_info    0x00000000000013c0      0x685 /home/pp/altera/15.0/nios2eds/bin/gnu/H-x86_64-pc-linux-gnu/bin/../lib/gcc/nios2-elf/4.9.1/../../../../../H-x86_64-pc-linux-gnu/nios2-elf/lib/mno-hw-mul/libsmallc.a(lib_a-puts.o)
 .debug_info    0x0000000000001a45       0xc3 /home/pp/altera/15.0/nios2eds/bin/gnu/H-x86_64-pc-linux-gnu/bin/../lib/gcc/nios2-elf/4.9.1/../../../../../H-x86_64-pc-linux-gnu/nios2-elf/lib/mno-hw-mul/libsmallc.a(lib_a-rand.o)
 .debug_info    0x0000000000001b08       0xc2 /home/pp/altera/15.0/nios2eds/bin/gnu/H-x86_64-pc-linux-gnu/bin/../lib/gcc/nios2-elf/4.9.1/../../../../../H-x86_64-pc-linux-gnu/nios2-elf/lib/mno-hw-mul/libsmallc.a(lib_a-strlen.o)
 .debug_info    0x0000000000001bca      0xb49 /home/pp/altera/15.0/nios2eds/bin/gnu/H-x86_64-pc-linux-gnu/bin/../lib/gcc/nios2-elf/4.9.1/../../../../../H-x86_64-pc-linux-gnu/nios2-elf/lib/mno-hw-mul/libsmallc.a(lib_a-vfprintf.o)
 .debug_info    0x0000000000002713      0x656 /home/pp/altera/15.0/nios2eds/bin/gnu/H-x86_64-pc-linux-gnu/bin/../lib/gcc/nios2-elf/4.9.1/../../../../../H-x86_64-pc-linux-gnu/nios2-elf/lib/mno-hw-mul/libsmallc.a(lib_a-fvwrite_small_dev.o)
 .debug_info    0x0000000000002d69      0x5a7 /home/pp/altera/15.0/nios2eds/bin/gnu/H-x86_64-pc-linux-gnu/bin/../lib/gcc/nios2-elf/4.9.1/../../../../../H-x86_64-pc-linux-gnu/nios2-elf/lib/mno-hw-mul/libsmallc.a(lib_a-impure.o)
 .debug_info    0x0000000000003310      0x680 /home/pp/altera/15.0/nios2eds/bin/gnu/H-x86_64-pc-linux-gnu/bin/../lib/gcc/nios2-elf/4.9.1/../../../../../H-x86_64-pc-linux-gnu/nios2-elf/lib/mno-hw-mul/libsmallc.a(lib_a-putc.o)
 .debug_info    0x0000000000003990      0x639 /home/pp/altera/15.0/nios2eds/bin/gnu/H-x86_64-pc-linux-gnu/bin/../lib/gcc/nios2-elf/4.9.1/../../../../../H-x86_64-pc-linux-gnu/nios2-elf/lib/mno-hw-mul/libsmallc.a(lib_a-writer.o)
 .debug_info    0x0000000000003fc9       0x83 /home/pp/altera/15.0/nios2eds/bin/gnu/H-x86_64-pc-linux-gnu/bin/../lib/gcc/nios2-elf/4.9.1/../../../../../H-x86_64-pc-linux-gnu/nios2-elf/lib/mno-hw-mul/libsmallc.a(lib_a-int_errno.o)
 .debug_info    0x000000000000404c      0x1e2 /home/pp/altera/15.0/nios2eds/bin/gnu/H-x86_64-pc-linux-gnu/bin/../lib/gcc/nios2-elf/4.9.1/mno-hw-mul/libgcc.a(_muldi3.o)
 .debug_info    0x000000000000422e       0xb4 /home/pp/altera/15.0/nios2eds/bin/gnu/H-x86_64-pc-linux-gnu/bin/../lib/gcc/nios2-elf/4.9.1/mno-hw-mul/libgcc.a(lib2-mul.o)
 .debug_info    0x00000000000042e2      0x13e hal_bsp//libhal_bsp.a(alt_load.o)
 .debug_info    0x0000000000004420      0x12a hal_bsp//libhal_bsp.a(alt_main.o)
 .debug_info    0x000000000000454a      0x4b0 hal_bsp//libhal_bsp.a(alt_write.o)
 .debug_info    0x00000000000049fa      0x3d8 hal_bsp//libhal_bsp.a(alt_sys_init.o)
 .debug_info    0x0000000000004dd2      0x3a0 hal_bsp//libhal_bsp.a(altera_avalon_jtag_uart_fd.o)
 .debug_info    0x0000000000005172      0x1af hal_bsp//libhal_bsp.a(altera_avalon_jtag_uart_read.o)
 .debug_info    0x0000000000005321      0x18e hal_bsp//libhal_bsp.a(altera_avalon_jtag_uart_write.o)
 .debug_info    0x00000000000054af      0x21f hal_bsp//libhal_bsp.a(altera_avalon_timer_sc.o)
 .debug_info    0x00000000000056ce      0x174 hal_bsp//libhal_bsp.a(altera_avalon_timer_ts.o)
 .debug_info    0x0000000000005842       0xe2 hal_bsp//libhal_bsp.a(altera_avalon_timer_vars.o)
 .debug_info    0x0000000000005924      0x31a hal_bsp//libhal_bsp.a(alt_close.o)
 .debug_info    0x0000000000005c3e       0x8b hal_bsp//libhal_bsp.a(alt_dcache_flush_all.o)
 .debug_info    0x0000000000005cc9      0x495 hal_bsp//libhal_bsp.a(alt_dev.o)
 .debug_info    0x000000000000615e      0x1a2 hal_bsp//libhal_bsp.a(alt_dev_llist_insert.o)
 .debug_info    0x0000000000006300       0x83 hal_bsp//libhal_bsp.a(alt_do_ctors.o)
 .debug_info    0x0000000000006383       0x83 hal_bsp//libhal_bsp.a(alt_do_dtors.o)
 .debug_info    0x0000000000006406       0x9f hal_bsp//libhal_bsp.a(alt_errno.o)
 .debug_info    0x00000000000064a5       0x8b hal_bsp//libhal_bsp.a(alt_icache_flush_all.o)
 .debug_info    0x0000000000006530      0x349 hal_bsp//libhal_bsp.a(alt_iic.o)
 .debug_info    0x0000000000006879      0x1e8 hal_bsp//libhal_bsp.a(alt_iic_isr_register.o)
 .debug_info    0x0000000000006a61      0x49e hal_bsp//libhal_bsp.a(alt_io_redirect.o)
 .debug_info    0x0000000000006eff       0x88 hal_bsp//libhal_bsp.a(alt_irq_entry.o)
 .debug_info    0x0000000000006f87      0x180 hal_bsp//libhal_bsp.a(alt_irq_handler.o)
 .debug_info    0x0000000000007107       0x88 hal_bsp//libhal_bsp.a(alt_irq_vars.o)
 .debug_info    0x000000000000718f      0x3b4 hal_bsp//libhal_bsp.a(alt_open.o)
 .debug_info    0x0000000000007543      0x2b0 hal_bsp//libhal_bsp.a(alt_release_fd.o)
 .debug_info    0x00000000000077f3      0x292 hal_bsp//libhal_bsp.a(alt_tick.o)
 .debug_info    0x0000000000007a85       0x8b hal_bsp//libhal_bsp.a(altera_nios2_gen2_irq.o)
 .debug_info    0x0000000000007b10       0x8e hal_bsp//libhal_bsp.a(alt_exception_entry.o)
 .debug_info    0x0000000000007b9e      0x2e2 hal_bsp//libhal_bsp.a(alt_find_dev.o)
 .debug_info    0x0000000000007e80      0x2df hal_bsp//libhal_bsp.a(alt_find_file.o)
 .debug_info    0x000000000000815f      0x309 hal_bsp//libhal_bsp.a(alt_get_fd.o)
 .debug_info    0x0000000000008468      0x1d8 hal_bsp//libhal_bsp.a(alt_instruction_exception_entry.o)
 .debug_info    0x0000000000008640      0x10a /home/pp/altera/15.0/nios2eds/bin/gnu/H-x86_64-pc-linux-gnu/bin/../lib/gcc/nios2-elf/4.9.1/../../../../../H-x86_64-pc-linux-gnu/nios2-elf/lib/mno-hw-mul/libsmallc.a(lib_a-atexit.o)
 .debug_info    0x000000000000874a       0xed /home/pp/altera/15.0/nios2eds/bin/gnu/H-x86_64-pc-linux-gnu/bin/../lib/gcc/nios2-elf/4.9.1/../../../../../H-x86_64-pc-linux-gnu/nios2-elf/lib/mno-hw-mul/libsmallc.a(lib_a-exit.o)
 .debug_info    0x0000000000008837       0xed /home/pp/altera/15.0/nios2eds/bin/gnu/H-x86_64-pc-linux-gnu/bin/../lib/gcc/nios2-elf/4.9.1/../../../../../H-x86_64-pc-linux-gnu/nios2-elf/lib/mno-hw-mul/libsmallc.a(lib_a-memcmp.o)
 .debug_info    0x0000000000008924      0x661 /home/pp/altera/15.0/nios2eds/bin/gnu/H-x86_64-pc-linux-gnu/bin/../lib/gcc/nios2-elf/4.9.1/../../../../../H-x86_64-pc-linux-gnu/nios2-elf/lib/mno-hw-mul/libsmallc.a(lib_a-__atexit.o)
 .debug_info    0x0000000000008f85      0x673 /home/pp/altera/15.0/nios2eds/bin/gnu/H-x86_64-pc-linux-gnu/bin/../lib/gcc/nios2-elf/4.9.1/../../../../../H-x86_64-pc-linux-gnu/nios2-elf/lib/mno-hw-mul/libsmallc.a(lib_a-__call_atexit.o)
 .debug_info    0x00000000000095f8       0xe5 hal_bsp//libhal_bsp.a(alt_exit.o)

.debug_abbrev   0x0000000000000000     0x3503
 *(.debug_abbrev)
 .debug_abbrev  0x0000000000000000       0x12 hal_bsp//obj/HAL/src/crt0.o
 .debug_abbrev  0x0000000000000012      0x19a obj/default/main.o
 .debug_abbrev  0x00000000000001ac       0xd9 /home/pp/altera/15.0/nios2eds/bin/gnu/H-x86_64-pc-linux-gnu/bin/../lib/gcc/nios2-elf/4.9.1/mno-hw-mul/libgcc.a(lib2-divmod.o)
 .debug_abbrev  0x0000000000000285      0x1fe /home/pp/altera/15.0/nios2eds/bin/gnu/H-x86_64-pc-linux-gnu/bin/../lib/gcc/nios2-elf/4.9.1/../../../../../H-x86_64-pc-linux-gnu/nios2-elf/lib/mno-hw-mul/libsmallc.a(lib_a-printf.o)
 .debug_abbrev  0x0000000000000483      0x1b5 /home/pp/altera/15.0/nios2eds/bin/gnu/H-x86_64-pc-linux-gnu/bin/../lib/gcc/nios2-elf/4.9.1/../../../../../H-x86_64-pc-linux-gnu/nios2-elf/lib/mno-hw-mul/libsmallc.a(lib_a-putchar.o)
 .debug_abbrev  0x0000000000000638      0x1ed /home/pp/altera/15.0/nios2eds/bin/gnu/H-x86_64-pc-linux-gnu/bin/../lib/gcc/nios2-elf/4.9.1/../../../../../H-x86_64-pc-linux-gnu/nios2-elf/lib/mno-hw-mul/libsmallc.a(lib_a-puts.o)
 .debug_abbrev  0x0000000000000825       0x7c /home/pp/altera/15.0/nios2eds/bin/gnu/H-x86_64-pc-linux-gnu/bin/../lib/gcc/nios2-elf/4.9.1/../../../../../H-x86_64-pc-linux-gnu/nios2-elf/lib/mno-hw-mul/libsmallc.a(lib_a-rand.o)
 .debug_abbrev  0x00000000000008a1       0x7f /home/pp/altera/15.0/nios2eds/bin/gnu/H-x86_64-pc-linux-gnu/bin/../lib/gcc/nios2-elf/4.9.1/../../../../../H-x86_64-pc-linux-gnu/nios2-elf/lib/mno-hw-mul/libsmallc.a(lib_a-strlen.o)
 .debug_abbrev  0x0000000000000920      0x2a1 /home/pp/altera/15.0/nios2eds/bin/gnu/H-x86_64-pc-linux-gnu/bin/../lib/gcc/nios2-elf/4.9.1/../../../../../H-x86_64-pc-linux-gnu/nios2-elf/lib/mno-hw-mul/libsmallc.a(lib_a-vfprintf.o)
 .debug_abbrev  0x0000000000000bc1      0x1c3 /home/pp/altera/15.0/nios2eds/bin/gnu/H-x86_64-pc-linux-gnu/bin/../lib/gcc/nios2-elf/4.9.1/../../../../../H-x86_64-pc-linux-gnu/nios2-elf/lib/mno-hw-mul/libsmallc.a(lib_a-fvwrite_small_dev.o)
 .debug_abbrev  0x0000000000000d84      0x14a /home/pp/altera/15.0/nios2eds/bin/gnu/H-x86_64-pc-linux-gnu/bin/../lib/gcc/nios2-elf/4.9.1/../../../../../H-x86_64-pc-linux-gnu/nios2-elf/lib/mno-hw-mul/libsmallc.a(lib_a-impure.o)
 .debug_abbrev  0x0000000000000ece      0x1bf /home/pp/altera/15.0/nios2eds/bin/gnu/H-x86_64-pc-linux-gnu/bin/../lib/gcc/nios2-elf/4.9.1/../../../../../H-x86_64-pc-linux-gnu/nios2-elf/lib/mno-hw-mul/libsmallc.a(lib_a-putc.o)
 .debug_abbrev  0x000000000000108d      0x1a8 /home/pp/altera/15.0/nios2eds/bin/gnu/H-x86_64-pc-linux-gnu/bin/../lib/gcc/nios2-elf/4.9.1/../../../../../H-x86_64-pc-linux-gnu/nios2-elf/lib/mno-hw-mul/libsmallc.a(lib_a-writer.o)
 .debug_abbrev  0x0000000000001235       0x37 /home/pp/altera/15.0/nios2eds/bin/gnu/H-x86_64-pc-linux-gnu/bin/../lib/gcc/nios2-elf/4.9.1/../../../../../H-x86_64-pc-linux-gnu/nios2-elf/lib/mno-hw-mul/libsmallc.a(lib_a-int_errno.o)
 .debug_abbrev  0x000000000000126c       0xe0 /home/pp/altera/15.0/nios2eds/bin/gnu/H-x86_64-pc-linux-gnu/bin/../lib/gcc/nios2-elf/4.9.1/mno-hw-mul/libgcc.a(_muldi3.o)
 .debug_abbrev  0x000000000000134c       0x6f /home/pp/altera/15.0/nios2eds/bin/gnu/H-x86_64-pc-linux-gnu/bin/../lib/gcc/nios2-elf/4.9.1/mno-hw-mul/libgcc.a(lib2-mul.o)
 .debug_abbrev  0x00000000000013bb       0x9f hal_bsp//libhal_bsp.a(alt_load.o)
 .debug_abbrev  0x000000000000145a       0xba hal_bsp//libhal_bsp.a(alt_main.o)
 .debug_abbrev  0x0000000000001514      0x133 hal_bsp//libhal_bsp.a(alt_write.o)
 .debug_abbrev  0x0000000000001647      0x157 hal_bsp//libhal_bsp.a(alt_sys_init.o)
 .debug_abbrev  0x000000000000179e       0xf7 hal_bsp//libhal_bsp.a(altera_avalon_jtag_uart_fd.o)
 .debug_abbrev  0x0000000000001895       0xd7 hal_bsp//libhal_bsp.a(altera_avalon_jtag_uart_read.o)
 .debug_abbrev  0x000000000000196c       0xd5 hal_bsp//libhal_bsp.a(altera_avalon_jtag_uart_write.o)
 .debug_abbrev  0x0000000000001a41      0x155 hal_bsp//libhal_bsp.a(altera_avalon_timer_sc.o)
 .debug_abbrev  0x0000000000001b96       0xc4 hal_bsp//libhal_bsp.a(altera_avalon_timer_ts.o)
 .debug_abbrev  0x0000000000001c5a       0x83 hal_bsp//libhal_bsp.a(altera_avalon_timer_vars.o)
 .debug_abbrev  0x0000000000001cdd      0x11f hal_bsp//libhal_bsp.a(alt_close.o)
 .debug_abbrev  0x0000000000001dfc       0x42 hal_bsp//libhal_bsp.a(alt_dcache_flush_all.o)
 .debug_abbrev  0x0000000000001e3e       0xd9 hal_bsp//libhal_bsp.a(alt_dev.o)
 .debug_abbrev  0x0000000000001f17      0x114 hal_bsp//libhal_bsp.a(alt_dev_llist_insert.o)
 .debug_abbrev  0x000000000000202b       0x79 hal_bsp//libhal_bsp.a(alt_do_ctors.o)
 .debug_abbrev  0x00000000000020a4       0x79 hal_bsp//libhal_bsp.a(alt_do_dtors.o)
 .debug_abbrev  0x000000000000211d       0x5a hal_bsp//libhal_bsp.a(alt_errno.o)
 .debug_abbrev  0x0000000000002177       0x42 hal_bsp//libhal_bsp.a(alt_icache_flush_all.o)
 .debug_abbrev  0x00000000000021b9      0x163 hal_bsp//libhal_bsp.a(alt_iic.o)
 .debug_abbrev  0x000000000000231c      0x169 hal_bsp//libhal_bsp.a(alt_iic_isr_register.o)
 .debug_abbrev  0x0000000000002485      0x114 hal_bsp//libhal_bsp.a(alt_io_redirect.o)
 .debug_abbrev  0x0000000000002599       0x12 hal_bsp//libhal_bsp.a(alt_irq_entry.o)
 .debug_abbrev  0x00000000000025ab      0x122 hal_bsp//libhal_bsp.a(alt_irq_handler.o)
 .debug_abbrev  0x00000000000026cd       0x40 hal_bsp//libhal_bsp.a(alt_irq_vars.o)
 .debug_abbrev  0x000000000000270d      0x148 hal_bsp//libhal_bsp.a(alt_open.o)
 .debug_abbrev  0x0000000000002855       0xde hal_bsp//libhal_bsp.a(alt_release_fd.o)
 .debug_abbrev  0x0000000000002933      0x15a hal_bsp//libhal_bsp.a(alt_tick.o)
 .debug_abbrev  0x0000000000002a8d       0x42 hal_bsp//libhal_bsp.a(altera_nios2_gen2_irq.o)
 .debug_abbrev  0x0000000000002acf       0x12 hal_bsp//libhal_bsp.a(alt_exception_entry.o)
 .debug_abbrev  0x0000000000002ae1       0xf0 hal_bsp//libhal_bsp.a(alt_find_dev.o)
 .debug_abbrev  0x0000000000002bd1       0xf0 hal_bsp//libhal_bsp.a(alt_find_file.o)
 .debug_abbrev  0x0000000000002cc1      0x10d hal_bsp//libhal_bsp.a(alt_get_fd.o)
 .debug_abbrev  0x0000000000002dce       0xd1 hal_bsp//libhal_bsp.a(alt_instruction_exception_entry.o)
 .debug_abbrev  0x0000000000002e9f       0xb8 /home/pp/altera/15.0/nios2eds/bin/gnu/H-x86_64-pc-linux-gnu/bin/../lib/gcc/nios2-elf/4.9.1/../../../../../H-x86_64-pc-linux-gnu/nios2-elf/lib/mno-hw-mul/libsmallc.a(lib_a-atexit.o)
 .debug_abbrev  0x0000000000002f57       0xa9 /home/pp/altera/15.0/nios2eds/bin/gnu/H-x86_64-pc-linux-gnu/bin/../lib/gcc/nios2-elf/4.9.1/../../../../../H-x86_64-pc-linux-gnu/nios2-elf/lib/mno-hw-mul/libsmallc.a(lib_a-exit.o)
 .debug_abbrev  0x0000000000003000       0x7f /home/pp/altera/15.0/nios2eds/bin/gnu/H-x86_64-pc-linux-gnu/bin/../lib/gcc/nios2-elf/4.9.1/../../../../../H-x86_64-pc-linux-gnu/nios2-elf/lib/mno-hw-mul/libsmallc.a(lib_a-memcmp.o)
 .debug_abbrev  0x000000000000307f      0x1f5 /home/pp/altera/15.0/nios2eds/bin/gnu/H-x86_64-pc-linux-gnu/bin/../lib/gcc/nios2-elf/4.9.1/../../../../../H-x86_64-pc-linux-gnu/nios2-elf/lib/mno-hw-mul/libsmallc.a(lib_a-__atexit.o)
 .debug_abbrev  0x0000000000003274      0x1e9 /home/pp/altera/15.0/nios2eds/bin/gnu/H-x86_64-pc-linux-gnu/bin/../lib/gcc/nios2-elf/4.9.1/../../../../../H-x86_64-pc-linux-gnu/nios2-elf/lib/mno-hw-mul/libsmallc.a(lib_a-__call_atexit.o)
 .debug_abbrev  0x000000000000345d       0xa6 hal_bsp//libhal_bsp.a(alt_exit.o)

.debug_line     0x0000000000000000     0x3986
 *(.debug_line)
 .debug_line    0x0000000000000000       0x66 hal_bsp//obj/HAL/src/crt0.o
 .debug_line    0x0000000000000066      0x1c9 obj/default/main.o
 .debug_line    0x000000000000022f       0xc7 /home/pp/altera/15.0/nios2eds/bin/gnu/H-x86_64-pc-linux-gnu/bin/../lib/gcc/nios2-elf/4.9.1/mno-hw-mul/libgcc.a(lib2-divmod.o)
 .debug_line    0x00000000000002f6      0x1fd /home/pp/altera/15.0/nios2eds/bin/gnu/H-x86_64-pc-linux-gnu/bin/../lib/gcc/nios2-elf/4.9.1/../../../../../H-x86_64-pc-linux-gnu/nios2-elf/lib/mno-hw-mul/libsmallc.a(lib_a-printf.o)
 .debug_line    0x00000000000004f3      0x1de /home/pp/altera/15.0/nios2eds/bin/gnu/H-x86_64-pc-linux-gnu/bin/../lib/gcc/nios2-elf/4.9.1/../../../../../H-x86_64-pc-linux-gnu/nios2-elf/lib/mno-hw-mul/libsmallc.a(lib_a-putchar.o)
 .debug_line    0x00000000000006d1      0x1ff /home/pp/altera/15.0/nios2eds/bin/gnu/H-x86_64-pc-linux-gnu/bin/../lib/gcc/nios2-elf/4.9.1/../../../../../H-x86_64-pc-linux-gnu/nios2-elf/lib/mno-hw-mul/libsmallc.a(lib_a-puts.o)
 .debug_line    0x00000000000008d0       0xe4 /home/pp/altera/15.0/nios2eds/bin/gnu/H-x86_64-pc-linux-gnu/bin/../lib/gcc/nios2-elf/4.9.1/../../../../../H-x86_64-pc-linux-gnu/nios2-elf/lib/mno-hw-mul/libsmallc.a(lib_a-rand.o)
 .debug_line    0x00000000000009b4      0x15e /home/pp/altera/15.0/nios2eds/bin/gnu/H-x86_64-pc-linux-gnu/bin/../lib/gcc/nios2-elf/4.9.1/../../../../../H-x86_64-pc-linux-gnu/nios2-elf/lib/mno-hw-mul/libsmallc.a(lib_a-strlen.o)
 .debug_line    0x0000000000000b12      0x34d /home/pp/altera/15.0/nios2eds/bin/gnu/H-x86_64-pc-linux-gnu/bin/../lib/gcc/nios2-elf/4.9.1/../../../../../H-x86_64-pc-linux-gnu/nios2-elf/lib/mno-hw-mul/libsmallc.a(lib_a-vfprintf.o)
 .debug_line    0x0000000000000e5f      0x1f5 /home/pp/altera/15.0/nios2eds/bin/gnu/H-x86_64-pc-linux-gnu/bin/../lib/gcc/nios2-elf/4.9.1/../../../../../H-x86_64-pc-linux-gnu/nios2-elf/lib/mno-hw-mul/libsmallc.a(lib_a-fvwrite_small_dev.o)
 .debug_line    0x0000000000001054      0x158 /home/pp/altera/15.0/nios2eds/bin/gnu/H-x86_64-pc-linux-gnu/bin/../lib/gcc/nios2-elf/4.9.1/../../../../../H-x86_64-pc-linux-gnu/nios2-elf/lib/mno-hw-mul/libsmallc.a(lib_a-impure.o)
 .debug_line    0x00000000000011ac      0x1f8 /home/pp/altera/15.0/nios2eds/bin/gnu/H-x86_64-pc-linux-gnu/bin/../lib/gcc/nios2-elf/4.9.1/../../../../../H-x86_64-pc-linux-gnu/nios2-elf/lib/mno-hw-mul/libsmallc.a(lib_a-putc.o)
 .debug_line    0x00000000000013a4      0x1f0 /home/pp/altera/15.0/nios2eds/bin/gnu/H-x86_64-pc-linux-gnu/bin/../lib/gcc/nios2-elf/4.9.1/../../../../../H-x86_64-pc-linux-gnu/nios2-elf/lib/mno-hw-mul/libsmallc.a(lib_a-writer.o)
 .debug_line    0x0000000000001594       0x60 /home/pp/altera/15.0/nios2eds/bin/gnu/H-x86_64-pc-linux-gnu/bin/../lib/gcc/nios2-elf/4.9.1/../../../../../H-x86_64-pc-linux-gnu/nios2-elf/lib/mno-hw-mul/libsmallc.a(lib_a-int_errno.o)
 .debug_line    0x00000000000015f4       0xa1 /home/pp/altera/15.0/nios2eds/bin/gnu/H-x86_64-pc-linux-gnu/bin/../lib/gcc/nios2-elf/4.9.1/mno-hw-mul/libgcc.a(_muldi3.o)
 .debug_line    0x0000000000001695       0x80 /home/pp/altera/15.0/nios2eds/bin/gnu/H-x86_64-pc-linux-gnu/bin/../lib/gcc/nios2-elf/4.9.1/mno-hw-mul/libgcc.a(lib2-mul.o)
 .debug_line    0x0000000000001715       0x8d hal_bsp//libhal_bsp.a(alt_load.o)
 .debug_line    0x00000000000017a2       0xa4 hal_bsp//libhal_bsp.a(alt_main.o)
 .debug_line    0x0000000000001846      0x1e2 hal_bsp//libhal_bsp.a(alt_write.o)
 .debug_line    0x0000000000001a28      0x144 hal_bsp//libhal_bsp.a(alt_sys_init.o)
 .debug_line    0x0000000000001b6c      0x112 hal_bsp//libhal_bsp.a(altera_avalon_jtag_uart_fd.o)
 .debug_line    0x0000000000001c7e       0xff hal_bsp//libhal_bsp.a(altera_avalon_jtag_uart_read.o)
 .debug_line    0x0000000000001d7d       0xf4 hal_bsp//libhal_bsp.a(altera_avalon_jtag_uart_write.o)
 .debug_line    0x0000000000001e71       0xfd hal_bsp//libhal_bsp.a(altera_avalon_timer_sc.o)
 .debug_line    0x0000000000001f6e       0xdd hal_bsp//libhal_bsp.a(altera_avalon_timer_ts.o)
 .debug_line    0x000000000000204b       0x8a hal_bsp//libhal_bsp.a(altera_avalon_timer_vars.o)
 .debug_line    0x00000000000020d5      0x169 hal_bsp//libhal_bsp.a(alt_close.o)
 .debug_line    0x000000000000223e       0x51 hal_bsp//libhal_bsp.a(alt_dcache_flush_all.o)
 .debug_line    0x000000000000228f       0xfb hal_bsp//libhal_bsp.a(alt_dev.o)
 .debug_line    0x000000000000238a       0xd0 hal_bsp//libhal_bsp.a(alt_dev_llist_insert.o)
 .debug_line    0x000000000000245a       0x59 hal_bsp//libhal_bsp.a(alt_do_ctors.o)
 .debug_line    0x00000000000024b3       0x59 hal_bsp//libhal_bsp.a(alt_do_dtors.o)
 .debug_line    0x000000000000250c       0x51 hal_bsp//libhal_bsp.a(alt_errno.o)
 .debug_line    0x000000000000255d       0x4f hal_bsp//libhal_bsp.a(alt_icache_flush_all.o)
 .debug_line    0x00000000000025ac       0xef hal_bsp//libhal_bsp.a(alt_iic.o)
 .debug_line    0x000000000000269b       0xdb hal_bsp//libhal_bsp.a(alt_iic_isr_register.o)
 .debug_line    0x0000000000002776      0x138 hal_bsp//libhal_bsp.a(alt_io_redirect.o)
 .debug_line    0x00000000000028ae       0x6b hal_bsp//libhal_bsp.a(alt_irq_entry.o)
 .debug_line    0x0000000000002919       0xaa hal_bsp//libhal_bsp.a(alt_irq_handler.o)
 .debug_line    0x00000000000029c3       0x50 hal_bsp//libhal_bsp.a(alt_irq_vars.o)
 .debug_line    0x0000000000002a13      0x12d hal_bsp//libhal_bsp.a(alt_open.o)
 .debug_line    0x0000000000002b40       0xb0 hal_bsp//libhal_bsp.a(alt_release_fd.o)
 .debug_line    0x0000000000002bf0       0xfe hal_bsp//libhal_bsp.a(alt_tick.o)
 .debug_line    0x0000000000002cee       0x51 hal_bsp//libhal_bsp.a(altera_nios2_gen2_irq.o)
 .debug_line    0x0000000000002d3f       0xb3 hal_bsp//libhal_bsp.a(alt_exception_entry.o)
 .debug_line    0x0000000000002df2       0xb5 hal_bsp//libhal_bsp.a(alt_find_dev.o)
 .debug_line    0x0000000000002ea7       0xd1 hal_bsp//libhal_bsp.a(alt_find_file.o)
 .debug_line    0x0000000000002f78       0xd8 hal_bsp//libhal_bsp.a(alt_get_fd.o)
 .debug_line    0x0000000000003050       0xb9 hal_bsp//libhal_bsp.a(alt_instruction_exception_entry.o)
 .debug_line    0x0000000000003109       0xea /home/pp/altera/15.0/nios2eds/bin/gnu/H-x86_64-pc-linux-gnu/bin/../lib/gcc/nios2-elf/4.9.1/../../../../../H-x86_64-pc-linux-gnu/nios2-elf/lib/mno-hw-mul/libsmallc.a(lib_a-atexit.o)
 .debug_line    0x00000000000031f3      0x15a /home/pp/altera/15.0/nios2eds/bin/gnu/H-x86_64-pc-linux-gnu/bin/../lib/gcc/nios2-elf/4.9.1/../../../../../H-x86_64-pc-linux-gnu/nios2-elf/lib/mno-hw-mul/libsmallc.a(lib_a-exit.o)
 .debug_line    0x000000000000334d      0x162 /home/pp/altera/15.0/nios2eds/bin/gnu/H-x86_64-pc-linux-gnu/bin/../lib/gcc/nios2-elf/4.9.1/../../../../../H-x86_64-pc-linux-gnu/nios2-elf/lib/mno-hw-mul/libsmallc.a(lib_a-memcmp.o)
 .debug_line    0x00000000000034af      0x214 /home/pp/altera/15.0/nios2eds/bin/gnu/H-x86_64-pc-linux-gnu/bin/../lib/gcc/nios2-elf/4.9.1/../../../../../H-x86_64-pc-linux-gnu/nios2-elf/lib/mno-hw-mul/libsmallc.a(lib_a-__atexit.o)
 .debug_line    0x00000000000036c3      0x252 /home/pp/altera/15.0/nios2eds/bin/gnu/H-x86_64-pc-linux-gnu/bin/../lib/gcc/nios2-elf/4.9.1/../../../../../H-x86_64-pc-linux-gnu/nios2-elf/lib/mno-hw-mul/libsmallc.a(lib_a-__call_atexit.o)
 .debug_line    0x0000000000003915       0x71 hal_bsp//libhal_bsp.a(alt_exit.o)

.debug_frame    0x0000000000000000      0xf88
 *(.debug_frame)
 .debug_frame   0x0000000000000000      0x22c obj/default/main.o
 .debug_frame   0x000000000000022c       0x8c /home/pp/altera/15.0/nios2eds/bin/gnu/H-x86_64-pc-linux-gnu/bin/../lib/gcc/nios2-elf/4.9.1/mno-hw-mul/libgcc.a(lib2-divmod.o)
 .debug_frame   0x00000000000002b8       0x48 /home/pp/altera/15.0/nios2eds/bin/gnu/H-x86_64-pc-linux-gnu/bin/../lib/gcc/nios2-elf/4.9.1/../../../../../H-x86_64-pc-linux-gnu/nios2-elf/lib/mno-hw-mul/libsmallc.a(lib_a-printf.o)
 .debug_frame   0x0000000000000300       0x30 /home/pp/altera/15.0/nios2eds/bin/gnu/H-x86_64-pc-linux-gnu/bin/../lib/gcc/nios2-elf/4.9.1/../../../../../H-x86_64-pc-linux-gnu/nios2-elf/lib/mno-hw-mul/libsmallc.a(lib_a-putchar.o)
 .debug_frame   0x0000000000000330       0x48 /home/pp/altera/15.0/nios2eds/bin/gnu/H-x86_64-pc-linux-gnu/bin/../lib/gcc/nios2-elf/4.9.1/../../../../../H-x86_64-pc-linux-gnu/nios2-elf/lib/mno-hw-mul/libsmallc.a(lib_a-puts.o)
 .debug_frame   0x0000000000000378       0x40 /home/pp/altera/15.0/nios2eds/bin/gnu/H-x86_64-pc-linux-gnu/bin/../lib/gcc/nios2-elf/4.9.1/../../../../../H-x86_64-pc-linux-gnu/nios2-elf/lib/mno-hw-mul/libsmallc.a(lib_a-rand.o)
 .debug_frame   0x00000000000003b8       0x20 /home/pp/altera/15.0/nios2eds/bin/gnu/H-x86_64-pc-linux-gnu/bin/../lib/gcc/nios2-elf/4.9.1/../../../../../H-x86_64-pc-linux-gnu/nios2-elf/lib/mno-hw-mul/libsmallc.a(lib_a-strlen.o)
 .debug_frame   0x00000000000003d8       0x8c /home/pp/altera/15.0/nios2eds/bin/gnu/H-x86_64-pc-linux-gnu/bin/../lib/gcc/nios2-elf/4.9.1/../../../../../H-x86_64-pc-linux-gnu/nios2-elf/lib/mno-hw-mul/libsmallc.a(lib_a-vfprintf.o)
 .debug_frame   0x0000000000000464       0x40 /home/pp/altera/15.0/nios2eds/bin/gnu/H-x86_64-pc-linux-gnu/bin/../lib/gcc/nios2-elf/4.9.1/../../../../../H-x86_64-pc-linux-gnu/nios2-elf/lib/mno-hw-mul/libsmallc.a(lib_a-fvwrite_small_dev.o)
 .debug_frame   0x00000000000004a4       0x50 /home/pp/altera/15.0/nios2eds/bin/gnu/H-x86_64-pc-linux-gnu/bin/../lib/gcc/nios2-elf/4.9.1/../../../../../H-x86_64-pc-linux-gnu/nios2-elf/lib/mno-hw-mul/libsmallc.a(lib_a-putc.o)
 .debug_frame   0x00000000000004f4       0x38 /home/pp/altera/15.0/nios2eds/bin/gnu/H-x86_64-pc-linux-gnu/bin/../lib/gcc/nios2-elf/4.9.1/../../../../../H-x86_64-pc-linux-gnu/nios2-elf/lib/mno-hw-mul/libsmallc.a(lib_a-writer.o)
 .debug_frame   0x000000000000052c       0x54 /home/pp/altera/15.0/nios2eds/bin/gnu/H-x86_64-pc-linux-gnu/bin/../lib/gcc/nios2-elf/4.9.1/mno-hw-mul/libgcc.a(_muldi3.o)
 .debug_frame   0x0000000000000580       0x20 /home/pp/altera/15.0/nios2eds/bin/gnu/H-x86_64-pc-linux-gnu/bin/../lib/gcc/nios2-elf/4.9.1/mno-hw-mul/libgcc.a(lib2-mul.o)
 .debug_frame   0x00000000000005a0       0x5c hal_bsp//libhal_bsp.a(alt_load.o)
 .debug_frame   0x00000000000005fc       0x2c hal_bsp//libhal_bsp.a(alt_main.o)
 .debug_frame   0x0000000000000628       0x60 hal_bsp//libhal_bsp.a(alt_write.o)
 .debug_frame   0x0000000000000688       0x88 hal_bsp//libhal_bsp.a(alt_sys_init.o)
 .debug_frame   0x0000000000000710       0x60 hal_bsp//libhal_bsp.a(altera_avalon_jtag_uart_fd.o)
 .debug_frame   0x0000000000000770       0x34 hal_bsp//libhal_bsp.a(altera_avalon_jtag_uart_read.o)
 .debug_frame   0x00000000000007a4       0x34 hal_bsp//libhal_bsp.a(altera_avalon_jtag_uart_write.o)
 .debug_frame   0x00000000000007d8       0x60 hal_bsp//libhal_bsp.a(altera_avalon_timer_sc.o)
 .debug_frame   0x0000000000000838       0x7c hal_bsp//libhal_bsp.a(altera_avalon_timer_ts.o)
 .debug_frame   0x00000000000008b4       0x60 hal_bsp//libhal_bsp.a(alt_close.o)
 .debug_frame   0x0000000000000914       0x34 hal_bsp//libhal_bsp.a(alt_dcache_flush_all.o)
 .debug_frame   0x0000000000000948       0x34 hal_bsp//libhal_bsp.a(alt_dev.o)
 .debug_frame   0x000000000000097c       0x60 hal_bsp//libhal_bsp.a(alt_dev_llist_insert.o)
 .debug_frame   0x00000000000009dc       0x38 hal_bsp//libhal_bsp.a(alt_do_ctors.o)
 .debug_frame   0x0000000000000a14       0x38 hal_bsp//libhal_bsp.a(alt_do_dtors.o)
 .debug_frame   0x0000000000000a4c       0x34 hal_bsp//libhal_bsp.a(alt_icache_flush_all.o)
 .debug_frame   0x0000000000000a80       0xa4 hal_bsp//libhal_bsp.a(alt_iic.o)
 .debug_frame   0x0000000000000b24       0x38 hal_bsp//libhal_bsp.a(alt_iic_isr_register.o)
 .debug_frame   0x0000000000000b5c       0x64 hal_bsp//libhal_bsp.a(alt_io_redirect.o)
 .debug_frame   0x0000000000000bc0       0x38 hal_bsp//libhal_bsp.a(alt_irq_handler.o)
 .debug_frame   0x0000000000000bf8       0x8c hal_bsp//libhal_bsp.a(alt_open.o)
 .debug_frame   0x0000000000000c84       0x3c hal_bsp//libhal_bsp.a(alt_release_fd.o)
 .debug_frame   0x0000000000000cc0       0x5c hal_bsp//libhal_bsp.a(alt_tick.o)
 .debug_frame   0x0000000000000d1c       0x34 hal_bsp//libhal_bsp.a(altera_nios2_gen2_irq.o)
 .debug_frame   0x0000000000000d50       0x38 hal_bsp//libhal_bsp.a(alt_find_dev.o)
 .debug_frame   0x0000000000000d88       0x38 hal_bsp//libhal_bsp.a(alt_find_file.o)
 .debug_frame   0x0000000000000dc0       0x3c hal_bsp//libhal_bsp.a(alt_get_fd.o)
 .debug_frame   0x0000000000000dfc       0x5c hal_bsp//libhal_bsp.a(alt_instruction_exception_entry.o)
 .debug_frame   0x0000000000000e58       0x20 /home/pp/altera/15.0/nios2eds/bin/gnu/H-x86_64-pc-linux-gnu/bin/../lib/gcc/nios2-elf/4.9.1/../../../../../H-x86_64-pc-linux-gnu/nios2-elf/lib/mno-hw-mul/libsmallc.a(lib_a-atexit.o)
 .debug_frame   0x0000000000000e78       0x28 /home/pp/altera/15.0/nios2eds/bin/gnu/H-x86_64-pc-linux-gnu/bin/../lib/gcc/nios2-elf/4.9.1/../../../../../H-x86_64-pc-linux-gnu/nios2-elf/lib/mno-hw-mul/libsmallc.a(lib_a-exit.o)
 .debug_frame   0x0000000000000ea0       0x20 /home/pp/altera/15.0/nios2eds/bin/gnu/H-x86_64-pc-linux-gnu/bin/../lib/gcc/nios2-elf/4.9.1/../../../../../H-x86_64-pc-linux-gnu/nios2-elf/lib/mno-hw-mul/libsmallc.a(lib_a-memcmp.o)
 .debug_frame   0x0000000000000ec0       0x48 /home/pp/altera/15.0/nios2eds/bin/gnu/H-x86_64-pc-linux-gnu/bin/../lib/gcc/nios2-elf/4.9.1/../../../../../H-x86_64-pc-linux-gnu/nios2-elf/lib/mno-hw-mul/libsmallc.a(lib_a-__atexit.o)
 .debug_frame   0x0000000000000f08       0x54 /home/pp/altera/15.0/nios2eds/bin/gnu/H-x86_64-pc-linux-gnu/bin/../lib/gcc/nios2-elf/4.9.1/../../../../../H-x86_64-pc-linux-gnu/nios2-elf/lib/mno-hw-mul/libsmallc.a(lib_a-__call_atexit.o)
 .debug_frame   0x0000000000000f5c       0x2c hal_bsp//libhal_bsp.a(alt_exit.o)

.debug_str      0x0000000000000000     0x2033
 *(.debug_str)
 .debug_str     0x0000000000000000      0x1b0 obj/default/main.o
                                        0x201 (size before relaxing)
 .debug_str     0x00000000000001b0      0x186 /home/pp/altera/15.0/nios2eds/bin/gnu/H-x86_64-pc-linux-gnu/bin/../lib/gcc/nios2-elf/4.9.1/mno-hw-mul/libgcc.a(lib2-divmod.o)
                                        0x1d1 (size before relaxing)
 .debug_str     0x0000000000000336      0x3f2 /home/pp/altera/15.0/nios2eds/bin/gnu/H-x86_64-pc-linux-gnu/bin/../lib/gcc/nios2-elf/4.9.1/../../../../../H-x86_64-pc-linux-gnu/nios2-elf/lib/mno-hw-mul/libsmallc.a(lib_a-printf.o)
                                        0x4ce (size before relaxing)
 .debug_str     0x0000000000000728       0x59 /home/pp/altera/15.0/nios2eds/bin/gnu/H-x86_64-pc-linux-gnu/bin/../lib/gcc/nios2-elf/4.9.1/../../../../../H-x86_64-pc-linux-gnu/nios2-elf/lib/mno-hw-mul/libsmallc.a(lib_a-putchar.o)
                                        0x485 (size before relaxing)
 .debug_str     0x0000000000000781       0x64 /home/pp/altera/15.0/nios2eds/bin/gnu/H-x86_64-pc-linux-gnu/bin/../lib/gcc/nios2-elf/4.9.1/../../../../../H-x86_64-pc-linux-gnu/nios2-elf/lib/mno-hw-mul/libsmallc.a(lib_a-puts.o)
                                        0x492 (size before relaxing)
 .debug_str     0x00000000000007e5       0xe2 /home/pp/altera/15.0/nios2eds/bin/gnu/H-x86_64-pc-linux-gnu/bin/../lib/gcc/nios2-elf/4.9.1/../../../../../H-x86_64-pc-linux-gnu/nios2-elf/lib/mno-hw-mul/libsmallc.a(lib_a-rand.o)
                                        0x1ae (size before relaxing)
 .debug_str     0x00000000000008c7       0xd4 /home/pp/altera/15.0/nios2eds/bin/gnu/H-x86_64-pc-linux-gnu/bin/../lib/gcc/nios2-elf/4.9.1/../../../../../H-x86_64-pc-linux-gnu/nios2-elf/lib/mno-hw-mul/libsmallc.a(lib_a-strlen.o)
                                        0x1aa (size before relaxing)
 .debug_str     0x000000000000099b      0x1ce /home/pp/altera/15.0/nios2eds/bin/gnu/H-x86_64-pc-linux-gnu/bin/../lib/gcc/nios2-elf/4.9.1/../../../../../H-x86_64-pc-linux-gnu/nios2-elf/lib/mno-hw-mul/libsmallc.a(lib_a-vfprintf.o)
                                        0x65c (size before relaxing)
 .debug_str     0x0000000000000b69       0x6d /home/pp/altera/15.0/nios2eds/bin/gnu/H-x86_64-pc-linux-gnu/bin/../lib/gcc/nios2-elf/4.9.1/../../../../../H-x86_64-pc-linux-gnu/nios2-elf/lib/mno-hw-mul/libsmallc.a(lib_a-fvwrite_small_dev.o)
                                        0x4a9 (size before relaxing)
 .debug_str     0x0000000000000bd6       0xf1 /home/pp/altera/15.0/nios2eds/bin/gnu/H-x86_64-pc-linux-gnu/bin/../lib/gcc/nios2-elf/4.9.1/../../../../../H-x86_64-pc-linux-gnu/nios2-elf/lib/mno-hw-mul/libsmallc.a(lib_a-impure.o)
                                        0x483 (size before relaxing)
 .debug_str     0x0000000000000cc7       0x47 /home/pp/altera/15.0/nios2eds/bin/gnu/H-x86_64-pc-linux-gnu/bin/../lib/gcc/nios2-elf/4.9.1/../../../../../H-x86_64-pc-linux-gnu/nios2-elf/lib/mno-hw-mul/libsmallc.a(lib_a-putc.o)
                                        0x490 (size before relaxing)
 .debug_str     0x0000000000000d0e       0x3d /home/pp/altera/15.0/nios2eds/bin/gnu/H-x86_64-pc-linux-gnu/bin/../lib/gcc/nios2-elf/4.9.1/../../../../../H-x86_64-pc-linux-gnu/nios2-elf/lib/mno-hw-mul/libsmallc.a(lib_a-writer.o)
                                        0x47d (size before relaxing)
 .debug_str     0x0000000000000d4b       0x40 /home/pp/altera/15.0/nios2eds/bin/gnu/H-x86_64-pc-linux-gnu/bin/../lib/gcc/nios2-elf/4.9.1/../../../../../H-x86_64-pc-linux-gnu/nios2-elf/lib/mno-hw-mul/libsmallc.a(lib_a-int_errno.o)
                                        0x19d (size before relaxing)
 .debug_str     0x0000000000000d8b       0x94 /home/pp/altera/15.0/nios2eds/bin/gnu/H-x86_64-pc-linux-gnu/bin/../lib/gcc/nios2-elf/4.9.1/mno-hw-mul/libgcc.a(_muldi3.o)
                                        0x218 (size before relaxing)
 .debug_str     0x0000000000000e1f       0x40 /home/pp/altera/15.0/nios2eds/bin/gnu/H-x86_64-pc-linux-gnu/bin/../lib/gcc/nios2-elf/4.9.1/mno-hw-mul/libgcc.a(lib2-mul.o)
                                        0x192 (size before relaxing)
 .debug_str     0x0000000000000e5f      0x13c hal_bsp//libhal_bsp.a(alt_load.o)
                                        0x206 (size before relaxing)
 .debug_str     0x0000000000000f9b       0x44 hal_bsp//libhal_bsp.a(alt_main.o)
                                        0x191 (size before relaxing)
 .debug_str     0x0000000000000fdf      0x15f hal_bsp//libhal_bsp.a(alt_write.o)
                                        0x2ec (size before relaxing)
 .debug_str     0x000000000000113e      0x138 hal_bsp//libhal_bsp.a(alt_sys_init.o)
                                        0x300 (size before relaxing)
 .debug_str     0x0000000000001276       0x77 hal_bsp//libhal_bsp.a(altera_avalon_jtag_uart_fd.o)
                                        0x2c9 (size before relaxing)
 .debug_str     0x00000000000012ed       0x48 hal_bsp//libhal_bsp.a(altera_avalon_jtag_uart_read.o)
                                        0x213 (size before relaxing)
 .debug_str     0x0000000000001335       0x4a hal_bsp//libhal_bsp.a(altera_avalon_jtag_uart_write.o)
                                        0x209 (size before relaxing)
 .debug_str     0x000000000000137f       0xb6 hal_bsp//libhal_bsp.a(altera_avalon_timer_sc.o)
                                        0x23f (size before relaxing)
 .debug_str     0x0000000000001435       0x66 hal_bsp//libhal_bsp.a(altera_avalon_timer_ts.o)
                                        0x1f8 (size before relaxing)
 .debug_str     0x000000000000149b       0x27 hal_bsp//libhal_bsp.a(altera_avalon_timer_vars.o)
                                        0x1ad (size before relaxing)
 .debug_str     0x00000000000014c2       0x1b hal_bsp//libhal_bsp.a(alt_close.o)
                                        0x1ff (size before relaxing)
 .debug_str     0x00000000000014dd       0x34 hal_bsp//libhal_bsp.a(alt_dcache_flush_all.o)
                                        0x149 (size before relaxing)
 .debug_str     0x0000000000001511       0x50 hal_bsp//libhal_bsp.a(alt_dev.o)
                                        0x2f9 (size before relaxing)
 .debug_str     0x0000000000001561       0x45 hal_bsp//libhal_bsp.a(alt_dev_llist_insert.o)
                                        0x1c0 (size before relaxing)
 .debug_str     0x00000000000015a6       0x48 hal_bsp//libhal_bsp.a(alt_do_ctors.o)
                                         0xd0 (size before relaxing)
 .debug_str     0x00000000000015ee       0x4c hal_bsp//libhal_bsp.a(alt_do_dtors.o)
                                         0xcf (size before relaxing)
 .debug_str     0x000000000000163a       0x14 hal_bsp//libhal_bsp.a(alt_errno.o)
                                        0x139 (size before relaxing)
 .debug_str     0x000000000000164e       0x34 hal_bsp//libhal_bsp.a(alt_icache_flush_all.o)
                                        0x149 (size before relaxing)
 .debug_str     0x0000000000001682       0xc4 hal_bsp//libhal_bsp.a(alt_iic.o)
                                        0x232 (size before relaxing)
 .debug_str     0x0000000000001746       0x4c hal_bsp//libhal_bsp.a(alt_iic_isr_register.o)
                                        0x1dc (size before relaxing)
 .debug_str     0x0000000000001792       0x56 hal_bsp//libhal_bsp.a(alt_io_redirect.o)
                                        0x30a (size before relaxing)
 .debug_str     0x00000000000017e8       0x3a hal_bsp//libhal_bsp.a(alt_irq_handler.o)
                                        0x18b (size before relaxing)
 .debug_str     0x0000000000001822       0x17 hal_bsp//libhal_bsp.a(alt_irq_vars.o)
                                        0x13a (size before relaxing)
 .debug_str     0x0000000000001839       0x2f hal_bsp//libhal_bsp.a(alt_open.o)
                                        0x23f (size before relaxing)
 .debug_str     0x0000000000001868       0x28 hal_bsp//libhal_bsp.a(alt_release_fd.o)
                                        0x1d3 (size before relaxing)
 .debug_str     0x0000000000001890       0x78 hal_bsp//libhal_bsp.a(alt_tick.o)
                                        0x246 (size before relaxing)
 .debug_str     0x0000000000001908       0x3b hal_bsp//libhal_bsp.a(altera_nios2_gen2_irq.o)
                                        0x150 (size before relaxing)
 .debug_str     0x0000000000001943       0x24 hal_bsp//libhal_bsp.a(alt_find_dev.o)
                                        0x1e0 (size before relaxing)
 .debug_str     0x0000000000001967       0x26 hal_bsp//libhal_bsp.a(alt_find_file.o)
                                        0x1ee (size before relaxing)
 .debug_str     0x000000000000198d       0x30 hal_bsp//libhal_bsp.a(alt_get_fd.o)
                                        0x210 (size before relaxing)
 .debug_str     0x00000000000019bd      0x48b hal_bsp//libhal_bsp.a(alt_instruction_exception_entry.o)
                                        0x593 (size before relaxing)
 .debug_str     0x0000000000001e48       0x82 /home/pp/altera/15.0/nios2eds/bin/gnu/H-x86_64-pc-linux-gnu/bin/../lib/gcc/nios2-elf/4.9.1/../../../../../H-x86_64-pc-linux-gnu/nios2-elf/lib/mno-hw-mul/libsmallc.a(lib_a-atexit.o)
                                        0x1e1 (size before relaxing)